          <idle>-0     (-----) [001] ..s2  3005.150682: softirq_exit: vec=7 [action=SCHED]
          <idle>-0     (-----) [001] ..s2  3005.150684: softirq_entry: vec=9 [action=RCU]
          <idle>-0     (-----) [000] dNh5  3005.150687: sched_wakeup: comm=file-storage pid=1238 prio=120 success=1 target_cpu=000
          <idle>-0     (-----) [001] ..s2  3005.150691: softirq_exit: vec=9 [action=RCU]
          <idle>-0     (-----) [000] dNh2  3005.150692: irq_handler_exit: irq=107 ret=handled
          <idle>-0     (-----) [000] d..3  3005.150706: sched_switch: prev_comm=swapper/0 prev_pid=0 prev_prio=120 prev_state=R ==> next_comm=file-storage next_pid=1238 next_prio=120
    file-storage-1238  ( 1238) [000] d..3  3005.150714: sched_switch: prev_comm=file-storage prev_pid=1238 prev_prio=120 prev_state=S ==> next_comm=swapper/0 next_pid=0 next_prio=120
          <idle>-0     (-----) [002] ..s2  3005.150737: softirq_exit: vec=9 [action=RCU]
          <idle>-0     (-----) [000] d.h2  3005.150788: irq_handler_entry: irq=107 name=sunxi_usb_udc
          <idle>-0     (-----) [000] d.h2  3005.150794: irq_handler_exit: irq=107 ret=handled
          <idle>-0     (-----) [000] d.h2  3005.150997: irq_handler_entry: irq=107 name=sunxi_usb_udc
          <idle>-0     (-----) [000] dNh5  3005.151011: sched_wakeup: comm=file-storage pid=1238 prio=120 success=1 target_cpu=000
          <idle>-0     (-----) [000] dNh2  3005.151015: irq_handler_exit: irq=107 ret=handled
          <idle>-0     (-----) [000] d..3  3005.151025: sched_switch: prev_comm=swapper/0 prev_pid=0 prev_prio=120 prev_state=R ==> next_comm=file-storage next_pid=1238 next_prio=120
    file-storage-1238  ( 1238) [000] d..3  3005.151052: sched_switch: prev_comm=file-storage prev_pid=1238 prev_prio=120 prev_state=S ==> next_comm=swapper/0 next_pid=0 next_prio=120
          <idle>-0     (-----) [000] d.h2  3005.151170: irq_handler_entry: irq=107 name=sunxi_usb_udc
          <idle>-0     (-----) [000] d.h2  3005.151176: irq_handler_exit: irq=107 ret=handled
          <idle>-0     (-----) [000] d.h2  3005.151286: irq_handler_entry: irq=107 name=sunxi_usb_udc
          <idle>-0     (-----) [000] dNh5  3005.151300: sched_wakeup: comm=file-storage pid=1238 prio=120 success=1 target_cpu=000
          <idle>-0     (-----) [000] dNh2  3005.151304: irq_handler_exit: irq=107 ret=handled
          <idle>-0     (-----) [000] d..3  3005.151315: sched_switch: prev_comm=swapper/0 prev_pid=0 prev_prio=120 prev_state=R ==> next_comm=file-storage next_pid=1238 next_prio=120
    file-storage-1238  ( 1238) [000] d..3  3005.151342: sched_switch: prev_comm=file-storage prev_pid=1238 prev_prio=120 prev_state=S ==> next_comm=swapper/0 next_pid=0 next_prio=120
          <idle>-0     (-----) [000] d.h2  3005.151404: irq_handler_entry: irq=107 name=sunxi_usb_udc
          <idle>-0     (-----) [000] dNh5  3005.151420: sched_wakeup: comm=file-storage pid=1238 prio=120 success=1 target_cpu=000
          <idle>-0     (-----) [000] dNh2  3005.151424: irq_handler_exit: irq=107 ret=handled
          <idle>-0     (-----) [000] d..3  3005.151435: sched_switch: prev_comm=swapper/0 prev_pid=0 prev_prio=120 prev_state=R ==> next_comm=file-storage next_pid=1238 next_prio=120
    file-storage-1238  ( 1238) [000] d..3  3005.151442: sched_switch: prev_comm=file-storage prev_pid=1238 prev_prio=120 prev_state=S ==> next_comm=swapper/0 next_pid=0 next_prio=120
          <idle>-0     (-----) [000] d.h2  3005.151521: irq_handler_entry: irq=107 name=sunxi_usb_udc
          <idle>-0     (-----) [000] d.h2  3005.151527: irq_handler_exit: irq=107 ret=handled
          <idle>-0     (-----) [000] d.h2  3005.151702: irq_handler_entry: irq=107 name=sunxi_usb_udc
          <idle>-0     (-----) [000] dNh5  3005.151716: sched_wakeup: comm=file-storage pid=1238 prio=120 success=1 target_cpu=000
          <idle>-0     (-----) [000] dNh2  3005.151720: irq_handler_exit: irq=107 ret=handled
          <idle>-0     (-----) [000] d..3  3005.151730: sched_switch: prev_comm=swapper/0 prev_pid=0 prev_prio=120 prev_state=R ==> next_comm=file-storage next_pid=1238 next_prio=120
    file-storage-1238  ( 1238) [000] d..3  3005.151756: sched_switch: prev_comm=file-storage prev_pid=1238 prev_prio=120 prev_state=S ==> next_comm=swapper/0 next_pid=0 next_prio=120
          <idle>-0     (-----) [000] d.h2  3005.151777: irq_handler_entry: irq=107 name=sunxi_usb_udc
          <idle>-0     (-----) [000] d.h2  3005.151783: irq_handler_exit: irq=107 ret=handled
          <idle>-0     (-----) [000] d.h2  3005.152103: irq_handler_entry: irq=107 name=sunxi_usb_udc
          <idle>-0     (-----) [000] dNh5  3005.152116: sched_wakeup: comm=file-storage pid=1238 prio=120 success=1 target_cpu=000
          <idle>-0     (-----) [000] dNh2  3005.152120: irq_handler_exit: irq=107 ret=handled
          <idle>-0     (-----) [000] d..3  3005.152134: sched_switch: prev_comm=swapper/0 prev_pid=0 prev_prio=120 prev_state=R ==> next_comm=file-storage next_pid=1238 next_prio=120
    file-storage-1238  ( 1238) [000] d..3  3005.152163: sched_switch: prev_comm=file-storage prev_pid=1238 prev_prio=120 prev_state=S ==> next_comm=swapper/0 next_pid=0 next_prio=120
          <idle>-0     (-----) [000] d.h2  3005.152290: irq_handler_entry: irq=107 name=sunxi_usb_udc
          <idle>-0     (-----) [000] dNh5  3005.152307: sched_wakeup: comm=file-storage pid=1238 prio=120 success=1 target_cpu=000
          <idle>-0     (-----) [000] dNh2  3005.152311: irq_handler_exit: irq=107 ret=handled
          <idle>-0     (-----) [000] d..3  3005.152322: sched_switch: prev_comm=swapper/0 prev_pid=0 prev_prio=120 prev_state=R ==> next_comm=file-storage next_pid=1238 next_prio=120
    file-storage-1238  ( 1238) [000] d..3  3005.152329: sched_switch: prev_comm=file-storage prev_pid=1238 prev_prio=120 prev_state=S ==> next_comm=swapper/0 next_pid=0 next_prio=120
          <idle>-0     (-----) [000] d.h2  3005.152392: irq_handler_entry: irq=107 name=sunxi_usb_udc
          <idle>-0     (-----) [000] d.h2  3005.152397: irq_handler_exit: irq=107 ret=handled
          <idle>-0     (-----) [000] d.h2  3005.152591: irq_handler_entry: irq=107 name=sunxi_usb_udc
          <idle>-0     (-----) [000] dNh5  3005.152604: sched_wakeup: comm=file-storage pid=1238 prio=120 success=1 target_cpu=000
          <idle>-0     (-----) [000] dNh2  3005.152608: irq_handler_exit: irq=107 ret=handled
          <idle>-0     (-----) [000] d..3  3005.152619: sched_switch: prev_comm=swapper/0 prev_pid=0 prev_prio=120 prev_state=R ==> next_comm=file-storage next_pid=1238 next_prio=120
    file-storage-1238  ( 1238) [000] d..3  3005.152645: sched_switch: prev_comm=file-storage prev_pid=1238 prev_prio=120 prev_state=S ==> next_comm=swapper/0 next_pid=0 next_prio=120
          <idle>-0     (-----) [000] d.h2  3005.152760: irq_handler_entry: irq=107 name=sunxi_usb_udc
          <idle>-0     (-----) [000] dNh5  3005.152777: sched_wakeup: comm=file-storage pid=1238 prio=120 success=1 target_cpu=000
          <idle>-0     (-----) [000] dNh2  3005.152780: irq_handler_exit: irq=107 ret=handled
          <idle>-0     (-----) [000] d..3  3005.152791: sched_switch: prev_comm=swapper/0 prev_pid=0 prev_prio=120 prev_state=R ==> next_comm=file-storage next_pid=1238 next_prio=120
    file-storage-1238  ( 1238) [000] d..3  3005.152798: sched_switch: prev_comm=file-storage prev_pid=1238 prev_prio=120 prev_state=S ==> next_comm=swapper/0 next_pid=0 next_prio=120
          <idle>-0     (-----) [000] d.h2  3005.152880: irq_handler_entry: irq=107 name=sunxi_usb_udc
          <idle>-0     (-----) [000] d.h2  3005.152886: irq_handler_exit: irq=107 ret=handled
          <idle>-0     (-----) [000] d.h2  3005.153007: irq_handler_entry: irq=107 name=sunxi_usb_udc
          <idle>-0     (-----) [000] dNh5  3005.153021: sched_wakeup: comm=file-storage pid=1238 prio=120 success=1 target_cpu=000
          <idle>-0     (-----) [000] dNh2  3005.153025: irq_handler_exit: irq=107 ret=handled
          <idle>-0     (-----) [000] d..3  3005.153035: sched_switch: prev_comm=swapper/0 prev_pid=0 prev_prio=120 prev_state=R ==> next_comm=file-storage next_pid=1238 next_prio=120
    file-storage-1238  ( 1238) [000] d..3  3005.153063: sched_switch: prev_comm=file-storage prev_pid=1238 prev_prio=120 prev_state=S ==> next_comm=swapper/0 next_pid=0 next_prio=120
          <idle>-0     (-----) [000] d.h2  3005.153126: irq_handler_entry: irq=107 name=sunxi_usb_udc
          <idle>-0     (-----) [000] dNh5  3005.153142: sched_wakeup: comm=file-storage pid=1238 prio=120 success=1 target_cpu=000
          <idle>-0     (-----) [000] dNh2  3005.153146: irq_handler_exit: irq=107 ret=handled
          <idle>-0     (-----) [000] d..3  3005.153157: sched_switch: prev_comm=swapper/0 prev_pid=0 prev_prio=120 prev_state=R ==> next_comm=file-storage next_pid=1238 next_prio=120
    file-storage-1238  ( 1238) [000] d..3  3005.153164: sched_switch: prev_comm=file-storage prev_pid=1238 prev_prio=120 prev_state=S ==> next_comm=swapper/0 next_pid=0 next_prio=120
          <idle>-0     (-----) [000] d.h2  3005.153248: irq_handler_entry: irq=107 name=sunxi_usb_udc
          <idle>-0     (-----) [000] d.h2  3005.153254: irq_handler_exit: irq=107 ret=handled
          <idle>-0     (-----) [000] d.h2  3005.153508: irq_handler_entry: irq=107 name=sunxi_usb_udc
          <idle>-0     (-----) [000] dNh5  3005.153522: sched_wakeup: comm=file-storage pid=1238 prio=120 success=1 target_cpu=000
          <idle>-0     (-----) [000] dNh2  3005.153526: irq_handler_exit: irq=107 ret=handled
          <idle>-0     (-----) [000] d..3  3005.153537: sched_switch: prev_comm=swapper/0 prev_pid=0 prev_prio=120 prev_state=R ==> next_comm=file-storage next_pid=1238 next_prio=120
    file-storage-1238  ( 1238) [000] d..3  3005.153561: sched_switch: prev_comm=file-storage prev_pid=1238 prev_prio=120 prev_state=S ==> next_comm=swapper/0 next_pid=0 next_prio=120
          <idle>-0     (-----) [000] d.h2  3005.153645: irq_handler_entry: irq=107 name=sunxi_usb_udc
          <idle>-0     (-----) [000] d.h2  3005.153650: irq_handler_exit: irq=107 ret=handled
          <idle>-0     (-----) [000] d.h2  3005.154824: irq_handler_entry: irq=103 name=dispaly
          <idle>-0     (-----) [000] dNh4  3005.154874: sched_wakeup: comm=vsync proc 0 pid=496 prio=120 success=1 target_cpu=000
          <idle>-0     (-----) [000] dNh2  3005.154878: softirq_raise: vec=6 [action=TASKLET]
          <idle>-0     (-----) [000] dNh2  3005.154881: irq_handler_exit: irq=103 ret=handled
          <idle>-0     (-----) [000] .Ns2  3005.154885: softirq_entry: vec=6 [action=TASKLET]
          <idle>-0     (-----) [000] .Ns2  3005.154893: softirq_exit: vec=6 [action=TASKLET]
          <idle>-0     (-----) [000] d..3  3005.154904: sched_switch: prev_comm=swapper/0 prev_pid=0 prev_prio=120 prev_state=R ==> next_comm=vsync proc 0 next_pid=496 next_prio=120
    vsync proc 0-496   (  496) [000] d..4  3005.154968: sched_wakeup: comm=kworker/u12:0 pid=22560 prio=120 success=1 target_cpu=000
    vsync proc 0-496   (  496) [000] d..3  3005.154977: sched_switch: prev_comm=vsync proc 0 prev_pid=496 prev_prio=120 prev_state=D ==> next_comm=kworker/u12:0 next_pid=22560 next_prio=120
          <idle>-0     (-----) [001] d..3  3005.155068: sched_switch: prev_comm=swapper/1 prev_pid=0 prev_prio=120 prev_state=R ==> next_comm=kworker/u12:0 next_pid=22417 next_prio=120
   kworker/u12:0-22560 (22560) [000] d..3  3005.155078: sched_switch: prev_comm=kworker/u12:0 prev_pid=22560 prev_prio=120 prev_state=D|K ==> next_comm=swapper/0 next_pid=0 next_prio=120
           <...>-22417 (-----) [001] dN.4  3005.155132: sched_wakeup: comm=migration/1 pid=11 prio=0 success=1 target_cpu=001
           <...>-22417 (-----) [001] d..3  3005.155138: sched_switch: prev_comm=kworker/u12:0 prev_pid=22417 prev_prio=120 prev_state=R+ ==> next_comm=migration/1 next_pid=11 next_prio=0
          <idle>-0     (-----) [002] d..3  3005.155159: sched_switch: prev_comm=swapper/2 prev_pid=0 prev_prio=120 prev_state=R ==> next_comm=kworker/u12:0 next_pid=22417 next_prio=120
     migration/1-11    (   11) [001] d..3  3005.155166: sched_switch: prev_comm=migration/1 prev_pid=11 prev_prio=0 prev_state=S ==> next_comm=swapper/1 next_pid=0 next_prio=120
          <idle>-0     (-----) [000] dNh3  3005.155345: sched_wakeup: comm=kworker/u12:0 pid=22560 prio=120 success=1 target_cpu=000
          <idle>-0     (-----) [000] d..3  3005.155357: sched_switch: prev_comm=swapper/0 prev_pid=0 prev_prio=120 prev_state=R ==> next_comm=kworker/u12:0 next_pid=22560 next_prio=120
   kworker/u12:0-22560 (22560) [000] d..4  3005.155369: sched_wakeup: comm=vsync proc 0 pid=496 prio=120 success=1 target_cpu=000
   kworker/u12:0-22560 (22560) [000] d..3  3005.155381: sched_switch: prev_comm=kworker/u12:0 prev_pid=22560 prev_prio=120 prev_state=S ==> next_comm=vsync proc 0 next_pid=496 next_prio=120
    vsync proc 0-496   (  496) [000] d..3  3005.155399: sched_switch: prev_comm=vsync proc 0 prev_pid=496 prev_prio=120 prev_state=S ==> next_comm=swapper/0 next_pid=0 next_prio=120
          <idle>-0     (-----) [000] d.h2  3005.157184: irq_handler_entry: irq=107 name=sunxi_usb_udc
          <idle>-0     (-----) [000] dNh5  3005.157218: sched_wakeup: comm=file-storage pid=1238 prio=120 success=1 target_cpu=000
          <idle>-0     (-----) [000] dNh2  3005.157224: irq_handler_exit: irq=107 ret=handled
          <idle>-0     (-----) [000] d..3  3005.157249: sched_switch: prev_comm=swapper/0 prev_pid=0 prev_prio=120 prev_state=R ==> next_comm=file-storage next_pid=1238 next_prio=120
    file-storage-1238  ( 1238) [000] d..3  3005.157318: sched_switch: prev_comm=file-storage prev_pid=1238 prev_prio=120 prev_state=S ==> next_comm=swapper/0 next_pid=0 next_prio=120
          <idle>-0     (-----) [000] d.h2  3005.157339: irq_handler_entry: irq=107 name=sunxi_usb_udc
          <idle>-0     (-----) [000] dNh5  3005.157361: sched_wakeup: comm=file-storage pid=1238 prio=120 success=1 target_cpu=000
          <idle>-0     (-----) [000] dNh2  3005.157367: irq_handler_exit: irq=107 ret=handled
          <idle>-0     (-----) [000] d..3  3005.157382: sched_switch: prev_comm=swapper/0 prev_pid=0 prev_prio=120 prev_state=R ==> next_comm=file-storage next_pid=1238 next_prio=120
    file-storage-1238  ( 1238) [000] d..3  3005.157400: sched_switch: prev_comm=file-storage prev_pid=1238 prev_prio=120 prev_state=S ==> next_comm=swapper/0 next_pid=0 next_prio=120
          <idle>-0     (-----) [000] d.h2  3005.157435: irq_handler_entry: irq=107 name=sunxi_usb_udc
          <idle>-0     (-----) [000] d.h2  3005.157442: irq_handler_exit: irq=107 ret=handled
          <idle>-0     (-----) [000] d.h2  3005.157603: irq_handler_entry: irq=107 name=sunxi_usb_udc
          <idle>-0     (-----) [000] dNh5  3005.157622: sched_wakeup: comm=file-storage pid=1238 prio=120 success=1 target_cpu=000
          <idle>-0     (-----) [000] dNh2  3005.157628: irq_handler_exit: irq=107 ret=handled
          <idle>-0     (-----) [000] d..3  3005.157645: sched_switch: prev_comm=swapper/0 prev_pid=0 prev_prio=120 prev_state=R ==> next_comm=file-storage next_pid=1238 next_prio=120
    file-storage-1238  ( 1238) [000] d..3  3005.157690: sched_switch: prev_comm=file-storage prev_pid=1238 prev_prio=120 prev_state=S ==> next_comm=swapper/0 next_pid=0 next_prio=120
          <idle>-0     (-----) [000] d.h3  3005.157696: irq_handler_entry: irq=107 name=sunxi_usb_udc
          <idle>-0     (-----) [000] dNh6  3005.157716: sched_wakeup: comm=file-storage pid=1238 prio=120 success=1 target_cpu=000
          <idle>-0     (-----) [000] dNh3  3005.157722: irq_handler_exit: irq=107 ret=handled
          <idle>-0     (-----) [000] d..3  3005.157732: sched_switch: prev_comm=swapper/0 prev_pid=0 prev_prio=120 prev_state=R ==> next_comm=file-storage next_pid=1238 next_prio=120
    file-storage-1238  ( 1238) [000] d..3  3005.157749: sched_switch: prev_comm=file-storage prev_pid=1238 prev_prio=120 prev_state=S ==> next_comm=swapper/0 next_pid=0 next_prio=120
          <idle>-0     (-----) [000] d.h2  3005.157853: irq_handler_entry: irq=107 name=sunxi_usb_udc
          <idle>-0     (-----) [000] d.h2  3005.157860: irq_handler_exit: irq=107 ret=handled
          <idle>-0     (-----) [000] d.h2  3005.158009: irq_handler_entry: irq=107 name=sunxi_usb_udc
          <idle>-0     (-----) [000] dNh5  3005.158030: sched_wakeup: comm=file-storage pid=1238 prio=120 success=1 target_cpu=000
          <idle>-0     (-----) [000] dNh2  3005.158035: irq_handler_exit: irq=107 ret=handled
          <idle>-0     (-----) [000] d..3  3005.158050: sched_switch: prev_comm=swapper/0 prev_pid=0 prev_prio=120 prev_state=R ==> next_comm=file-storage next_pid=1238 next_prio=120
    file-storage-1238  ( 1238) [000] d..3  3005.158092: sched_switch: prev_comm=file-storage prev_pid=1238 prev_prio=120 prev_state=S ==> next_comm=swapper/0 next_pid=0 next_prio=120
          <idle>-0     (-----) [000] d.h2  3005.158178: irq_handler_entry: irq=107 name=sunxi_usb_udc
          <idle>-0     (-----) [000] dNh5  3005.158199: sched_wakeup: comm=file-storage pid=1238 prio=120 success=1 target_cpu=000
          <idle>-0     (-----) [000] dNh2  3005.158204: irq_handler_exit: irq=107 ret=handled
          <idle>-0     (-----) [000] d..3  3005.158223: sched_switch: prev_comm=swapper/0 prev_pid=0 prev_prio=120 prev_state=R ==> next_comm=file-storage next_pid=1238 next_prio=120
    file-storage-1238  ( 1238) [000] d..3  3005.158240: sched_switch: prev_comm=file-storage prev_pid=1238 prev_prio=120 prev_state=S ==> next_comm=swapper/0 next_pid=0 next_prio=120
          <idle>-0     (-----) [000] d.h2  3005.158290: irq_handler_entry: irq=107 name=sunxi_usb_udc
          <idle>-0     (-----) [000] d.h2  3005.158297: irq_handler_exit: irq=107 ret=handled
          <idle>-0     (-----) [000] d.h2  3005.158461: irq_handler_entry: irq=107 name=sunxi_usb_udc
          <idle>-0     (-----) [000] dNh5  3005.158481: sched_wakeup: comm=file-storage pid=1238 prio=120 success=1 target_cpu=000
          <idle>-0     (-----) [000] dNh2  3005.158486: irq_handler_exit: irq=107 ret=handled
          <idle>-0     (-----) [000] d..3  3005.158503: sched_switch: prev_comm=swapper/0 prev_pid=0 prev_prio=120 prev_state=R ==> next_comm=file-storage next_pid=1238 next_prio=120
    file-storage-1238  ( 1238) [000] d..3  3005.158551: sched_switch: prev_comm=file-storage prev_pid=1238 prev_prio=120 prev_state=S ==> next_comm=swapper/0 next_pid=0 next_prio=120
          <idle>-0     (-----) [000] d.h3  3005.158558: irq_handler_entry: irq=107 name=sunxi_usb_udc
          <idle>-0     (-----) [000] dNh6  3005.158579: sched_wakeup: comm=file-storage pid=1238 prio=120 success=1 target_cpu=000
          <idle>-0     (-----) [000] dNh3  3005.158584: irq_handler_exit: irq=107 ret=handled
          <idle>-0     (-----) [000] d..3  3005.158594: sched_switch: prev_comm=swapper/0 prev_pid=0 prev_prio=120 prev_state=R ==> next_comm=file-storage next_pid=1238 next_prio=120
    file-storage-1238  ( 1238) [000] d..3  3005.158603: sched_switch: prev_comm=file-storage prev_pid=1238 prev_prio=120 prev_state=S ==> next_comm=swapper/0 next_pid=0 next_prio=120
          <idle>-0     (-----) [000] d.h2  3005.158671: irq_handler_entry: irq=107 name=sunxi_usb_udc
          <idle>-0     (-----) [000] d.h2  3005.158678: irq_handler_exit: irq=107 ret=handled
          <idle>-0     (-----) [000] d.h2  3005.158872: irq_handler_entry: irq=107 name=sunxi_usb_udc
          <idle>-0     (-----) [000] dNh5  3005.158894: sched_wakeup: comm=file-storage pid=1238 prio=120 success=1 target_cpu=000
          <idle>-0     (-----) [000] dNh2  3005.158898: irq_handler_exit: irq=107 ret=handled
          <idle>-0     (-----) [000] d..3  3005.158912: sched_switch: prev_comm=swapper/0 prev_pid=0 prev_prio=120 prev_state=R ==> next_comm=file-storage next_pid=1238 next_prio=120
    file-storage-1238  ( 1238) [000] d..3  3005.158947: sched_switch: prev_comm=file-storage prev_pid=1238 prev_prio=120 prev_state=S ==> next_comm=swapper/0 next_pid=0 next_prio=120
          <idle>-0     (-----) [000] d.h2  3005.159038: irq_handler_entry: irq=107 name=sunxi_usb_udc
          <idle>-0     (-----) [000] dNh5  3005.159057: sched_wakeup: comm=file-storage pid=1238 prio=120 success=1 target_cpu=000
          <idle>-0     (-----) [000] dNh2  3005.159061: irq_handler_exit: irq=107 ret=handled
          <idle>-0     (-----) [000] d..3  3005.159074: sched_switch: prev_comm=swapper/0 prev_pid=0 prev_prio=120 prev_state=R ==> next_comm=file-storage next_pid=1238 next_prio=120
    file-storage-1238  ( 1238) [000] d..3  3005.159081: sched_switch: prev_comm=file-storage prev_pid=1238 prev_prio=120 prev_state=S ==> next_comm=swapper/0 next_pid=0 next_prio=120
          <idle>-0     (-----) [000] d.h2  3005.159201: irq_handler_entry: irq=107 name=sunxi_usb_udc
          <idle>-0     (-----) [000] d.h2  3005.159207: irq_handler_exit: irq=107 ret=handled
          <idle>-0     (-----) [000] d.h2  3005.159317: irq_handler_entry: irq=107 name=sunxi_usb_udc
          <idle>-0     (-----) [000] dNh5  3005.159333: sched_wakeup: comm=file-storage pid=1238 prio=120 success=1 target_cpu=000
          <idle>-0     (-----) [000] dNh2  3005.159337: irq_handler_exit: irq=107 ret=handled
          <idle>-0     (-----) [000] d..3  3005.159350: sched_switch: prev_comm=swapper/0 prev_pid=0 prev_prio=120 prev_state=R ==> next_comm=file-storage next_pid=1238 next_prio=120
    file-storage-1238  ( 1238) [000] d..3  3005.159380: sched_switch: prev_comm=file-storage prev_pid=1238 prev_prio=120 prev_state=S ==> next_comm=swapper/0 next_pid=0 next_prio=120
          <idle>-0     (-----) [000] d.h2  3005.159430: irq_handler_entry: irq=107 name=sunxi_usb_udc
          <idle>-0     (-----) [000] dNh5  3005.159448: sched_wakeup: comm=file-storage pid=1238 prio=120 success=1 target_cpu=000
          <idle>-0     (-----) [000] dNh2  3005.159453: irq_handler_exit: irq=107 ret=handled
          <idle>-0     (-----) [000] d..3  3005.159467: sched_switch: prev_comm=swapper/0 prev_pid=0 prev_prio=120 prev_state=R ==> next_comm=file-storage next_pid=1238 next_prio=120
           <...>-22417 (-----) [002] d..4  3005.159471: sched_switch: prev_comm=mdev prev_pid=22417 prev_prio=120 prev_state=x ==> next_comm=swapper/2 next_pid=0 next_prio=120
    file-storage-1238  ( 1238) [000] d..3  3005.159474: sched_switch: prev_comm=file-storage prev_pid=1238 prev_prio=120 prev_state=S ==> next_comm=swapper/0 next_pid=0 next_prio=120
          <idle>-0     (-----) [000] d.h2  3005.159522: irq_handler_entry: irq=107 name=sunxi_usb_udc
          <idle>-0     (-----) [000] d.h2  3005.159528: irq_handler_exit: irq=107 ret=handled
          <idle>-0     (-----) [000] d.h2  3005.159729: irq_handler_entry: irq=107 name=sunxi_usb_udc
          <idle>-0     (-----) [000] dNh5  3005.159743: sched_wakeup: comm=file-storage pid=1238 prio=120 success=1 target_cpu=000
          <idle>-0     (-----) [000] dNh2  3005.159747: irq_handler_exit: irq=107 ret=handled
          <idle>-0     (-----) [000] d..3  3005.159758: sched_switch: prev_comm=swapper/0 prev_pid=0 prev_prio=120 prev_state=R ==> next_comm=file-storage next_pid=1238 next_prio=120
    file-storage-1238  ( 1238) [000] d..3  3005.159786: sched_switch: prev_comm=file-storage prev_pid=1238 prev_prio=120 prev_state=S ==> next_comm=swapper/0 next_pid=0 next_prio=120
          <idle>-0     (-----) [000] d.h2  3005.159904: irq_handler_entry: irq=107 name=sunxi_usb_udc
          <idle>-0     (-----) [000] dNh5  3005.159921: sched_wakeup: comm=file-storage pid=1238 prio=120 success=1 target_cpu=000
          <idle>-0     (-----) [000] dNh2  3005.159925: irq_handler_exit: irq=107 ret=handled
          <idle>-0     (-----) [000] d..3  3005.159936: sched_switch: prev_comm=swapper/0 prev_pid=0 prev_prio=120 prev_state=R ==> next_comm=file-storage next_pid=1238 next_prio=120
    file-storage-1238  ( 1238) [000] d..3  3005.159943: sched_switch: prev_comm=file-storage prev_pid=1238 prev_prio=120 prev_state=S ==> next_comm=swapper/0 next_pid=0 next_prio=120
          <idle>-0     (-----) [000] d.h2  3005.160026: irq_handler_entry: irq=107 name=sunxi_usb_udc
          <idle>-0     (-----) [000] d.h2  3005.160032: irq_handler_exit: irq=107 ret=handled
          <idle>-0     (-----) [000] d.h2  3005.160211: irq_handler_entry: irq=107 name=sunxi_usb_udc
          <idle>-0     (-----) [000] dNh5  3005.160225: sched_wakeup: comm=file-storage pid=1238 prio=120 success=1 target_cpu=000
          <idle>-0     (-----) [000] dNh2  3005.160229: irq_handler_exit: irq=107 ret=handled
          <idle>-0     (-----) [000] d..3  3005.160240: sched_switch: prev_comm=swapper/0 prev_pid=0 prev_prio=120 prev_state=R ==> next_comm=file-storage next_pid=1238 next_prio=120
    file-storage-1238  ( 1238) [000] d..3  3005.160267: sched_switch: prev_comm=file-storage prev_pid=1238 prev_prio=120 prev_state=S ==> next_comm=swapper/0 next_pid=0 next_prio=120
          <idle>-0     (-----) [000] d.h2  3005.160402: irq_handler_entry: irq=107 name=sunxi_usb_udc
          <idle>-0     (-----) [000] dNh5  3005.160419: sched_wakeup: comm=file-storage pid=1238 prio=120 success=1 target_cpu=000
          <idle>-0     (-----) [000] dNh2  3005.160423: irq_handler_exit: irq=107 ret=handled
          <idle>-0     (-----) [000] d..3  3005.160434: sched_switch: prev_comm=swapper/0 prev_pid=0 prev_prio=120 prev_state=R ==> next_comm=file-storage next_pid=1238 next_prio=120
    file-storage-1238  ( 1238) [000] d..3  3005.160441: sched_switch: prev_comm=file-storage prev_pid=1238 prev_prio=120 prev_state=S ==> next_comm=swapper/0 next_pid=0 next_prio=120
          <idle>-0     (-----) [002] d.h2  3005.160479: irq_handler_entry: irq=29 name=arch_timer
          <idle>-0     (-----) [001] d.h2  3005.160479: irq_handler_entry: irq=29 name=arch_timer
          <idle>-0     (-----) [002] d.h2  3005.160488: softirq_raise: vec=1 [action=TIMER]
          <idle>-0     (-----) [002] d.h2  3005.160491: softirq_raise: vec=9 [action=RCU]
          <idle>-0     (-----) [001] d.h2  3005.160494: softirq_raise: vec=1 [action=TIMER]
          <idle>-0     (-----) [001] d.h2  3005.160500: softirq_raise: vec=7 [action=SCHED]
          <idle>-0     (-----) [002] d.h2  3005.160501: irq_handler_exit: irq=29 ret=handled
          <idle>-0     (-----) [002] ..s2  3005.160504: softirq_entry: vec=1 [action=TIMER]
          <idle>-0     (-----) [001] d.h2  3005.160506: irq_handler_exit: irq=29 ret=handled
          <idle>-0     (-----) [002] ..s2  3005.160508: softirq_exit: vec=1 [action=TIMER]
          <idle>-0     (-----) [001] ..s2  3005.160509: softirq_entry: vec=1 [action=TIMER]
          <idle>-0     (-----) [002] ..s2  3005.160510: softirq_entry: vec=9 [action=RCU]
          <idle>-0     (-----) [001] ..s2  3005.160511: softirq_exit: vec=1 [action=TIMER]
          <idle>-0     (-----) [001] ..s2  3005.160514: softirq_entry: vec=7 [action=SCHED]
          <idle>-0     (-----) [002] ..s2  3005.160515: softirq_exit: vec=9 [action=RCU]
          <idle>-0     (-----) [001] ..s2  3005.160525: softirq_exit: vec=7 [action=SCHED]
          <idle>-0     (-----) [000] d.h2  3005.160532: irq_handler_entry: irq=107 name=sunxi_usb_udc
          <idle>-0     (-----) [000] d.h2  3005.160538: irq_handler_exit: irq=107 ret=handled
          <idle>-0     (-----) [000] d.h2  3005.160686: irq_handler_entry: irq=107 name=sunxi_usb_udc
          <idle>-0     (-----) [000] dNh5  3005.160701: sched_wakeup: comm=file-storage pid=1238 prio=120 success=1 target_cpu=000
          <idle>-0     (-----) [000] dNh2  3005.160705: irq_handler_exit: irq=107 ret=handled
          <idle>-0     (-----) [000] d..3  3005.160717: sched_switch: prev_comm=swapper/0 prev_pid=0 prev_prio=120 prev_state=R ==> next_comm=file-storage next_pid=1238 next_prio=120
    file-storage-1238  ( 1238) [000] d..3  3005.160744: sched_switch: prev_comm=file-storage prev_pid=1238 prev_prio=120 prev_state=S ==> next_comm=swapper/0 next_pid=0 next_prio=120
          <idle>-0     (-----) [000] d.h2  3005.160765: irq_handler_entry: irq=107 name=sunxi_usb_udc
          <idle>-0     (-----) [000] dNh5  3005.160781: sched_wakeup: comm=file-storage pid=1238 prio=120 success=1 target_cpu=000
          <idle>-0     (-----) [000] dNh2  3005.160785: irq_handler_exit: irq=107 ret=handled
          <idle>-0     (-----) [000] d..3  3005.160797: sched_switch: prev_comm=swapper/0 prev_pid=0 prev_prio=120 prev_state=R ==> next_comm=file-storage next_pid=1238 next_prio=120
    file-storage-1238  ( 1238) [000] d..3  3005.160803: sched_switch: prev_comm=file-storage prev_pid=1238 prev_prio=120 prev_state=S ==> next_comm=swapper/0 next_pid=0 next_prio=120
          <idle>-0     (-----) [000] d.h2  3005.160875: irq_handler_entry: irq=107 name=sunxi_usb_udc
          <idle>-0     (-----) [000] d.h2  3005.160880: irq_handler_exit: irq=107 ret=handled
          <idle>-0     (-----) [000] d.h2  3005.161007: irq_handler_entry: irq=107 name=sunxi_usb_udc
          <idle>-0     (-----) [000] dNh5  3005.161021: sched_wakeup: comm=file-storage pid=1238 prio=120 success=1 target_cpu=000
          <idle>-0     (-----) [000] dNh2  3005.161025: irq_handler_exit: irq=107 ret=handled
          <idle>-0     (-----) [000] d..3  3005.161035: sched_switch: prev_comm=swapper/0 prev_pid=0 prev_prio=120 prev_state=R ==> next_comm=file-storage next_pid=1238 next_prio=120
    file-storage-1238  ( 1238) [000] d..3  3005.161063: sched_switch: prev_comm=file-storage prev_pid=1238 prev_prio=120 prev_state=S ==> next_comm=swapper/0 next_pid=0 next_prio=120
          <idle>-0     (-----) [000] d.h2  3005.161120: irq_handler_entry: irq=107 name=sunxi_usb_udc
          <idle>-0     (-----) [000] dNh5  3005.161136: sched_wakeup: comm=file-storage pid=1238 prio=120 success=1 target_cpu=000
          <idle>-0     (-----) [000] dNh2  3005.161140: irq_handler_exit: irq=107 ret=handled
          <idle>-0     (-----) [000] d..3  3005.161151: sched_switch: prev_comm=swapper/0 prev_pid=0 prev_prio=120 prev_state=R ==> next_comm=file-storage next_pid=1238 next_prio=120
    file-storage-1238  ( 1238) [000] d..3  3005.161158: sched_switch: prev_comm=file-storage prev_pid=1238 prev_prio=120 prev_state=S ==> next_comm=swapper/0 next_pid=0 next_prio=120
          <idle>-0     (-----) [000] d.h2  3005.161238: irq_handler_entry: irq=107 name=sunxi_usb_udc
          <idle>-0     (-----) [000] d.h2  3005.161244: irq_handler_exit: irq=107 ret=handled
          <idle>-0     (-----) [000] d.h2  3005.161407: irq_handler_entry: irq=107 name=sunxi_usb_udc
          <idle>-0     (-----) [000] dNh5  3005.161421: sched_wakeup: comm=file-storage pid=1238 prio=120 success=1 target_cpu=000
          <idle>-0     (-----) [000] dNh2  3005.161425: irq_handler_exit: irq=107 ret=handled
          <idle>-0     (-----) [000] d..3  3005.161435: sched_switch: prev_comm=swapper/0 prev_pid=0 prev_prio=120 prev_state=R ==> next_comm=file-storage next_pid=1238 next_prio=120
    file-storage-1238  ( 1238) [000] d..3  3005.161461: sched_switch: prev_comm=file-storage prev_pid=1238 prev_prio=120 prev_state=S ==> next_comm=swapper/0 next_pid=0 next_prio=120
          <idle>-0     (-----) [000] d.h2  3005.161493: irq_handler_entry: irq=107 name=sunxi_usb_udc
          <idle>-0     (-----) [000] dNh5  3005.161509: sched_wakeup: comm=file-storage pid=1238 prio=120 success=1 target_cpu=000
          <idle>-0     (-----) [000] dNh2  3005.161513: irq_handler_exit: irq=107 ret=handled
          <idle>-0     (-----) [000] d..3  3005.161524: sched_switch: prev_comm=swapper/0 prev_pid=0 prev_prio=120 prev_state=R ==> next_comm=file-storage next_pid=1238 next_prio=120
    file-storage-1238  ( 1238) [000] d..3  3005.161531: sched_switch: prev_comm=file-storage prev_pid=1238 prev_prio=120 prev_state=S ==> next_comm=swapper/0 next_pid=0 next_prio=120
          <idle>-0     (-----) [000] d.h2  3005.161614: irq_handler_entry: irq=107 name=sunxi_usb_udc
          <idle>-0     (-----) [000] d.h2  3005.161620: irq_handler_exit: irq=107 ret=handled
          <idle>-0     (-----) [000] d.h2  3005.161735: irq_handler_entry: irq=107 name=sunxi_usb_udc
          <idle>-0     (-----) [000] dNh5  3005.161749: sched_wakeup: comm=file-storage pid=1238 prio=120 success=1 target_cpu=000
          <idle>-0     (-----) [000] dNh2  3005.161753: irq_handler_exit: irq=107 ret=handled
          <idle>-0     (-----) [000] d..3  3005.161767: sched_switch: prev_comm=swapper/0 prev_pid=0 prev_prio=120 prev_state=R ==> next_comm=file-storage next_pid=1238 next_prio=120
    file-storage-1238  ( 1238) [000] d..3  3005.161795: sched_switch: prev_comm=file-storage prev_pid=1238 prev_prio=120 prev_state=S ==> next_comm=swapper/0 next_pid=0 next_prio=120
          <idle>-0     (-----) [000] d.h2  3005.161856: irq_handler_entry: irq=107 name=sunxi_usb_udc
          <idle>-0     (-----) [000] dNh5  3005.161873: sched_wakeup: comm=file-storage pid=1238 prio=120 success=1 target_cpu=000
          <idle>-0     (-----) [000] dNh2  3005.161876: irq_handler_exit: irq=107 ret=handled
          <idle>-0     (-----) [000] d..3  3005.161888: sched_switch: prev_comm=swapper/0 prev_pid=0 prev_prio=120 prev_state=R ==> next_comm=file-storage next_pid=1238 next_prio=120
    file-storage-1238  ( 1238) [000] d..3  3005.161894: sched_switch: prev_comm=file-storage prev_pid=1238 prev_prio=120 prev_state=S ==> next_comm=swapper/0 next_pid=0 next_prio=120
          <idle>-0     (-----) [000] d.h2  3005.161980: irq_handler_entry: irq=107 name=sunxi_usb_udc
          <idle>-0     (-----) [000] d.h2  3005.161986: irq_handler_exit: irq=107 ret=handled
          <idle>-0     (-----) [000] d.h2  3005.162332: irq_handler_entry: irq=107 name=sunxi_usb_udc
          <idle>-0     (-----) [000] dNh5  3005.162346: sched_wakeup: comm=file-storage pid=1238 prio=120 success=1 target_cpu=000
          <idle>-0     (-----) [000] dNh2  3005.162350: irq_handler_exit: irq=107 ret=handled
          <idle>-0     (-----) [000] d..3  3005.162360: sched_switch: prev_comm=swapper/0 prev_pid=0 prev_prio=120 prev_state=R ==> next_comm=file-storage next_pid=1238 next_prio=120
    file-storage-1238  ( 1238) [000] d..3  3005.162386: sched_switch: prev_comm=file-storage prev_pid=1238 prev_prio=120 prev_state=S ==> next_comm=swapper/0 next_pid=0 next_prio=120
          <idle>-0     (-----) [000] d.h2  3005.162478: irq_handler_entry: irq=107 name=sunxi_usb_udc
          <idle>-0     (-----) [000] d.h2  3005.162484: irq_handler_exit: irq=107 ret=handled
          <idle>-0     (-----) [000] d.h2  3005.162598: irq_handler_entry: irq=107 name=sunxi_usb_udc
          <idle>-0     (-----) [000] dNh5  3005.162612: sched_wakeup: comm=file-storage pid=1238 prio=120 success=1 target_cpu=000
          <idle>-0     (-----) [000] dNh2  3005.162615: irq_handler_exit: irq=107 ret=handled
          <idle>-0     (-----) [000] d..3  3005.162626: sched_switch: prev_comm=swapper/0 prev_pid=0 prev_prio=120 prev_state=R ==> next_comm=file-storage next_pid=1238 next_prio=120
    file-storage-1238  ( 1238) [000] d..3  3005.162653: sched_switch: prev_comm=file-storage prev_pid=1238 prev_prio=120 prev_state=S ==> next_comm=swapper/0 next_pid=0 next_prio=120
          <idle>-0     (-----) [000] d.h2  3005.162714: irq_handler_entry: irq=107 name=sunxi_usb_udc
          <idle>-0     (-----) [000] dNh5  3005.162730: sched_wakeup: comm=file-storage pid=1238 prio=120 success=1 target_cpu=000
          <idle>-0     (-----) [000] dNh2  3005.162734: irq_handler_exit: irq=107 ret=handled
          <idle>-0     (-----) [000] d..3  3005.162745: sched_switch: prev_comm=swapper/0 prev_pid=0 prev_prio=120 prev_state=R ==> next_comm=file-storage next_pid=1238 next_prio=120
    file-storage-1238  ( 1238) [000] d..3  3005.162752: sched_switch: prev_comm=file-storage prev_pid=1238 prev_prio=120 prev_state=S ==> next_comm=swapper/0 next_pid=0 next_prio=120
          <idle>-0     (-----) [000] d.h2  3005.162839: irq_handler_entry: irq=107 name=sunxi_usb_udc
          <idle>-0     (-----) [000] d.h2  3005.162845: irq_handler_exit: irq=107 ret=handled
          <idle>-0     (-----) [000] d.h2  3005.162995: irq_handler_entry: irq=107 name=sunxi_usb_udc
          <idle>-0     (-----) [000] dNh5  3005.163009: sched_wakeup: comm=file-storage pid=1238 prio=120 success=1 target_cpu=000
          <idle>-0     (-----) [000] dNh2  3005.163013: irq_handler_exit: irq=107 ret=handled
          <idle>-0     (-----) [000] d..3  3005.163024: sched_switch: prev_comm=swapper/0 prev_pid=0 prev_prio=120 prev_state=R ==> next_comm=file-storage next_pid=1238 next_prio=120
    file-storage-1238  ( 1238) [000] d..3  3005.163048: sched_switch: prev_comm=file-storage prev_pid=1238 prev_prio=120 prev_state=S ==> next_comm=swapper/0 next_pid=0 next_prio=120
          <idle>-0     (-----) [000] d.h2  3005.163087: irq_handler_entry: irq=107 name=sunxi_usb_udc
          <idle>-0     (-----) [000] d.h2  3005.163093: irq_handler_exit: irq=107 ret=handled
          <idle>-0     (-----) [000] d.h2  3005.163211: irq_handler_entry: irq=107 name=sunxi_usb_udc
          <idle>-0     (-----) [000] dNh5  3005.163224: sched_wakeup: comm=file-storage pid=1238 prio=120 success=1 target_cpu=000
          <idle>-0     (-----) [000] dNh2  3005.163228: irq_handler_exit: irq=107 ret=handled
          <idle>-0     (-----) [000] d..3  3005.163239: sched_switch: prev_comm=swapper/0 prev_pid=0 prev_prio=120 prev_state=R ==> next_comm=file-storage next_pid=1238 next_prio=120
    file-storage-1238  ( 1238) [000] d..3  3005.163267: sched_switch: prev_comm=file-storage prev_pid=1238 prev_prio=120 prev_state=S ==> next_comm=swapper/0 next_pid=0 next_prio=120
          <idle>-0     (-----) [000] d.h2  3005.163339: irq_handler_entry: irq=107 name=sunxi_usb_udc
          <idle>-0     (-----) [000] dNh5  3005.163355: sched_wakeup: comm=file-storage pid=1238 prio=120 success=1 target_cpu=000
          <idle>-0     (-----) [000] dNh2  3005.163359: irq_handler_exit: irq=107 ret=handled
          <idle>-0     (-----) [000] d..3  3005.163370: sched_switch: prev_comm=swapper/0 prev_pid=0 prev_prio=120 prev_state=R ==> next_comm=file-storage next_pid=1238 next_prio=120
    file-storage-1238  ( 1238) [000] d..3  3005.163377: sched_switch: prev_comm=file-storage prev_pid=1238 prev_prio=120 prev_state=S ==> next_comm=swapper/0 next_pid=0 next_prio=120
          <idle>-0     (-----) [000] d.h2  3005.163452: irq_handler_entry: irq=107 name=sunxi_usb_udc
          <idle>-0     (-----) [000] d.h2  3005.163458: irq_handler_exit: irq=107 ret=handled
          <idle>-0     (-----) [000] d.h2  3005.163618: irq_handler_entry: irq=107 name=sunxi_usb_udc
          <idle>-0     (-----) [000] dNh5  3005.163631: sched_wakeup: comm=file-storage pid=1238 prio=120 success=1 target_cpu=000
          <idle>-0     (-----) [000] dNh2  3005.163635: irq_handler_exit: irq=107 ret=handled
          <idle>-0     (-----) [000] d..3  3005.163646: sched_switch: prev_comm=swapper/0 prev_pid=0 prev_prio=120 prev_state=R ==> next_comm=file-storage next_pid=1238 next_prio=120
    file-storage-1238  ( 1238) [000] d..3  3005.163672: sched_switch: prev_comm=file-storage prev_pid=1238 prev_prio=120 prev_state=S ==> next_comm=swapper/0 next_pid=0 next_prio=120
          <idle>-0     (-----) [000] d.h2  3005.163702: irq_handler_entry: irq=107 name=sunxi_usb_udc
          <idle>-0     (-----) [000] d.h2  3005.163708: irq_handler_exit: irq=107 ret=handled
          <idle>-0     (-----) [000] d.h2  3005.163995: irq_handler_entry: irq=107 name=sunxi_usb_udc
          <idle>-0     (-----) [000] dNh5  3005.164010: sched_wakeup: comm=file-storage pid=1238 prio=120 success=1 target_cpu=000
          <idle>-0     (-----) [000] dNh2  3005.164014: irq_handler_exit: irq=107 ret=handled
          <idle>-0     (-----) [000] d..3  3005.164025: sched_switch: prev_comm=swapper/0 prev_pid=0 prev_prio=120 prev_state=R ==> next_comm=file-storage next_pid=1238 next_prio=120
    file-storage-1238  ( 1238) [000] d..3  3005.164052: sched_switch: prev_comm=file-storage prev_pid=1238 prev_prio=120 prev_state=S ==> next_comm=swapper/0 next_pid=0 next_prio=120
          <idle>-0     (-----) [000] d.h2  3005.164073: irq_handler_entry: irq=107 name=sunxi_usb_udc
          <idle>-0     (-----) [000] dNh5  3005.164089: sched_wakeup: comm=file-storage pid=1238 prio=120 success=1 target_cpu=000
          <idle>-0     (-----) [000] dNh2  3005.164093: irq_handler_exit: irq=107 ret=handled
          <idle>-0     (-----) [000] d..3  3005.164104: sched_switch: prev_comm=swapper/0 prev_pid=0 prev_prio=120 prev_state=R ==> next_comm=file-storage next_pid=1238 next_prio=120
    file-storage-1238  ( 1238) [000] d..3  3005.164111: sched_switch: prev_comm=file-storage prev_pid=1238 prev_prio=120 prev_state=S ==> next_comm=swapper/0 next_pid=0 next_prio=120
          <idle>-0     (-----) [000] d.h2  3005.164191: irq_handler_entry: irq=107 name=sunxi_usb_udc
          <idle>-0     (-----) [000] d.h2  3005.164197: irq_handler_exit: irq=107 ret=handled
          <idle>-0     (-----) [000] d.h2  3005.164347: irq_handler_entry: irq=107 name=sunxi_usb_udc
          <idle>-0     (-----) [000] dNh5  3005.164361: sched_wakeup: comm=file-storage pid=1238 prio=120 success=1 target_cpu=000
          <idle>-0     (-----) [000] dNh2  3005.164365: irq_handler_exit: irq=107 ret=handled
          <idle>-0     (-----) [000] d..3  3005.164376: sched_switch: prev_comm=swapper/0 prev_pid=0 prev_prio=120 prev_state=R ==> next_comm=file-storage next_pid=1238 next_prio=120
    file-storage-1238  ( 1238) [000] d..3  3005.164402: sched_switch: prev_comm=file-storage prev_pid=1238 prev_prio=120 prev_state=S ==> next_comm=swapper/0 next_pid=0 next_prio=120
          <idle>-0     (-----) [000] d.h2  3005.164442: irq_handler_entry: irq=107 name=sunxi_usb_udc
          <idle>-0     (-----) [000] dNh5  3005.164458: sched_wakeup: comm=file-storage pid=1238 prio=120 success=1 target_cpu=000
          <idle>-0     (-----) [000] dNh2  3005.164462: irq_handler_exit: irq=107 ret=handled
          <idle>-0     (-----) [000] d..3  3005.164473: sched_switch: prev_comm=swapper/0 prev_pid=0 prev_prio=120 prev_state=R ==> next_comm=file-storage next_pid=1238 next_prio=120
    file-storage-1238  ( 1238) [000] d..3  3005.164479: sched_switch: prev_comm=file-storage prev_pid=1238 prev_prio=120 prev_state=S ==> next_comm=swapper/0 next_pid=0 next_prio=120
          <idle>-0     (-----) [000] d.h2  3005.164564: irq_handler_entry: irq=107 name=sunxi_usb_udc
          <idle>-0     (-----) [000] d.h2  3005.164569: irq_handler_exit: irq=107 ret=handled
          <idle>-0     (-----) [000] d.h2  3005.164692: irq_handler_entry: irq=107 name=sunxi_usb_udc
          <idle>-0     (-----) [000] dNh5  3005.164705: sched_wakeup: comm=file-storage pid=1238 prio=120 success=1 target_cpu=000
          <idle>-0     (-----) [000] dNh2  3005.164709: irq_handler_exit: irq=107 ret=handled
          <idle>-0     (-----) [000] d..3  3005.164720: sched_switch: prev_comm=swapper/0 prev_pid=0 prev_prio=120 prev_state=R ==> next_comm=file-storage next_pid=1238 next_prio=120
    file-storage-1238  ( 1238) [000] d..3  3005.164747: sched_switch: prev_comm=file-storage prev_pid=1238 prev_prio=120 prev_state=S ==> next_comm=swapper/0 next_pid=0 next_prio=120
          <idle>-0     (-----) [000] d.h2  3005.164812: irq_handler_entry: irq=107 name=sunxi_usb_udc
          <idle>-0     (-----) [000] dNh5  3005.164829: sched_wakeup: comm=file-storage pid=1238 prio=120 success=1 target_cpu=000
          <idle>-0     (-----) [000] dNh2  3005.164833: irq_handler_exit: irq=107 ret=handled
          <idle>-0     (-----) [000] d..3  3005.164844: sched_switch: prev_comm=swapper/0 prev_pid=0 prev_prio=120 prev_state=R ==> next_comm=file-storage next_pid=1238 next_prio=120
    file-storage-1238  ( 1238) [000] d..3  3005.164852: sched_switch: prev_comm=file-storage prev_pid=1238 prev_prio=120 prev_state=S ==> next_comm=swapper/0 next_pid=0 next_prio=120
          <idle>-0     (-----) [000] d.h2  3005.164934: irq_handler_entry: irq=107 name=sunxi_usb_udc
          <idle>-0     (-----) [000] d.h2  3005.164940: irq_handler_exit: irq=107 ret=handled
          <idle>-0     (-----) [000] d.h2  3005.165165: irq_handler_entry: irq=107 name=sunxi_usb_udc
          <idle>-0     (-----) [000] dNh5  3005.165179: sched_wakeup: comm=file-storage pid=1238 prio=120 success=1 target_cpu=000
          <idle>-0     (-----) [000] dNh2  3005.165183: irq_handler_exit: irq=107 ret=handled
          <idle>-0     (-----) [000] d..3  3005.165193: sched_switch: prev_comm=swapper/0 prev_pid=0 prev_prio=120 prev_state=R ==> next_comm=file-storage next_pid=1238 next_prio=120
    file-storage-1238  ( 1238) [000] d..3  3005.165218: sched_switch: prev_comm=file-storage prev_pid=1238 prev_prio=120 prev_state=S ==> next_comm=swapper/0 next_pid=0 next_prio=120
          <idle>-0     (-----) [000] d.h2  3005.165306: irq_handler_entry: irq=107 name=sunxi_usb_udc
          <idle>-0     (-----) [000] d.h2  3005.165312: irq_handler_exit: irq=107 ret=handled
          <idle>-0     (-----) [000] d.h2  3005.169407: irq_handler_entry: irq=107 name=sunxi_usb_udc
          <idle>-0     (-----) [000] dNh5  3005.169422: sched_wakeup: comm=file-storage pid=1238 prio=120 success=1 target_cpu=000
          <idle>-0     (-----) [000] dNh2  3005.169425: irq_handler_exit: irq=107 ret=handled
          <idle>-0     (-----) [000] d..3  3005.169436: sched_switch: prev_comm=swapper/0 prev_pid=0 prev_prio=120 prev_state=R ==> next_comm=file-storage next_pid=1238 next_prio=120
    file-storage-1238  ( 1238) [000] d..3  3005.169472: sched_switch: prev_comm=file-storage prev_pid=1238 prev_prio=120 prev_state=S ==> next_comm=swapper/0 next_pid=0 next_prio=120
          <idle>-0     (-----) [000] d.h2  3005.169506: irq_handler_entry: irq=107 name=sunxi_usb_udc
          <idle>-0     (-----) [000] dNh5  3005.169523: sched_wakeup: comm=file-storage pid=1238 prio=120 success=1 target_cpu=000
          <idle>-0     (-----) [000] dNh2  3005.169527: irq_handler_exit: irq=107 ret=handled
          <idle>-0     (-----) [000] d..3  3005.169538: sched_switch: prev_comm=swapper/0 prev_pid=0 prev_prio=120 prev_state=R ==> next_comm=file-storage next_pid=1238 next_prio=120
    file-storage-1238  ( 1238) [000] d..3  3005.169551: sched_switch: prev_comm=file-storage prev_pid=1238 prev_prio=120 prev_state=S ==> next_comm=swapper/0 next_pid=0 next_prio=120
          <idle>-0     (-----) [000] d.h2  3005.169616: irq_handler_entry: irq=107 name=sunxi_usb_udc
          <idle>-0     (-----) [000] d.h2  3005.169622: irq_handler_exit: irq=107 ret=handled
          <idle>-0     (-----) [000] d.h2  3005.169779: irq_handler_entry: irq=107 name=sunxi_usb_udc
          <idle>-0     (-----) [000] dNh5  3005.169793: sched_wakeup: comm=file-storage pid=1238 prio=120 success=1 target_cpu=000
          <idle>-0     (-----) [000] dNh2  3005.169797: irq_handler_exit: irq=107 ret=handled
          <idle>-0     (-----) [000] d..3  3005.169807: sched_switch: prev_comm=swapper/0 prev_pid=0 prev_prio=120 prev_state=R ==> next_comm=file-storage next_pid=1238 next_prio=120
    file-storage-1238  ( 1238) [000] d..3  3005.169842: sched_switch: prev_comm=file-storage prev_pid=1238 prev_prio=120 prev_state=S ==> next_comm=swapper/0 next_pid=0 next_prio=120
          <idle>-0     (-----) [000] d.h2  3005.169862: irq_handler_entry: irq=107 name=sunxi_usb_udc
          <idle>-0     (-----) [000] dNh5  3005.169879: sched_wakeup: comm=file-storage pid=1238 prio=120 success=1 target_cpu=000
          <idle>-0     (-----) [000] dNh2  3005.169883: irq_handler_exit: irq=107 ret=handled
          <idle>-0     (-----) [000] d..3  3005.169894: sched_switch: prev_comm=swapper/0 prev_pid=0 prev_prio=120 prev_state=R ==> next_comm=file-storage next_pid=1238 next_prio=120
    file-storage-1238  ( 1238) [000] d..3  3005.169907: sched_switch: prev_comm=file-storage prev_pid=1238 prev_prio=120 prev_state=S ==> next_comm=swapper/0 next_pid=0 next_prio=120
          <idle>-0     (-----) [000] d.h2  3005.169978: irq_handler_entry: irq=107 name=sunxi_usb_udc
          <idle>-0     (-----) [000] d.h2  3005.169984: irq_handler_exit: irq=107 ret=handled
          <idle>-0     (-----) [000] d.h2  3005.170192: irq_handler_entry: irq=107 name=sunxi_usb_udc
          <idle>-0     (-----) [000] dNh5  3005.170206: sched_wakeup: comm=file-storage pid=1238 prio=120 success=1 target_cpu=000
          <idle>-0     (-----) [000] dNh2  3005.170210: irq_handler_exit: irq=107 ret=handled
          <idle>-0     (-----) [000] d..3  3005.170221: sched_switch: prev_comm=swapper/0 prev_pid=0 prev_prio=120 prev_state=R ==> next_comm=file-storage next_pid=1238 next_prio=120
    file-storage-1238  ( 1238) [000] d..3  3005.170254: sched_switch: prev_comm=file-storage prev_pid=1238 prev_prio=120 prev_state=S ==> next_comm=swapper/0 next_pid=0 next_prio=120
          <idle>-0     (-----) [001] d.h2  3005.170316: irq_handler_entry: irq=29 name=arch_timer
          <idle>-0     (-----) [002] d.h2  3005.170316: irq_handler_entry: irq=29 name=arch_timer
          <idle>-0     (-----) [002] d.h2  3005.170321: softirq_raise: vec=1 [action=TIMER]
          <idle>-0     (-----) [001] d.h2  3005.170323: softirq_raise: vec=1 [action=TIMER]
          <idle>-0     (-----) [001] d.h2  3005.170327: softirq_raise: vec=7 [action=SCHED]
          <idle>-0     (-----) [002] d.h2  3005.170327: irq_handler_exit: irq=29 ret=handled
          <idle>-0     (-----) [002] ..s2  3005.170330: softirq_entry: vec=1 [action=TIMER]
          <idle>-0     (-----) [001] d.h2  3005.170331: irq_handler_exit: irq=29 ret=handled
          <idle>-0     (-----) [002] ..s2  3005.170332: softirq_exit: vec=1 [action=TIMER]
