    file-storage-1238  ( 1238) [000] d..3  3005.267630: sched_switch: prev_comm=file-storage prev_pid=1238 prev_prio=120 prev_state=S ==> next_comm=swapper/0 next_pid=0 next_prio=120
          <idle>-0     (-----) [000] d.h2  3005.267740: irq_handler_entry: irq=107 name=sunxi_usb_udc
          <idle>-0     (-----) [000] dNh5  3005.267755: sched_wakeup: comm=file-storage pid=1238 prio=120 success=1 target_cpu=000
          <idle>-0     (-----) [000] dNh2  3005.267759: irq_handler_exit: irq=107 ret=handled
          <idle>-0     (-----) [000] d..3  3005.267770: sched_switch: prev_comm=swapper/0 prev_pid=0 prev_prio=120 prev_state=R ==> next_comm=file-storage next_pid=1238 next_prio=120
    file-storage-1238  ( 1238) [000] d..3  3005.267797: sched_switch: prev_comm=file-storage prev_pid=1238 prev_prio=120 prev_state=S ==> next_comm=swapper/0 next_pid=0 next_prio=120
          <idle>-0     (-----) [000] d.h2  3005.267859: irq_handler_entry: irq=107 name=sunxi_usb_udc
          <idle>-0     (-----) [000] dNh5  3005.267876: sched_wakeup: comm=file-storage pid=1238 prio=120 success=1 target_cpu=000
          <idle>-0     (-----) [000] dNh2  3005.267879: irq_handler_exit: irq=107 ret=handled
          <idle>-0     (-----) [000] d..3  3005.267890: sched_switch: prev_comm=swapper/0 prev_pid=0 prev_prio=120 prev_state=R ==> next_comm=file-storage next_pid=1238 next_prio=120
    file-storage-1238  ( 1238) [000] d..3  3005.267897: sched_switch: prev_comm=file-storage prev_pid=1238 prev_prio=120 prev_state=S ==> next_comm=swapper/0 next_pid=0 next_prio=120
          <idle>-0     (-----) [000] d.h2  3005.267981: irq_handler_entry: irq=107 name=sunxi_usb_udc
          <idle>-0     (-----) [000] d.h2  3005.267986: irq_handler_exit: irq=107 ret=handled
          <idle>-0     (-----) [000] d.h2  3005.268137: irq_handler_entry: irq=107 name=sunxi_usb_udc
          <idle>-0     (-----) [000] dNh5  3005.268151: sched_wakeup: comm=file-storage pid=1238 prio=120 success=1 target_cpu=000
          <idle>-0     (-----) [000] dNh2  3005.268155: irq_handler_exit: irq=107 ret=handled
          <idle>-0     (-----) [000] d..3  3005.268166: sched_switch: prev_comm=swapper/0 prev_pid=0 prev_prio=120 prev_state=R ==> next_comm=file-storage next_pid=1238 next_prio=120
    file-storage-1238  ( 1238) [000] d..3  3005.268190: sched_switch: prev_comm=file-storage prev_pid=1238 prev_prio=120 prev_state=S ==> next_comm=swapper/0 next_pid=0 next_prio=120
          <idle>-0     (-----) [000] d.h2  3005.268227: irq_handler_entry: irq=107 name=sunxi_usb_udc
          <idle>-0     (-----) [000] d.h2  3005.268233: irq_handler_exit: irq=107 ret=handled
          <idle>-0     (-----) [000] d.h2  3005.268356: irq_handler_entry: irq=107 name=sunxi_usb_udc
          <idle>-0     (-----) [000] dNh5  3005.268369: sched_wakeup: comm=file-storage pid=1238 prio=120 success=1 target_cpu=000
          <idle>-0     (-----) [000] dNh2  3005.268373: irq_handler_exit: irq=107 ret=handled
          <idle>-0     (-----) [000] d..3  3005.268384: sched_switch: prev_comm=swapper/0 prev_pid=0 prev_prio=120 prev_state=R ==> next_comm=file-storage next_pid=1238 next_prio=120
    file-storage-1238  ( 1238) [000] d..3  3005.268411: sched_switch: prev_comm=file-storage prev_pid=1238 prev_prio=120 prev_state=S ==> next_comm=swapper/0 next_pid=0 next_prio=120
          <idle>-0     (-----) [000] d.h2  3005.268473: irq_handler_entry: irq=107 name=sunxi_usb_udc
          <idle>-0     (-----) [000] dNh5  3005.268490: sched_wakeup: comm=file-storage pid=1238 prio=120 success=1 target_cpu=000
          <idle>-0     (-----) [000] dNh2  3005.268493: irq_handler_exit: irq=107 ret=handled
          <idle>-0     (-----) [000] d..3  3005.268505: sched_switch: prev_comm=swapper/0 prev_pid=0 prev_prio=120 prev_state=R ==> next_comm=file-storage next_pid=1238 next_prio=120
    file-storage-1238  ( 1238) [000] d..3  3005.268512: sched_switch: prev_comm=file-storage prev_pid=1238 prev_prio=120 prev_state=S ==> next_comm=swapper/0 next_pid=0 next_prio=120
          <idle>-0     (-----) [000] d.h2  3005.268601: irq_handler_entry: irq=107 name=sunxi_usb_udc
          <idle>-0     (-----) [000] d.h2  3005.268606: irq_handler_exit: irq=107 ret=handled
          <idle>-0     (-----) [002] d.h2  3005.268717: irq_handler_entry: irq=29 name=arch_timer
          <idle>-0     (-----) [001] d.h2  3005.268717: irq_handler_entry: irq=29 name=arch_timer
          <idle>-0     (-----) [002] d.h2  3005.268721: softirq_raise: vec=1 [action=TIMER]
          <idle>-0     (-----) [002] d.h2  3005.268724: softirq_raise: vec=9 [action=RCU]
          <idle>-0     (-----) [001] d.h2  3005.268725: softirq_raise: vec=1 [action=TIMER]
          <idle>-0     (-----) [001] d.h2  3005.268728: softirq_raise: vec=9 [action=RCU]
          <idle>-0     (-----) [002] d.h2  3005.268729: irq_handler_exit: irq=29 ret=handled
          <idle>-0     (-----) [001] d.h2  3005.268731: softirq_raise: vec=7 [action=SCHED]
          <idle>-0     (-----) [002] ..s2  3005.268731: softirq_entry: vec=1 [action=TIMER]
          <idle>-0     (-----) [002] ..s2  3005.268733: softirq_exit: vec=1 [action=TIMER]
          <idle>-0     (-----) [002] ..s2  3005.268735: softirq_entry: vec=9 [action=RCU]
          <idle>-0     (-----) [001] d.h2  3005.268735: irq_handler_exit: irq=29 ret=handled
          <idle>-0     (-----) [001] ..s2  3005.268738: softirq_entry: vec=1 [action=TIMER]
          <idle>-0     (-----) [001] ..s2  3005.268741: softirq_exit: vec=1 [action=TIMER]
          <idle>-0     (-----) [001] ..s2  3005.268743: softirq_entry: vec=7 [action=SCHED]
          <idle>-0     (-----) [000] d.h2  3005.268752: irq_handler_entry: irq=107 name=sunxi_usb_udc
          <idle>-0     (-----) [001] ..s2  3005.268752: softirq_exit: vec=7 [action=SCHED]
          <idle>-0     (-----) [001] ..s2  3005.268755: softirq_entry: vec=9 [action=RCU]
          <idle>-0     (-----) [001] ..s2  3005.268762: softirq_exit: vec=9 [action=RCU]
          <idle>-0     (-----) [000] dNh5  3005.268770: sched_wakeup: comm=file-storage pid=1238 prio=120 success=1 target_cpu=000
          <idle>-0     (-----) [000] dNh2  3005.268775: irq_handler_exit: irq=107 ret=handled
          <idle>-0     (-----) [000] d..3  3005.268788: sched_switch: prev_comm=swapper/0 prev_pid=0 prev_prio=120 prev_state=R ==> next_comm=file-storage next_pid=1238 next_prio=120
    file-storage-1238  ( 1238) [000] d..3  3005.268817: sched_switch: prev_comm=file-storage prev_pid=1238 prev_prio=120 prev_state=S ==> next_comm=swapper/0 next_pid=0 next_prio=120
          <idle>-0     (-----) [002] ..s2  3005.268838: softirq_exit: vec=9 [action=RCU]
          <idle>-0     (-----) [000] d.h2  3005.268846: irq_handler_entry: irq=107 name=sunxi_usb_udc
          <idle>-0     (-----) [000] d.h2  3005.268853: irq_handler_exit: irq=107 ret=handled
          <idle>-0     (-----) [000] d.h2  3005.269034: irq_handler_entry: irq=107 name=sunxi_usb_udc
          <idle>-0     (-----) [000] dNh5  3005.269047: sched_wakeup: comm=file-storage pid=1238 prio=120 success=1 target_cpu=000
          <idle>-0     (-----) [000] dNh2  3005.269051: irq_handler_exit: irq=107 ret=handled
          <idle>-0     (-----) [000] d..3  3005.269062: sched_switch: prev_comm=swapper/0 prev_pid=0 prev_prio=120 prev_state=R ==> next_comm=file-storage next_pid=1238 next_prio=120
    file-storage-1238  ( 1238) [000] d.h2  3005.269088: irq_handler_entry: irq=107 name=sunxi_usb_udc
    file-storage-1238  ( 1238) [000] d.h2  3005.269103: irq_handler_exit: irq=107 ret=handled
    file-storage-1238  ( 1238) [000] d..3  3005.269111: sched_switch: prev_comm=file-storage prev_pid=1238 prev_prio=120 prev_state=S ==> next_comm=swapper/0 next_pid=0 next_prio=120
          <idle>-0     (-----) [000] d.h2  3005.269211: irq_handler_entry: irq=107 name=sunxi_usb_udc
          <idle>-0     (-----) [000] d.h2  3005.269217: irq_handler_exit: irq=107 ret=handled
          <idle>-0     (-----) [000] d.h2  3005.269363: irq_handler_entry: irq=107 name=sunxi_usb_udc
          <idle>-0     (-----) [000] dNh5  3005.269377: sched_wakeup: comm=file-storage pid=1238 prio=120 success=1 target_cpu=000
          <idle>-0     (-----) [000] dNh2  3005.269380: irq_handler_exit: irq=107 ret=handled
          <idle>-0     (-----) [000] d..3  3005.269391: sched_switch: prev_comm=swapper/0 prev_pid=0 prev_prio=120 prev_state=R ==> next_comm=file-storage next_pid=1238 next_prio=120
    file-storage-1238  ( 1238) [000] d..3  3005.269418: sched_switch: prev_comm=file-storage prev_pid=1238 prev_prio=120 prev_state=S ==> next_comm=swapper/0 next_pid=0 next_prio=120
          <idle>-0     (-----) [000] d.h2  3005.269457: irq_handler_entry: irq=107 name=sunxi_usb_udc
          <idle>-0     (-----) [000] dNh5  3005.269473: sched_wakeup: comm=file-storage pid=1238 prio=120 success=1 target_cpu=000
          <idle>-0     (-----) [000] dNh2  3005.269477: irq_handler_exit: irq=107 ret=handled
          <idle>-0     (-----) [000] d..3  3005.269488: sched_switch: prev_comm=swapper/0 prev_pid=0 prev_prio=120 prev_state=R ==> next_comm=file-storage next_pid=1238 next_prio=120
    file-storage-1238  ( 1238) [000] d..3  3005.269495: sched_switch: prev_comm=file-storage prev_pid=1238 prev_prio=120 prev_state=S ==> next_comm=swapper/0 next_pid=0 next_prio=120
          <idle>-0     (-----) [000] d.h2  3005.269580: irq_handler_entry: irq=107 name=sunxi_usb_udc
          <idle>-0     (-----) [000] d.h2  3005.269585: irq_handler_exit: irq=107 ret=handled
          <idle>-0     (-----) [000] d.h2  3005.269641: irq_handler_entry: irq=103 name=dispaly
          <idle>-0     (-----) [000] dNh4  3005.269690: sched_wakeup: comm=vsync proc 0 pid=496 prio=120 success=1 target_cpu=000
          <idle>-0     (-----) [000] dNh2  3005.269694: softirq_raise: vec=6 [action=TASKLET]
          <idle>-0     (-----) [000] dNh2  3005.269697: irq_handler_exit: irq=103 ret=handled
          <idle>-0     (-----) [000] .Ns2  3005.269701: softirq_entry: vec=6 [action=TASKLET]
          <idle>-0     (-----) [000] dNH2  3005.269707: irq_handler_entry: irq=107 name=sunxi_usb_udc
          <idle>-0     (-----) [000] dNH5  3005.269722: sched_wakeup: comm=file-storage pid=1238 prio=120 success=1 target_cpu=000
          <idle>-0     (-----) [000] dNH2  3005.269726: irq_handler_exit: irq=107 ret=handled
          <idle>-0     (-----) [000] .Ns2  3005.269734: softirq_exit: vec=6 [action=TASKLET]
          <idle>-0     (-----) [000] d..3  3005.269745: sched_switch: prev_comm=swapper/0 prev_pid=0 prev_prio=120 prev_state=R ==> next_comm=file-storage next_pid=1238 next_prio=120
    file-storage-1238  ( 1238) [000] d..3  3005.269775: sched_switch: prev_comm=file-storage prev_pid=1238 prev_prio=120 prev_state=S ==> next_comm=vsync proc 0 next_pid=496 next_prio=120
    vsync proc 0-496   (  496) [000] d.h1  3005.269825: irq_handler_entry: irq=107 name=sunxi_usb_udc
    vsync proc 0-496   (  496) [000] d.h4  3005.269847: sched_wakeup: comm=file-storage pid=1238 prio=120 success=1 target_cpu=000
    vsync proc 0-496   (  496) [000] d.h1  3005.269851: irq_handler_exit: irq=107 ret=handled
    vsync proc 0-496   (  496) [000] d..4  3005.269875: sched_wakeup: comm=kworker/u12:0 pid=22560 prio=120 success=1 target_cpu=000
    vsync proc 0-496   (  496) [000] d..3  3005.269884: sched_switch: prev_comm=vsync proc 0 prev_pid=496 prev_prio=120 prev_state=D ==> next_comm=file-storage next_pid=1238 next_prio=120
    file-storage-1238  ( 1238) [000] d..3  3005.269894: sched_switch: prev_comm=file-storage prev_pid=1238 prev_prio=120 prev_state=S ==> next_comm=kworker/u12:0 next_pid=22560 next_prio=120
   kworker/u12:0-22560 (22560) [000] d.h1  3005.269949: irq_handler_entry: irq=107 name=sunxi_usb_udc
   kworker/u12:0-22560 (22560) [000] d.h1  3005.269956: irq_handler_exit: irq=107 ret=handled
          <idle>-0     (-----) [001] d..3  3005.270007: sched_switch: prev_comm=swapper/1 prev_pid=0 prev_prio=120 prev_state=R ==> next_comm=kworker/u12:0 next_pid=22424 next_prio=120
   kworker/u12:0-22560 (22560) [000] d..3  3005.270008: sched_switch: prev_comm=kworker/u12:0 prev_pid=22560 prev_prio=120 prev_state=D|K ==> next_comm=swapper/0 next_pid=0 next_prio=120
           <...>-22424 (-----) [001] dN.4  3005.270074: sched_wakeup: comm=migration/1 pid=11 prio=0 success=1 target_cpu=001
           <...>-22424 (-----) [001] d..3  3005.270081: sched_switch: prev_comm=kworker/u12:0 prev_pid=22424 prev_prio=120 prev_state=R+ ==> next_comm=migration/1 next_pid=11 next_prio=0
          <idle>-0     (-----) [002] d..3  3005.270102: sched_switch: prev_comm=swapper/2 prev_pid=0 prev_prio=120 prev_state=R ==> next_comm=kworker/u12:0 next_pid=22424 next_prio=120
     migration/1-11    (   11) [001] d..3  3005.270110: sched_switch: prev_comm=migration/1 prev_pid=11 prev_prio=0 prev_state=S ==> next_comm=swapper/1 next_pid=0 next_prio=120
          <idle>-0     (-----) [000] d.h2  3005.270120: irq_handler_entry: irq=107 name=sunxi_usb_udc
          <idle>-0     (-----) [000] dNh5  3005.270141: sched_wakeup: comm=file-storage pid=1238 prio=120 success=1 target_cpu=000
          <idle>-0     (-----) [000] dNh2  3005.270145: irq_handler_exit: irq=107 ret=handled
          <idle>-0     (-----) [000] d..3  3005.270158: sched_switch: prev_comm=swapper/0 prev_pid=0 prev_prio=120 prev_state=R ==> next_comm=file-storage next_pid=1238 next_prio=120
    file-storage-1238  ( 1238) [000] d..3  3005.270195: sched_switch: prev_comm=file-storage prev_pid=1238 prev_prio=120 prev_state=S ==> next_comm=swapper/0 next_pid=0 next_prio=120
          <idle>-0     (-----) [000] d.h3  3005.270201: irq_handler_entry: irq=107 name=sunxi_usb_udc
          <idle>-0     (-----) [000] d.h3  3005.270209: irq_handler_exit: irq=107 ret=handled
          <idle>-0     (-----) [000] dNh3  3005.270294: sched_wakeup: comm=kworker/u12:0 pid=22560 prio=120 success=1 target_cpu=000
          <idle>-0     (-----) [000] d..3  3005.270305: sched_switch: prev_comm=swapper/0 prev_pid=0 prev_prio=120 prev_state=R ==> next_comm=kworker/u12:0 next_pid=22560 next_prio=120
   kworker/u12:0-22560 (22560) [000] d..4  3005.270319: sched_wakeup: comm=vsync proc 0 pid=496 prio=120 success=1 target_cpu=000
   kworker/u12:0-22560 (22560) [000] d..3  3005.270331: sched_switch: prev_comm=kworker/u12:0 prev_pid=22560 prev_prio=120 prev_state=S ==> next_comm=vsync proc 0 next_pid=496 next_prio=120
    vsync proc 0-496   (  496) [000] d..3  3005.270341: sched_switch: prev_comm=vsync proc 0 prev_pid=496 prev_prio=120 prev_state=S ==> next_comm=swapper/0 next_pid=0 next_prio=120
          <idle>-0     (-----) [000] d.h2  3005.271297: irq_handler_entry: irq=107 name=sunxi_usb_udc
          <idle>-0     (-----) [000] dNh5  3005.271325: sched_wakeup: comm=file-storage pid=1238 prio=120 success=1 target_cpu=000
          <idle>-0     (-----) [000] dNh2  3005.271331: irq_handler_exit: irq=107 ret=handled
          <idle>-0     (-----) [000] d..3  3005.271352: sched_switch: prev_comm=swapper/0 prev_pid=0 prev_prio=120 prev_state=R ==> next_comm=file-storage next_pid=1238 next_prio=120
    file-storage-1238  ( 1238) [000] d..3  3005.271396: sched_switch: prev_comm=file-storage prev_pid=1238 prev_prio=120 prev_state=S ==> next_comm=swapper/0 next_pid=0 next_prio=120
          <idle>-0     (-----) [000] d.h2  3005.271430: irq_handler_entry: irq=107 name=sunxi_usb_udc
          <idle>-0     (-----) [000] dNh5  3005.271452: sched_wakeup: comm=file-storage pid=1238 prio=120 success=1 target_cpu=000
          <idle>-0     (-----) [000] dNh2  3005.271457: irq_handler_exit: irq=107 ret=handled
          <idle>-0     (-----) [000] d..3  3005.271471: sched_switch: prev_comm=swapper/0 prev_pid=0 prev_prio=120 prev_state=R ==> next_comm=file-storage next_pid=1238 next_prio=120
    file-storage-1238  ( 1238) [000] d..3  3005.271480: sched_switch: prev_comm=file-storage prev_pid=1238 prev_prio=120 prev_state=S ==> next_comm=swapper/0 next_pid=0 next_prio=120
          <idle>-0     (-----) [000] d.h2  3005.271549: irq_handler_entry: irq=107 name=sunxi_usb_udc
          <idle>-0     (-----) [000] d.h2  3005.271556: irq_handler_exit: irq=107 ret=handled
          <idle>-0     (-----) [000] d.h2  3005.271683: irq_handler_entry: irq=107 name=sunxi_usb_udc
          <idle>-0     (-----) [000] dNh5  3005.271701: sched_wakeup: comm=file-storage pid=1238 prio=120 success=1 target_cpu=000
          <idle>-0     (-----) [000] dNh2  3005.271707: irq_handler_exit: irq=107 ret=handled
          <idle>-0     (-----) [000] d..3  3005.271723: sched_switch: prev_comm=swapper/0 prev_pid=0 prev_prio=120 prev_state=R ==> next_comm=file-storage next_pid=1238 next_prio=120
    file-storage-1238  ( 1238) [000] d..3  3005.271761: sched_switch: prev_comm=file-storage prev_pid=1238 prev_prio=120 prev_state=S ==> next_comm=swapper/0 next_pid=0 next_prio=120
          <idle>-0     (-----) [000] d.h2  3005.271797: irq_handler_entry: irq=107 name=sunxi_usb_udc
          <idle>-0     (-----) [000] dNh5  3005.271817: sched_wakeup: comm=file-storage pid=1238 prio=120 success=1 target_cpu=000
          <idle>-0     (-----) [000] dNh2  3005.271822: irq_handler_exit: irq=107 ret=handled
          <idle>-0     (-----) [000] d..3  3005.271836: sched_switch: prev_comm=swapper/0 prev_pid=0 prev_prio=120 prev_state=R ==> next_comm=file-storage next_pid=1238 next_prio=120
    file-storage-1238  ( 1238) [000] d..3  3005.271844: sched_switch: prev_comm=file-storage prev_pid=1238 prev_prio=120 prev_state=S ==> next_comm=swapper/0 next_pid=0 next_prio=120
          <idle>-0     (-----) [000] d.h2  3005.271918: irq_handler_entry: irq=107 name=sunxi_usb_udc
          <idle>-0     (-----) [000] d.h2  3005.271927: irq_handler_exit: irq=107 ret=handled
          <idle>-0     (-----) [000] d.h2  3005.272060: irq_handler_entry: irq=107 name=sunxi_usb_udc
          <idle>-0     (-----) [000] dNh5  3005.272079: sched_wakeup: comm=file-storage pid=1238 prio=120 success=1 target_cpu=000
          <idle>-0     (-----) [000] dNh2  3005.272085: irq_handler_exit: irq=107 ret=handled
          <idle>-0     (-----) [000] d..3  3005.272101: sched_switch: prev_comm=swapper/0 prev_pid=0 prev_prio=120 prev_state=R ==> next_comm=file-storage next_pid=1238 next_prio=120
    file-storage-1238  ( 1238) [000] d..3  3005.272136: sched_switch: prev_comm=file-storage prev_pid=1238 prev_prio=120 prev_state=S ==> next_comm=swapper/0 next_pid=0 next_prio=120
          <idle>-0     (-----) [000] d.h2  3005.272169: irq_handler_entry: irq=107 name=sunxi_usb_udc
          <idle>-0     (-----) [000] dNh5  3005.272191: sched_wakeup: comm=file-storage pid=1238 prio=120 success=1 target_cpu=000
          <idle>-0     (-----) [000] dNh2  3005.272196: irq_handler_exit: irq=107 ret=handled
          <idle>-0     (-----) [000] d..3  3005.272211: sched_switch: prev_comm=swapper/0 prev_pid=0 prev_prio=120 prev_state=R ==> next_comm=file-storage next_pid=1238 next_prio=120
    file-storage-1238  ( 1238) [000] d..3  3005.272220: sched_switch: prev_comm=file-storage prev_pid=1238 prev_prio=120 prev_state=S ==> next_comm=swapper/0 next_pid=0 next_prio=120
          <idle>-0     (-----) [000] d.h2  3005.272291: irq_handler_entry: irq=107 name=sunxi_usb_udc
          <idle>-0     (-----) [000] d.h2  3005.272298: irq_handler_exit: irq=107 ret=handled
          <idle>-0     (-----) [000] d.h2  3005.272420: irq_handler_entry: irq=107 name=sunxi_usb_udc
          <idle>-0     (-----) [000] dNh5  3005.272438: sched_wakeup: comm=file-storage pid=1238 prio=120 success=1 target_cpu=000
          <idle>-0     (-----) [000] dNh2  3005.272443: irq_handler_exit: irq=107 ret=handled
          <idle>-0     (-----) [000] d..3  3005.272457: sched_switch: prev_comm=swapper/0 prev_pid=0 prev_prio=120 prev_state=R ==> next_comm=file-storage next_pid=1238 next_prio=120
    file-storage-1238  ( 1238) [000] d..3  3005.272491: sched_switch: prev_comm=file-storage prev_pid=1238 prev_prio=120 prev_state=S ==> next_comm=swapper/0 next_pid=0 next_prio=120
          <idle>-0     (-----) [000] d.h2  3005.272538: irq_handler_entry: irq=107 name=sunxi_usb_udc
          <idle>-0     (-----) [000] dNh5  3005.272559: sched_wakeup: comm=file-storage pid=1238 prio=120 success=1 target_cpu=000
          <idle>-0     (-----) [000] dNh2  3005.272565: irq_handler_exit: irq=107 ret=handled
          <idle>-0     (-----) [000] d..3  3005.272581: sched_switch: prev_comm=swapper/0 prev_pid=0 prev_prio=120 prev_state=R ==> next_comm=file-storage next_pid=1238 next_prio=120
    file-storage-1238  ( 1238) [000] d..3  3005.272591: sched_switch: prev_comm=file-storage prev_pid=1238 prev_prio=120 prev_state=S ==> next_comm=swapper/0 next_pid=0 next_prio=120
          <idle>-0     (-----) [000] d.h2  3005.272657: irq_handler_entry: irq=107 name=sunxi_usb_udc
          <idle>-0     (-----) [000] d.h2  3005.272664: irq_handler_exit: irq=107 ret=handled
          <idle>-0     (-----) [000] d.h2  3005.272799: irq_handler_entry: irq=107 name=sunxi_usb_udc
          <idle>-0     (-----) [000] dNh5  3005.272817: sched_wakeup: comm=file-storage pid=1238 prio=120 success=1 target_cpu=000
          <idle>-0     (-----) [000] dNh2  3005.272821: irq_handler_exit: irq=107 ret=handled
          <idle>-0     (-----) [000] d..3  3005.272842: sched_switch: prev_comm=swapper/0 prev_pid=0 prev_prio=120 prev_state=R ==> next_comm=file-storage next_pid=1238 next_prio=120
    file-storage-1238  ( 1238) [000] d..3  3005.272878: sched_switch: prev_comm=file-storage prev_pid=1238 prev_prio=120 prev_state=S ==> next_comm=swapper/0 next_pid=0 next_prio=120
          <idle>-0     (-----) [000] d.h2  3005.272903: irq_handler_entry: irq=107 name=sunxi_usb_udc
          <idle>-0     (-----) [000] dNh5  3005.272923: sched_wakeup: comm=file-storage pid=1238 prio=120 success=1 target_cpu=000
          <idle>-0     (-----) [000] dNh2  3005.272929: irq_handler_exit: irq=107 ret=handled
          <idle>-0     (-----) [000] d..3  3005.272944: sched_switch: prev_comm=swapper/0 prev_pid=0 prev_prio=120 prev_state=R ==> next_comm=file-storage next_pid=1238 next_prio=120
    file-storage-1238  ( 1238) [000] d..3  3005.272954: sched_switch: prev_comm=file-storage prev_pid=1238 prev_prio=120 prev_state=S ==> next_comm=swapper/0 next_pid=0 next_prio=120
          <idle>-0     (-----) [000] d.h2  3005.273028: irq_handler_entry: irq=107 name=sunxi_usb_udc
          <idle>-0     (-----) [000] d.h2  3005.273035: irq_handler_exit: irq=107 ret=handled
          <idle>-0     (-----) [000] d.h2  3005.273152: irq_handler_entry: irq=107 name=sunxi_usb_udc
          <idle>-0     (-----) [000] dNh5  3005.273170: sched_wakeup: comm=file-storage pid=1238 prio=120 success=1 target_cpu=000
          <idle>-0     (-----) [000] dNh2  3005.273177: irq_handler_exit: irq=107 ret=handled
          <idle>-0     (-----) [000] d..3  3005.273192: sched_switch: prev_comm=swapper/0 prev_pid=0 prev_prio=120 prev_state=R ==> next_comm=file-storage next_pid=1238 next_prio=120
    file-storage-1238  ( 1238) [000] d..3  3005.273229: sched_switch: prev_comm=file-storage prev_pid=1238 prev_prio=120 prev_state=S ==> next_comm=swapper/0 next_pid=0 next_prio=120
          <idle>-0     (-----) [000] d.h2  3005.273271: irq_handler_entry: irq=107 name=sunxi_usb_udc
          <idle>-0     (-----) [000] dNh5  3005.273291: sched_wakeup: comm=file-storage pid=1238 prio=120 success=1 target_cpu=000
          <idle>-0     (-----) [000] dNh2  3005.273296: irq_handler_exit: irq=107 ret=handled
          <idle>-0     (-----) [000] d..3  3005.273309: sched_switch: prev_comm=swapper/0 prev_pid=0 prev_prio=120 prev_state=R ==> next_comm=file-storage next_pid=1238 next_prio=120
    file-storage-1238  ( 1238) [000] d..3  3005.273317: sched_switch: prev_comm=file-storage prev_pid=1238 prev_prio=120 prev_state=S ==> next_comm=swapper/0 next_pid=0 next_prio=120
          <idle>-0     (-----) [000] d.h2  3005.273395: irq_handler_entry: irq=107 name=sunxi_usb_udc
          <idle>-0     (-----) [000] d.h2  3005.273403: irq_handler_exit: irq=107 ret=handled
          <idle>-0     (-----) [000] d.h2  3005.273539: irq_handler_entry: irq=107 name=sunxi_usb_udc
          <idle>-0     (-----) [000] dNh5  3005.273558: sched_wakeup: comm=file-storage pid=1238 prio=120 success=1 target_cpu=000
          <idle>-0     (-----) [000] dNh2  3005.273563: irq_handler_exit: irq=107 ret=handled
          <idle>-0     (-----) [000] d..3  3005.273579: sched_switch: prev_comm=swapper/0 prev_pid=0 prev_prio=120 prev_state=R ==> next_comm=file-storage next_pid=1238 next_prio=120
    file-storage-1238  ( 1238) [000] d..3  3005.273613: sched_switch: prev_comm=file-storage prev_pid=1238 prev_prio=120 prev_state=S ==> next_comm=swapper/0 next_pid=0 next_prio=120
          <idle>-0     (-----) [000] d.h2  3005.273645: irq_handler_entry: irq=107 name=sunxi_usb_udc
          <idle>-0     (-----) [000] dNh5  3005.273670: sched_wakeup: comm=file-storage pid=1238 prio=120 success=1 target_cpu=000
          <idle>-0     (-----) [000] dNh2  3005.273676: irq_handler_exit: irq=107 ret=handled
          <idle>-0     (-----) [000] d..3  3005.273689: sched_switch: prev_comm=swapper/0 prev_pid=0 prev_prio=120 prev_state=R ==> next_comm=file-storage next_pid=1238 next_prio=120
    file-storage-1238  ( 1238) [000] d..3  3005.273697: sched_switch: prev_comm=file-storage prev_pid=1238 prev_prio=120 prev_state=S ==> next_comm=swapper/0 next_pid=0 next_prio=120
          <idle>-0     (-----) [000] d.h2  3005.273763: irq_handler_entry: irq=107 name=sunxi_usb_udc
          <idle>-0     (-----) [000] d.h2  3005.273771: irq_handler_exit: irq=107 ret=handled
          <idle>-0     (-----) [000] d.h2  3005.273896: irq_handler_entry: irq=107 name=sunxi_usb_udc
          <idle>-0     (-----) [000] dNh5  3005.273915: sched_wakeup: comm=file-storage pid=1238 prio=120 success=1 target_cpu=000
          <idle>-0     (-----) [000] dNh2  3005.273920: irq_handler_exit: irq=107 ret=handled
          <idle>-0     (-----) [000] d..3  3005.273933: sched_switch: prev_comm=swapper/0 prev_pid=0 prev_prio=120 prev_state=R ==> next_comm=file-storage next_pid=1238 next_prio=120
    file-storage-1238  ( 1238) [000] d..3  3005.273968: sched_switch: prev_comm=file-storage prev_pid=1238 prev_prio=120 prev_state=S ==> next_comm=swapper/0 next_pid=0 next_prio=120
          <idle>-0     (-----) [000] d.h2  3005.274018: irq_handler_entry: irq=107 name=sunxi_usb_udc
          <idle>-0     (-----) [000] dNh5  3005.274036: sched_wakeup: comm=file-storage pid=1238 prio=120 success=1 target_cpu=000
          <idle>-0     (-----) [000] dNh2  3005.274040: irq_handler_exit: irq=107 ret=handled
          <idle>-0     (-----) [000] d..3  3005.274053: sched_switch: prev_comm=swapper/0 prev_pid=0 prev_prio=120 prev_state=R ==> next_comm=file-storage next_pid=1238 next_prio=120
    file-storage-1238  ( 1238) [000] d..3  3005.274060: sched_switch: prev_comm=file-storage prev_pid=1238 prev_prio=120 prev_state=S ==> next_comm=swapper/0 next_pid=0 next_prio=120
          <idle>-0     (-----) [000] d.h2  3005.274135: irq_handler_entry: irq=107 name=sunxi_usb_udc
          <idle>-0     (-----) [000] d.h2  3005.274143: irq_handler_exit: irq=107 ret=handled
          <idle>-0     (-----) [000] d.h2  3005.274271: irq_handler_entry: irq=107 name=sunxi_usb_udc
          <idle>-0     (-----) [000] dNh5  3005.274287: sched_wakeup: comm=file-storage pid=1238 prio=120 success=1 target_cpu=000
          <idle>-0     (-----) [000] dNh2  3005.274291: irq_handler_exit: irq=107 ret=handled
          <idle>-0     (-----) [000] d..3  3005.274302: sched_switch: prev_comm=swapper/0 prev_pid=0 prev_prio=120 prev_state=R ==> next_comm=file-storage next_pid=1238 next_prio=120
    file-storage-1238  ( 1238) [000] d..3  3005.274330: sched_switch: prev_comm=file-storage prev_pid=1238 prev_prio=120 prev_state=S ==> next_comm=swapper/0 next_pid=0 next_prio=120
          <idle>-0     (-----) [000] d.h2  3005.274377: irq_handler_entry: irq=107 name=sunxi_usb_udc
          <idle>-0     (-----) [000] dNh5  3005.274397: sched_wakeup: comm=file-storage pid=1238 prio=120 success=1 target_cpu=000
          <idle>-0     (-----) [000] dNh2  3005.274401: irq_handler_exit: irq=107 ret=handled
          <idle>-0     (-----) [000] d..3  3005.274412: sched_switch: prev_comm=swapper/0 prev_pid=0 prev_prio=120 prev_state=R ==> next_comm=file-storage next_pid=1238 next_prio=120
    file-storage-1238  ( 1238) [000] d..3  3005.274420: sched_switch: prev_comm=file-storage prev_pid=1238 prev_prio=120 prev_state=S ==> next_comm=swapper/0 next_pid=0 next_prio=120
           <...>-22424 (-----) [002] d..4  3005.274443: sched_switch: prev_comm=mdev prev_pid=22424 prev_prio=120 prev_state=x ==> next_comm=swapper/2 next_pid=0 next_prio=120
          <idle>-0     (-----) [000] d.h2  3005.274500: irq_handler_entry: irq=107 name=sunxi_usb_udc
          <idle>-0     (-----) [000] d.h2  3005.274506: irq_handler_exit: irq=107 ret=handled
          <idle>-0     (-----) [000] d.h2  3005.274628: irq_handler_entry: irq=107 name=sunxi_usb_udc
          <idle>-0     (-----) [000] dNh5  3005.274642: sched_wakeup: comm=file-storage pid=1238 prio=120 success=1 target_cpu=000
          <idle>-0     (-----) [000] dNh2  3005.274646: irq_handler_exit: irq=107 ret=handled
          <idle>-0     (-----) [000] d..3  3005.274656: sched_switch: prev_comm=swapper/0 prev_pid=0 prev_prio=120 prev_state=R ==> next_comm=file-storage next_pid=1238 next_prio=120
    file-storage-1238  ( 1238) [000] d..3  3005.274685: sched_switch: prev_comm=file-storage prev_pid=1238 prev_prio=120 prev_state=S ==> next_comm=swapper/0 next_pid=0 next_prio=120
          <idle>-0     (-----) [000] d.h2  3005.274748: irq_handler_entry: irq=107 name=sunxi_usb_udc
          <idle>-0     (-----) [000] dNh5  3005.274765: sched_wakeup: comm=file-storage pid=1238 prio=120 success=1 target_cpu=000
          <idle>-0     (-----) [000] dNh2  3005.274769: irq_handler_exit: irq=107 ret=handled
          <idle>-0     (-----) [000] d..3  3005.274780: sched_switch: prev_comm=swapper/0 prev_pid=0 prev_prio=120 prev_state=R ==> next_comm=file-storage next_pid=1238 next_prio=120
    file-storage-1238  ( 1238) [000] d..3  3005.274787: sched_switch: prev_comm=file-storage prev_pid=1238 prev_prio=120 prev_state=S ==> next_comm=swapper/0 next_pid=0 next_prio=120
          <idle>-0     (-----) [000] d.h2  3005.274870: irq_handler_entry: irq=107 name=sunxi_usb_udc
          <idle>-0     (-----) [000] d.h2  3005.274875: irq_handler_exit: irq=107 ret=handled
          <idle>-0     (-----) [000] d.h2  3005.275005: irq_handler_entry: irq=107 name=sunxi_usb_udc
          <idle>-0     (-----) [000] dNh5  3005.275019: sched_wakeup: comm=file-storage pid=1238 prio=120 success=1 target_cpu=000
          <idle>-0     (-----) [000] dNh2  3005.275023: irq_handler_exit: irq=107 ret=handled
          <idle>-0     (-----) [000] d..3  3005.275034: sched_switch: prev_comm=swapper/0 prev_pid=0 prev_prio=120 prev_state=R ==> next_comm=file-storage next_pid=1238 next_prio=120
    file-storage-1238  ( 1238) [000] d..3  3005.275061: sched_switch: prev_comm=file-storage prev_pid=1238 prev_prio=120 prev_state=S ==> next_comm=swapper/0 next_pid=0 next_prio=120
          <idle>-0     (-----) [000] d.h2  3005.275115: irq_handler_entry: irq=107 name=sunxi_usb_udc
          <idle>-0     (-----) [000] dNh5  3005.275131: sched_wakeup: comm=file-storage pid=1238 prio=120 success=1 target_cpu=000
          <idle>-0     (-----) [000] dNh2  3005.275135: irq_handler_exit: irq=107 ret=handled
          <idle>-0     (-----) [000] d..3  3005.275146: sched_switch: prev_comm=swapper/0 prev_pid=0 prev_prio=120 prev_state=R ==> next_comm=file-storage next_pid=1238 next_prio=120
    file-storage-1238  ( 1238) [000] d..3  3005.275153: sched_switch: prev_comm=file-storage prev_pid=1238 prev_prio=120 prev_state=S ==> next_comm=swapper/0 next_pid=0 next_prio=120
          <idle>-0     (-----) [000] d.h2  3005.275238: irq_handler_entry: irq=107 name=sunxi_usb_udc
          <idle>-0     (-----) [000] d.h2  3005.275244: irq_handler_exit: irq=107 ret=handled
          <idle>-0     (-----) [000] d.h2  3005.275366: irq_handler_entry: irq=107 name=sunxi_usb_udc
          <idle>-0     (-----) [000] dNh5  3005.275379: sched_wakeup: comm=file-storage pid=1238 prio=120 success=1 target_cpu=000
          <idle>-0     (-----) [000] dNh2  3005.275383: irq_handler_exit: irq=107 ret=handled
          <idle>-0     (-----) [000] d..3  3005.275394: sched_switch: prev_comm=swapper/0 prev_pid=0 prev_prio=120 prev_state=R ==> next_comm=file-storage next_pid=1238 next_prio=120
    file-storage-1238  ( 1238) [000] d..3  3005.275421: sched_switch: prev_comm=file-storage prev_pid=1238 prev_prio=120 prev_state=S ==> next_comm=swapper/0 next_pid=0 next_prio=120
          <idle>-0     (-----) [000] d.h2  3005.275484: irq_handler_entry: irq=107 name=sunxi_usb_udc
          <idle>-0     (-----) [000] dNh5  3005.275501: sched_wakeup: comm=file-storage pid=1238 prio=120 success=1 target_cpu=000
          <idle>-0     (-----) [000] dNh2  3005.275505: irq_handler_exit: irq=107 ret=handled
          <idle>-0     (-----) [000] d..3  3005.275516: sched_switch: prev_comm=swapper/0 prev_pid=0 prev_prio=120 prev_state=R ==> next_comm=file-storage next_pid=1238 next_prio=120
    file-storage-1238  ( 1238) [000] d..3  3005.275523: sched_switch: prev_comm=file-storage prev_pid=1238 prev_prio=120 prev_state=S ==> next_comm=swapper/0 next_pid=0 next_prio=120
          <idle>-0     (-----) [000] d.h2  3005.275607: irq_handler_entry: irq=107 name=sunxi_usb_udc
          <idle>-0     (-----) [000] d.h2  3005.275613: irq_handler_exit: irq=107 ret=handled
          <idle>-0     (-----) [000] d.h2  3005.275796: irq_handler_entry: irq=107 name=sunxi_usb_udc
          <idle>-0     (-----) [000] dNh5  3005.275810: sched_wakeup: comm=file-storage pid=1238 prio=120 success=1 target_cpu=000
          <idle>-0     (-----) [000] dNh2  3005.275814: irq_handler_exit: irq=107 ret=handled
          <idle>-0     (-----) [000] d..3  3005.275825: sched_switch: prev_comm=swapper/0 prev_pid=0 prev_prio=120 prev_state=R ==> next_comm=file-storage next_pid=1238 next_prio=120
    file-storage-1238  ( 1238) [000] d..3  3005.275849: sched_switch: prev_comm=file-storage prev_pid=1238 prev_prio=120 prev_state=S ==> next_comm=swapper/0 next_pid=0 next_prio=120
          <idle>-0     (-----) [000] d.h2  3005.275862: irq_handler_entry: irq=107 name=sunxi_usb_udc
          <idle>-0     (-----) [000] d.h2  3005.275867: irq_handler_exit: irq=107 ret=handled
          <idle>-0     (-----) [000] d.h2  3005.275983: irq_handler_entry: irq=107 name=sunxi_usb_udc
          <idle>-0     (-----) [000] dNh5  3005.275997: sched_wakeup: comm=file-storage pid=1238 prio=120 success=1 target_cpu=000
          <idle>-0     (-----) [000] dNh2  3005.276001: irq_handler_exit: irq=107 ret=handled
          <idle>-0     (-----) [000] d..3  3005.276012: sched_switch: prev_comm=swapper/0 prev_pid=0 prev_prio=120 prev_state=R ==> next_comm=file-storage next_pid=1238 next_prio=120
    file-storage-1238  ( 1238) [000] d..3  3005.276039: sched_switch: prev_comm=file-storage prev_pid=1238 prev_prio=120 prev_state=S ==> next_comm=swapper/0 next_pid=0 next_prio=120
          <idle>-0     (-----) [000] d.h2  3005.276100: irq_handler_entry: irq=107 name=sunxi_usb_udc
          <idle>-0     (-----) [000] dNh5  3005.276117: sched_wakeup: comm=file-storage pid=1238 prio=120 success=1 target_cpu=000
          <idle>-0     (-----) [000] dNh2  3005.276120: irq_handler_exit: irq=107 ret=handled
          <idle>-0     (-----) [000] d..3  3005.276132: sched_switch: prev_comm=swapper/0 prev_pid=0 prev_prio=120 prev_state=R ==> next_comm=file-storage next_pid=1238 next_prio=120
    file-storage-1238  ( 1238) [000] d..3  3005.276138: sched_switch: prev_comm=file-storage prev_pid=1238 prev_prio=120 prev_state=S ==> next_comm=swapper/0 next_pid=0 next_prio=120
          <idle>-0     (-----) [000] d.h2  3005.276222: irq_handler_entry: irq=107 name=sunxi_usb_udc
          <idle>-0     (-----) [000] d.h2  3005.276228: irq_handler_exit: irq=107 ret=handled
          <idle>-0     (-----) [000] d.h2  3005.276358: irq_handler_entry: irq=107 name=sunxi_usb_udc
          <idle>-0     (-----) [000] dNh5  3005.276372: sched_wakeup: comm=file-storage pid=1238 prio=120 success=1 target_cpu=000
          <idle>-0     (-----) [000] dNh2  3005.276376: irq_handler_exit: irq=107 ret=handled
          <idle>-0     (-----) [000] d..3  3005.276387: sched_switch: prev_comm=swapper/0 prev_pid=0 prev_prio=120 prev_state=R ==> next_comm=file-storage next_pid=1238 next_prio=120
    file-storage-1238  ( 1238) [000] d..3  3005.276411: sched_switch: prev_comm=file-storage prev_pid=1238 prev_prio=120 prev_state=S ==> next_comm=swapper/0 next_pid=0 next_prio=120
          <idle>-0     (-----) [000] d.h2  3005.276472: irq_handler_entry: irq=107 name=sunxi_usb_udc
          <idle>-0     (-----) [000] d.h2  3005.276478: irq_handler_exit: irq=107 ret=handled
          <idle>-0     (-----) [000] d.h2  3005.276596: irq_handler_entry: irq=107 name=sunxi_usb_udc
          <idle>-0     (-----) [000] dNh5  3005.276609: sched_wakeup: comm=file-storage pid=1238 prio=120 success=1 target_cpu=000
          <idle>-0     (-----) [000] dNh2  3005.276613: irq_handler_exit: irq=107 ret=handled
          <idle>-0     (-----) [000] d..3  3005.276624: sched_switch: prev_comm=swapper/0 prev_pid=0 prev_prio=120 prev_state=R ==> next_comm=file-storage next_pid=1238 next_prio=120
    file-storage-1238  ( 1238) [000] d..3  3005.276654: sched_switch: prev_comm=file-storage prev_pid=1238 prev_prio=120 prev_state=S ==> next_comm=swapper/0 next_pid=0 next_prio=120
          <idle>-0     (-----) [000] d.h2  3005.276715: irq_handler_entry: irq=107 name=sunxi_usb_udc
          <idle>-0     (-----) [000] dNh5  3005.276732: sched_wakeup: comm=file-storage pid=1238 prio=120 success=1 target_cpu=000
          <idle>-0     (-----) [000] dNh2  3005.276736: irq_handler_exit: irq=107 ret=handled
          <idle>-0     (-----) [000] d..3  3005.276747: sched_switch: prev_comm=swapper/0 prev_pid=0 prev_prio=120 prev_state=R ==> next_comm=file-storage next_pid=1238 next_prio=120
    file-storage-1238  ( 1238) [000] d..3  3005.276754: sched_switch: prev_comm=file-storage prev_pid=1238 prev_prio=120 prev_state=S ==> next_comm=swapper/0 next_pid=0 next_prio=120
          <idle>-0     (-----) [000] d.h2  3005.276836: irq_handler_entry: irq=107 name=sunxi_usb_udc
          <idle>-0     (-----) [000] d.h2  3005.276842: irq_handler_exit: irq=107 ret=handled
          <idle>-0     (-----) [000] d.h2  3005.276977: irq_handler_entry: irq=107 name=sunxi_usb_udc
          <idle>-0     (-----) [000] dNh5  3005.276990: sched_wakeup: comm=file-storage pid=1238 prio=120 success=1 target_cpu=000
          <idle>-0     (-----) [000] dNh2  3005.276994: irq_handler_exit: irq=107 ret=handled
          <idle>-0     (-----) [000] d..3  3005.277005: sched_switch: prev_comm=swapper/0 prev_pid=0 prev_prio=120 prev_state=R ==> next_comm=file-storage next_pid=1238 next_prio=120
    file-storage-1238  ( 1238) [000] d..3  3005.277031: sched_switch: prev_comm=file-storage prev_pid=1238 prev_prio=120 prev_state=S ==> next_comm=swapper/0 next_pid=0 next_prio=120
          <idle>-0     (-----) [000] d.h2  3005.277084: irq_handler_entry: irq=107 name=sunxi_usb_udc
          <idle>-0     (-----) [000] d.h2  3005.277090: irq_handler_exit: irq=107 ret=handled
          <idle>-0     (-----) [000] d.h2  3005.277260: irq_handler_entry: irq=107 name=sunxi_usb_udc
          <idle>-0     (-----) [000] dNh5  3005.277274: sched_wakeup: comm=file-storage pid=1238 prio=120 success=1 target_cpu=000
          <idle>-0     (-----) [000] dNh2  3005.277278: irq_handler_exit: irq=107 ret=handled
          <idle>-0     (-----) [000] d..3  3005.277289: sched_switch: prev_comm=swapper/0 prev_pid=0 prev_prio=120 prev_state=R ==> next_comm=file-storage next_pid=1238 next_prio=120
    file-storage-1238  ( 1238) [000] d..3  3005.277317: sched_switch: prev_comm=file-storage prev_pid=1238 prev_prio=120 prev_state=S ==> next_comm=swapper/0 next_pid=0 next_prio=120
          <idle>-0     (-----) [000] d.h2  3005.277333: irq_handler_entry: irq=107 name=sunxi_usb_udc
          <idle>-0     (-----) [000] dNh5  3005.277350: sched_wakeup: comm=file-storage pid=1238 prio=120 success=1 target_cpu=000
          <idle>-0     (-----) [000] dNh2  3005.277354: irq_handler_exit: irq=107 ret=handled
          <idle>-0     (-----) [000] d..3  3005.277365: sched_switch: prev_comm=swapper/0 prev_pid=0 prev_prio=120 prev_state=R ==> next_comm=file-storage next_pid=1238 next_prio=120
    file-storage-1238  ( 1238) [000] d..3  3005.277372: sched_switch: prev_comm=file-storage prev_pid=1238 prev_prio=120 prev_state=S ==> next_comm=swapper/0 next_pid=0 next_prio=120
          <idle>-0     (-----) [000] d.h2  3005.277452: irq_handler_entry: irq=107 name=sunxi_usb_udc
          <idle>-0     (-----) [000] d.h2  3005.277458: irq_handler_exit: irq=107 ret=handled
          <idle>-0     (-----) [000] d.h2  3005.277588: irq_handler_entry: irq=107 name=sunxi_usb_udc
          <idle>-0     (-----) [000] dNh5  3005.277602: sched_wakeup: comm=file-storage pid=1238 prio=120 success=1 target_cpu=000
          <idle>-0     (-----) [000] dNh2  3005.277606: irq_handler_exit: irq=107 ret=handled
          <idle>-0     (-----) [000] d..3  3005.277617: sched_switch: prev_comm=swapper/0 prev_pid=0 prev_prio=120 prev_state=R ==> next_comm=file-storage next_pid=1238 next_prio=120
    file-storage-1238  ( 1238) [000] d..3  3005.277642: sched_switch: prev_comm=file-storage prev_pid=1238 prev_prio=120 prev_state=S ==> next_comm=swapper/0 next_pid=0 next_prio=120
          <idle>-0     (-----) [000] d.h2  3005.277699: irq_handler_entry: irq=107 name=sunxi_usb_udc
          <idle>-0     (-----) [000] dNh5  3005.277715: sched_wakeup: comm=file-storage pid=1238 prio=120 success=1 target_cpu=000
          <idle>-0     (-----) [000] dNh2  3005.277719: irq_handler_exit: irq=107 ret=handled
          <idle>-0     (-----) [000] d..3  3005.277730: sched_switch: prev_comm=swapper/0 prev_pid=0 prev_prio=120 prev_state=R ==> next_comm=file-storage next_pid=1238 next_prio=120
    file-storage-1238  ( 1238) [000] d..3  3005.277737: sched_switch: prev_comm=file-storage prev_pid=1238 prev_prio=120 prev_state=S ==> next_comm=swapper/0 next_pid=0 next_prio=120
          <idle>-0     (-----) [000] d.h2  3005.277822: irq_handler_entry: irq=107 name=sunxi_usb_udc
          <idle>-0     (-----) [000] d.h2  3005.277827: irq_handler_exit: irq=107 ret=handled
          <idle>-0     (-----) [000] d.h2  3005.277949: irq_handler_entry: irq=107 name=sunxi_usb_udc
          <idle>-0     (-----) [000] dNh5  3005.277962: sched_wakeup: comm=file-storage pid=1238 prio=120 success=1 target_cpu=000
          <idle>-0     (-----) [000] dNh2  3005.277966: irq_handler_exit: irq=107 ret=handled
          <idle>-0     (-----) [000] d..3  3005.277977: sched_switch: prev_comm=swapper/0 prev_pid=0 prev_prio=120 prev_state=R ==> next_comm=file-storage next_pid=1238 next_prio=120
    file-storage-1238  ( 1238) [000] d..3  3005.278005: sched_switch: prev_comm=file-storage prev_pid=1238 prev_prio=120 prev_state=S ==> next_comm=swapper/0 next_pid=0 next_prio=120
          <idle>-0     (-----) [000] d.h2  3005.278068: irq_handler_entry: irq=107 name=sunxi_usb_udc
          <idle>-0     (-----) [000] dNh5  3005.278084: sched_wakeup: comm=file-storage pid=1238 prio=120 success=1 target_cpu=000
          <idle>-0     (-----) [000] dNh2  3005.278088: irq_handler_exit: irq=107 ret=handled
          <idle>-0     (-----) [000] d..3  3005.278099: sched_switch: prev_comm=swapper/0 prev_pid=0 prev_prio=120 prev_state=R ==> next_comm=file-storage next_pid=1238 next_prio=120
    file-storage-1238  ( 1238) [000] d..3  3005.278106: sched_switch: prev_comm=file-storage prev_pid=1238 prev_prio=120 prev_state=S ==> next_comm=swapper/0 next_pid=0 next_prio=120
          <idle>-0     (-----) [000] d.h2  3005.278191: irq_handler_entry: irq=107 name=sunxi_usb_udc
          <idle>-0     (-----) [000] d.h2  3005.278197: irq_handler_exit: irq=107 ret=handled
          <idle>-0     (-----) [000] d.h2  3005.278343: irq_handler_entry: irq=107 name=sunxi_usb_udc
          <idle>-0     (-----) [000] dNh5  3005.278357: sched_wakeup: comm=file-storage pid=1238 prio=120 success=1 target_cpu=000
          <idle>-0     (-----) [000] dNh2  3005.278361: irq_handler_exit: irq=107 ret=handled
          <idle>-0     (-----) [000] d..3  3005.278372: sched_switch: prev_comm=swapper/0 prev_pid=0 prev_prio=120 prev_state=R ==> next_comm=file-storage next_pid=1238 next_prio=120
    file-storage-1238  ( 1238) [000] d..3  3005.278396: sched_switch: prev_comm=file-storage prev_pid=1238 prev_prio=120 prev_state=S ==> next_comm=swapper/0 next_pid=0 next_prio=120
          <idle>-0     (-----) [000] d.h2  3005.278441: irq_handler_entry: irq=107 name=sunxi_usb_udc
          <idle>-0     (-----) [000] d.h2  3005.278447: irq_handler_exit: irq=107 ret=handled
          <idle>-0     (-----) [002] d.h2  3005.278558: irq_handler_entry: irq=29 name=arch_timer
          <idle>-0     (-----) [001] d.h2  3005.278559: irq_handler_entry: irq=29 name=arch_timer
          <idle>-0     (-----) [002] d.h2  3005.278568: softirq_raise: vec=1 [action=TIMER]
          <idle>-0     (-----) [002] d.h2  3005.278573: softirq_raise: vec=9 [action=RCU]
          <idle>-0     (-----) [001] d.h2  3005.278573: softirq_raise: vec=1 [action=TIMER]
          <idle>-0     (-----) [001] d.h2  3005.278579: softirq_raise: vec=7 [action=SCHED]
          <idle>-0     (-----) [002] d.h2  3005.278583: irq_handler_exit: irq=29 ret=handled
          <idle>-0     (-----) [001] d.h2  3005.278584: irq_handler_exit: irq=29 ret=handled
          <idle>-0     (-----) [002] ..s2  3005.278586: softirq_entry: vec=1 [action=TIMER]
          <idle>-0     (-----) [001] ..s2  3005.278588: softirq_entry: vec=1 [action=TIMER]
          <idle>-0     (-----) [002] ..s2  3005.278589: softirq_exit: vec=1 [action=TIMER]
          <idle>-0     (-----) [001] ..s2  3005.278591: softirq_exit: vec=1 [action=TIMER]
          <idle>-0     (-----) [002] ..s2  3005.278591: softirq_entry: vec=9 [action=RCU]
          <idle>-0     (-----) [001] ..s2  3005.278593: softirq_entry: vec=7 [action=SCHED]
          <idle>-0     (-----) [002] ..s2  3005.278597: softirq_exit: vec=9 [action=RCU]
          <idle>-0     (-----) [001] ..s2  3005.278604: softirq_exit: vec=7 [action=SCHED]
          <idle>-0     (-----) [000] d.h2  3005.286043: irq_handler_entry: irq=103 name=dispaly
          <idle>-0     (-----) [000] dNh4  3005.286095: sched_wakeup: comm=vsync proc 0 pid=496 prio=120 success=1 target_cpu=000
          <idle>-0     (-----) [000] dNh2  3005.286099: softirq_raise: vec=6 [action=TASKLET]
          <idle>-0     (-----) [000] dNh2  3005.286102: irq_handler_exit: irq=103 ret=handled
          <idle>-0     (-----) [000] .Ns2  3005.286106: softirq_entry: vec=6 [action=TASKLET]
          <idle>-0     (-----) [000] .Ns2  3005.286116: softirq_exit: vec=6 [action=TASKLET]
          <idle>-0     (-----) [000] d..3  3005.286127: sched_switch: prev_comm=swapper/0 prev_pid=0 prev_prio=120 prev_state=R ==> next_comm=vsync proc 0 next_pid=496 next_prio=120
    vsync proc 0-496   (  496) [000] d..4  3005.286190: sched_wakeup: comm=kworker/u12:0 pid=22560 prio=120 success=1 target_cpu=000
    vsync proc 0-496   (  496) [000] d..3  3005.286201: sched_switch: prev_comm=vsync proc 0 prev_pid=496 prev_prio=120 prev_state=D ==> next_comm=kworker/u12:0 next_pid=22560 next_prio=120
          <idle>-0     (-----) [001] d..3  3005.286296: sched_switch: prev_comm=swapper/1 prev_pid=0 prev_prio=120 prev_state=R ==> next_comm=kworker/u12:0 next_pid=22425 next_prio=120
   kworker/u12:0-22560 (22560) [000] d..3  3005.286304: sched_switch: prev_comm=kworker/u12:0 prev_pid=22560 prev_prio=120 prev_state=D|K ==> next_comm=swapper/0 next_pid=0 next_prio=120
           <...>-22425 (-----) [001] dN.4  3005.286361: sched_wakeup: comm=migration/1 pid=11 prio=0 success=1 target_cpu=001
           <...>-22425 (-----) [001] d..3  3005.286368: sched_switch: prev_comm=kworker/u12:0 prev_pid=22425 prev_prio=120 prev_state=R+ ==> next_comm=migration/1 next_pid=11 next_prio=0
          <idle>-0     (-----) [002] d..3  3005.286389: sched_switch: prev_comm=swapper/2 prev_pid=0 prev_prio=120 prev_state=R ==> next_comm=kworker/u12:0 next_pid=22425 next_prio=120
     migration/1-11    (   11) [001] d..3  3005.286395: sched_switch: prev_comm=migration/1 prev_pid=11 prev_prio=0 prev_state=S ==> next_comm=swapper/1 next_pid=0 next_prio=120
          <idle>-0     (-----) [000] dNh3  3005.286572: sched_wakeup: comm=kworker/u12:0 pid=22560 prio=120 success=1 target_cpu=000
          <idle>-0     (-----) [000] d..3  3005.286585: sched_switch: prev_comm=swapper/0 prev_pid=0 prev_prio=120 prev_state=R ==> next_comm=kworker/u12:0 next_pid=22560 next_prio=120
   kworker/u12:0-22560 (22560) [000] d..4  3005.286597: sched_wakeup: comm=vsync proc 0 pid=496 prio=120 success=1 target_cpu=000
   kworker/u12:0-22560 (22560) [000] d..3  3005.286609: sched_switch: prev_comm=kworker/u12:0 prev_pid=22560 prev_prio=120 prev_state=S ==> next_comm=vsync proc 0 next_pid=496 next_prio=120
    vsync proc 0-496   (  496) [000] d..3  3005.286628: sched_switch: prev_comm=vsync proc 0 prev_pid=496 prev_prio=120 prev_state=S ==> next_comm=swapper/0 next_pid=0 next_prio=120
           <...>-22425 (-----) [002] d.h1  3005.288398: irq_handler_entry: irq=29 name=arch_timer
          <idle>-0     (-----) [001] d.h2  3005.288405: irq_handler_entry: irq=29 name=arch_timer
           <...>-22425 (-----) [002] d.h1  3005.288411: softirq_raise: vec=1 [action=TIMER]
