          <idle>-0     (-----) [001] d.h2  3005.288418: softirq_raise: vec=1 [action=TIMER]
          <idle>-0     (-----) [001] d.h2  3005.288424: softirq_raise: vec=7 [action=SCHED]
          <idle>-0     (-----) [001] d.h2  3005.288432: irq_handler_exit: irq=29 ret=handled
           <...>-22425 (-----) [002] d.h1  3005.288433: irq_handler_exit: irq=29 ret=handled
          <idle>-0     (-----) [001] ..s2  3005.288435: softirq_entry: vec=1 [action=TIMER]
           <...>-22425 (-----) [002] ..s1  3005.288435: softirq_entry: vec=1 [action=TIMER]
           <...>-22425 (-----) [002] ..s1  3005.288439: softirq_exit: vec=1 [action=TIMER]
          <idle>-0     (-----) [001] dNs4  3005.288450: sched_wakeup: comm=rcu_preempt pid=8 prio=120 success=1 target_cpu=001
          <idle>-0     (-----) [001] .Ns2  3005.288456: softirq_exit: vec=1 [action=TIMER]
          <idle>-0     (-----) [001] .Ns2  3005.288459: softirq_entry: vec=7 [action=SCHED]
          <idle>-0     (-----) [001] .Ns2  3005.288473: softirq_exit: vec=7 [action=SCHED]
          <idle>-0     (-----) [001] d..3  3005.288484: sched_switch: prev_comm=swapper/1 prev_pid=0 prev_prio=120 prev_state=R ==> next_comm=rcu_preempt next_pid=8 next_prio=120
     rcu_preempt-8     (    8) [001] d..3  3005.288525: sched_switch: prev_comm=rcu_preempt prev_pid=8 prev_prio=120 prev_state=S ==> next_comm=swapper/1 next_pid=0 next_prio=120
           <...>-22425 (-----) [002] d..4  3005.290665: sched_switch: prev_comm=mdev prev_pid=22425 prev_prio=120 prev_state=x ==> next_comm=swapper/2 next_pid=0 next_prio=120
          <idle>-0     (-----) [002] d.h2  3005.298240: irq_handler_entry: irq=29 name=arch_timer
          <idle>-0     (-----) [001] d.h2  3005.298241: irq_handler_entry: irq=29 name=arch_timer
          <idle>-0     (-----) [002] d.h2  3005.298248: softirq_raise: vec=1 [action=TIMER]
          <idle>-0     (-----) [001] d.h2  3005.298252: softirq_raise: vec=1 [action=TIMER]
          <idle>-0     (-----) [002] d.h2  3005.298252: softirq_raise: vec=9 [action=RCU]
          <idle>-0     (-----) [001] d.h2  3005.298255: softirq_raise: vec=9 [action=RCU]
          <idle>-0     (-----) [001] d.h2  3005.298259: softirq_raise: vec=7 [action=SCHED]
          <idle>-0     (-----) [002] d.h2  3005.298263: irq_handler_exit: irq=29 ret=handled
          <idle>-0     (-----) [001] d.h2  3005.298264: irq_handler_exit: irq=29 ret=handled
          <idle>-0     (-----) [002] ..s2  3005.298267: softirq_entry: vec=1 [action=TIMER]
          <idle>-0     (-----) [001] ..s2  3005.298267: softirq_entry: vec=1 [action=TIMER]
          <idle>-0     (-----) [002] ..s2  3005.298270: softirq_exit: vec=1 [action=TIMER]
          <idle>-0     (-----) [001] ..s2  3005.298270: softirq_exit: vec=1 [action=TIMER]
          <idle>-0     (-----) [002] ..s2  3005.298271: softirq_entry: vec=9 [action=RCU]
          <idle>-0     (-----) [001] ..s2  3005.298272: softirq_entry: vec=7 [action=SCHED]
          <idle>-0     (-----) [001] ..s2  3005.298283: softirq_exit: vec=7 [action=SCHED]
          <idle>-0     (-----) [001] ..s2  3005.298285: softirq_entry: vec=9 [action=RCU]
          <idle>-0     (-----) [001] ..s2  3005.298292: softirq_exit: vec=9 [action=RCU]
          <idle>-0     (-----) [002] ..s2  3005.298346: softirq_exit: vec=9 [action=RCU]
          <idle>-0     (-----) [000] d.h2  3005.302449: irq_handler_entry: irq=103 name=dispaly
          <idle>-0     (-----) [000] dNh4  3005.302502: sched_wakeup: comm=vsync proc 0 pid=496 prio=120 success=1 target_cpu=000
          <idle>-0     (-----) [000] dNh2  3005.302505: softirq_raise: vec=6 [action=TASKLET]
          <idle>-0     (-----) [000] dNh2  3005.302509: irq_handler_exit: irq=103 ret=handled
          <idle>-0     (-----) [000] .Ns2  3005.302516: softirq_entry: vec=6 [action=TASKLET]
          <idle>-0     (-----) [000] .Ns2  3005.302524: softirq_exit: vec=6 [action=TASKLET]
          <idle>-0     (-----) [000] d..3  3005.302540: sched_switch: prev_comm=swapper/0 prev_pid=0 prev_prio=120 prev_state=R ==> next_comm=vsync proc 0 next_pid=496 next_prio=120
    vsync proc 0-496   (  496) [000] d..4  3005.302605: sched_wakeup: comm=kworker/u12:0 pid=22560 prio=120 success=1 target_cpu=000
    vsync proc 0-496   (  496) [000] d..3  3005.302615: sched_switch: prev_comm=vsync proc 0 prev_pid=496 prev_prio=120 prev_state=D ==> next_comm=kworker/u12:0 next_pid=22560 next_prio=120
          <idle>-0     (-----) [001] d..3  3005.302707: sched_switch: prev_comm=swapper/1 prev_pid=0 prev_prio=120 prev_state=R ==> next_comm=kworker/u12:0 next_pid=22426 next_prio=120
   kworker/u12:0-22560 (22560) [000] d..3  3005.302715: sched_switch: prev_comm=kworker/u12:0 prev_pid=22560 prev_prio=120 prev_state=D|K ==> next_comm=swapper/0 next_pid=0 next_prio=120
           <...>-22426 (-----) [001] dN.4  3005.302781: sched_wakeup: comm=migration/1 pid=11 prio=0 success=1 target_cpu=001
           <...>-22426 (-----) [001] d..3  3005.302788: sched_switch: prev_comm=kworker/u12:0 prev_pid=22426 prev_prio=120 prev_state=R+ ==> next_comm=migration/1 next_pid=11 next_prio=0
          <idle>-0     (-----) [002] d..3  3005.302809: sched_switch: prev_comm=swapper/2 prev_pid=0 prev_prio=120 prev_state=R ==> next_comm=kworker/u12:0 next_pid=22426 next_prio=120
     migration/1-11    (   11) [001] d..3  3005.302817: sched_switch: prev_comm=migration/1 prev_pid=11 prev_prio=0 prev_state=S ==> next_comm=swapper/1 next_pid=0 next_prio=120
          <idle>-0     (-----) [000] dNh3  3005.302995: sched_wakeup: comm=kworker/u12:0 pid=22560 prio=120 success=1 target_cpu=000
          <idle>-0     (-----) [000] d..3  3005.303008: sched_switch: prev_comm=swapper/0 prev_pid=0 prev_prio=120 prev_state=R ==> next_comm=kworker/u12:0 next_pid=22560 next_prio=120
   kworker/u12:0-22560 (22560) [000] d..4  3005.303021: sched_wakeup: comm=vsync proc 0 pid=496 prio=120 success=1 target_cpu=000
   kworker/u12:0-22560 (22560) [000] d..3  3005.303034: sched_switch: prev_comm=kworker/u12:0 prev_pid=22560 prev_prio=120 prev_state=S ==> next_comm=vsync proc 0 next_pid=496 next_prio=120
    vsync proc 0-496   (  496) [000] d..3  3005.303052: sched_switch: prev_comm=vsync proc 0 prev_pid=496 prev_prio=120 prev_state=S ==> next_comm=swapper/0 next_pid=0 next_prio=120
           <...>-22426 (-----) [002] d..4  3005.306987: sched_switch: prev_comm=mdev prev_pid=22426 prev_prio=120 prev_state=x ==> next_comm=swapper/2 next_pid=0 next_prio=120
          <idle>-0     (-----) [001] d.h2  3005.308081: irq_handler_entry: irq=29 name=arch_timer
          <idle>-0     (-----) [002] d.h2  3005.308081: irq_handler_entry: irq=29 name=arch_timer
          <idle>-0     (-----) [002] d.h2  3005.308091: softirq_raise: vec=1 [action=TIMER]
          <idle>-0     (-----) [002] d.h2  3005.308095: softirq_raise: vec=9 [action=RCU]
          <idle>-0     (-----) [001] d.h2  3005.308096: softirq_raise: vec=1 [action=TIMER]
          <idle>-0     (-----) [001] d.h2  3005.308102: softirq_raise: vec=7 [action=SCHED]
          <idle>-0     (-----) [002] d.h2  3005.308107: irq_handler_exit: irq=29 ret=handled
          <idle>-0     (-----) [001] d.h2  3005.308108: irq_handler_exit: irq=29 ret=handled
          <idle>-0     (-----) [002] ..s2  3005.308111: softirq_entry: vec=1 [action=TIMER]
          <idle>-0     (-----) [001] ..s2  3005.308112: softirq_entry: vec=1 [action=TIMER]
          <idle>-0     (-----) [001] ..s2  3005.308115: softirq_exit: vec=1 [action=TIMER]
          <idle>-0     (-----) [001] ..s2  3005.308117: softirq_entry: vec=7 [action=SCHED]
          <idle>-0     (-----) [002] ..s2  3005.308118: softirq_exit: vec=1 [action=TIMER]
          <idle>-0     (-----) [002] ..s2  3005.308120: softirq_entry: vec=9 [action=RCU]
          <idle>-0     (-----) [002] ..s2  3005.308125: softirq_exit: vec=9 [action=RCU]
          <idle>-0     (-----) [001] ..s2  3005.308128: softirq_exit: vec=7 [action=SCHED]
          <idle>-0     (-----) [000] d.h2  3005.312215: irq_handler_entry: irq=107 name=sunxi_usb_udc
          <idle>-0     (-----) [000] dNh5  3005.312249: sched_wakeup: comm=file-storage pid=1238 prio=120 success=1 target_cpu=000
          <idle>-0     (-----) [000] dNh2  3005.312255: irq_handler_exit: irq=107 ret=handled
          <idle>-0     (-----) [000] d..3  3005.312275: sched_switch: prev_comm=swapper/0 prev_pid=0 prev_prio=120 prev_state=R ==> next_comm=file-storage next_pid=1238 next_prio=120
    file-storage-1238  ( 1238) [000] d.h2  3005.312316: irq_handler_entry: irq=107 name=sunxi_usb_udc
    file-storage-1238  ( 1238) [000] d.h2  3005.312323: irq_handler_exit: irq=107 ret=handled
    file-storage-1238  ( 1238) [000] d..3  3005.312356: sched_switch: prev_comm=file-storage prev_pid=1238 prev_prio=120 prev_state=S ==> next_comm=swapper/0 next_pid=0 next_prio=120
          <idle>-0     (-----) [000] d.h2  3005.312387: irq_handler_entry: irq=107 name=sunxi_usb_udc
          <idle>-0     (-----) [000] d.h2  3005.312395: irq_handler_exit: irq=107 ret=handled
          <idle>-0     (-----) [000] d.h2  3005.312514: irq_handler_entry: irq=107 name=sunxi_usb_udc
          <idle>-0     (-----) [000] dNh5  3005.312528: sched_wakeup: comm=file-storage pid=1238 prio=120 success=1 target_cpu=000
          <idle>-0     (-----) [000] dNh2  3005.312532: irq_handler_exit: irq=107 ret=handled
          <idle>-0     (-----) [000] d..3  3005.312544: sched_switch: prev_comm=swapper/0 prev_pid=0 prev_prio=120 prev_state=R ==> next_comm=file-storage next_pid=1238 next_prio=120
    file-storage-1238  ( 1238) [000] d..3  3005.312582: sched_switch: prev_comm=file-storage prev_pid=1238 prev_prio=120 prev_state=S ==> next_comm=swapper/0 next_pid=0 next_prio=120
          <idle>-0     (-----) [000] d.h2  3005.312631: irq_handler_entry: irq=107 name=sunxi_usb_udc
          <idle>-0     (-----) [000] dNh5  3005.312648: sched_wakeup: comm=file-storage pid=1238 prio=120 success=1 target_cpu=000
          <idle>-0     (-----) [000] dNh2  3005.312652: irq_handler_exit: irq=107 ret=handled
          <idle>-0     (-----) [000] d..3  3005.312664: sched_switch: prev_comm=swapper/0 prev_pid=0 prev_prio=120 prev_state=R ==> next_comm=file-storage next_pid=1238 next_prio=120
    file-storage-1238  ( 1238) [000] d..3  3005.312676: sched_switch: prev_comm=file-storage prev_pid=1238 prev_prio=120 prev_state=S ==> next_comm=swapper/0 next_pid=0 next_prio=120
          <idle>-0     (-----) [000] d.h2  3005.312754: irq_handler_entry: irq=107 name=sunxi_usb_udc
          <idle>-0     (-----) [000] d.h2  3005.312760: irq_handler_exit: irq=107 ret=handled
          <idle>-0     (-----) [000] d.h2  3005.312899: irq_handler_entry: irq=107 name=sunxi_usb_udc
          <idle>-0     (-----) [000] dNh5  3005.312912: sched_wakeup: comm=file-storage pid=1238 prio=120 success=1 target_cpu=000
          <idle>-0     (-----) [000] dNh2  3005.312916: irq_handler_exit: irq=107 ret=handled
          <idle>-0     (-----) [000] d..3  3005.312927: sched_switch: prev_comm=swapper/0 prev_pid=0 prev_prio=120 prev_state=R ==> next_comm=file-storage next_pid=1238 next_prio=120
    file-storage-1238  ( 1238) [000] d..3  3005.312959: sched_switch: prev_comm=file-storage prev_pid=1238 prev_prio=120 prev_state=S ==> next_comm=swapper/0 next_pid=0 next_prio=120
          <idle>-0     (-----) [000] d.h2  3005.313005: irq_handler_entry: irq=107 name=sunxi_usb_udc
          <idle>-0     (-----) [000] dNh5  3005.313022: sched_wakeup: comm=file-storage pid=1238 prio=120 success=1 target_cpu=000
          <idle>-0     (-----) [000] dNh2  3005.313026: irq_handler_exit: irq=107 ret=handled
          <idle>-0     (-----) [000] d..3  3005.313037: sched_switch: prev_comm=swapper/0 prev_pid=0 prev_prio=120 prev_state=R ==> next_comm=file-storage next_pid=1238 next_prio=120
    file-storage-1238  ( 1238) [000] d..3  3005.313050: sched_switch: prev_comm=file-storage prev_pid=1238 prev_prio=120 prev_state=S ==> next_comm=swapper/0 next_pid=0 next_prio=120
          <idle>-0     (-----) [000] d.h2  3005.313124: irq_handler_entry: irq=107 name=sunxi_usb_udc
          <idle>-0     (-----) [000] d.h2  3005.313130: irq_handler_exit: irq=107 ret=handled
          <idle>-0     (-----) [000] d.h2  3005.313252: irq_handler_entry: irq=107 name=sunxi_usb_udc
          <idle>-0     (-----) [000] dNh5  3005.313265: sched_wakeup: comm=file-storage pid=1238 prio=120 success=1 target_cpu=000
          <idle>-0     (-----) [000] dNh2  3005.313269: irq_handler_exit: irq=107 ret=handled
          <idle>-0     (-----) [000] d..3  3005.313280: sched_switch: prev_comm=swapper/0 prev_pid=0 prev_prio=120 prev_state=R ==> next_comm=file-storage next_pid=1238 next_prio=120
    file-storage-1238  ( 1238) [000] d..3  3005.313314: sched_switch: prev_comm=file-storage prev_pid=1238 prev_prio=120 prev_state=S ==> next_comm=swapper/0 next_pid=0 next_prio=120
          <idle>-0     (-----) [000] d.h2  3005.313374: irq_handler_entry: irq=107 name=sunxi_usb_udc
          <idle>-0     (-----) [000] dNh5  3005.313391: sched_wakeup: comm=file-storage pid=1238 prio=120 success=1 target_cpu=000
          <idle>-0     (-----) [000] dNh2  3005.313395: irq_handler_exit: irq=107 ret=handled
          <idle>-0     (-----) [000] d..3  3005.313406: sched_switch: prev_comm=swapper/0 prev_pid=0 prev_prio=120 prev_state=R ==> next_comm=file-storage next_pid=1238 next_prio=120
    file-storage-1238  ( 1238) [000] d..3  3005.313419: sched_switch: prev_comm=file-storage prev_pid=1238 prev_prio=120 prev_state=S ==> next_comm=swapper/0 next_pid=0 next_prio=120
          <idle>-0     (-----) [000] d.h2  3005.313492: irq_handler_entry: irq=107 name=sunxi_usb_udc
          <idle>-0     (-----) [000] d.h2  3005.313498: irq_handler_exit: irq=107 ret=handled
          <idle>-0     (-----) [000] d.h2  3005.313632: irq_handler_entry: irq=107 name=sunxi_usb_udc
          <idle>-0     (-----) [000] dNh5  3005.313647: sched_wakeup: comm=file-storage pid=1238 prio=120 success=1 target_cpu=000
          <idle>-0     (-----) [000] dNh2  3005.313650: irq_handler_exit: irq=107 ret=handled
          <idle>-0     (-----) [000] d..3  3005.313662: sched_switch: prev_comm=swapper/0 prev_pid=0 prev_prio=120 prev_state=R ==> next_comm=file-storage next_pid=1238 next_prio=120
    file-storage-1238  ( 1238) [000] d..3  3005.313688: sched_switch: prev_comm=file-storage prev_pid=1238 prev_prio=120 prev_state=S ==> next_comm=swapper/0 next_pid=0 next_prio=120
          <idle>-0     (-----) [000] d.h2  3005.313738: irq_handler_entry: irq=107 name=sunxi_usb_udc
          <idle>-0     (-----) [000] dNh5  3005.313754: sched_wakeup: comm=file-storage pid=1238 prio=120 success=1 target_cpu=000
          <idle>-0     (-----) [000] dNh2  3005.313758: irq_handler_exit: irq=107 ret=handled
          <idle>-0     (-----) [000] d..3  3005.313769: sched_switch: prev_comm=swapper/0 prev_pid=0 prev_prio=120 prev_state=R ==> next_comm=file-storage next_pid=1238 next_prio=120
    file-storage-1238  ( 1238) [000] d..3  3005.313776: sched_switch: prev_comm=file-storage prev_pid=1238 prev_prio=120 prev_state=S ==> next_comm=swapper/0 next_pid=0 next_prio=120
          <idle>-0     (-----) [000] d.h2  3005.313866: irq_handler_entry: irq=107 name=sunxi_usb_udc
          <idle>-0     (-----) [000] d.h2  3005.313872: irq_handler_exit: irq=107 ret=handled
          <idle>-0     (-----) [000] d.h2  3005.313993: irq_handler_entry: irq=107 name=sunxi_usb_udc
          <idle>-0     (-----) [000] dNh5  3005.314006: sched_wakeup: comm=file-storage pid=1238 prio=120 success=1 target_cpu=000
          <idle>-0     (-----) [000] dNh2  3005.314010: irq_handler_exit: irq=107 ret=handled
          <idle>-0     (-----) [000] d..3  3005.314026: sched_switch: prev_comm=swapper/0 prev_pid=0 prev_prio=120 prev_state=R ==> next_comm=file-storage next_pid=1238 next_prio=120
    file-storage-1238  ( 1238) [000] d..3  3005.314053: sched_switch: prev_comm=file-storage prev_pid=1238 prev_prio=120 prev_state=S ==> next_comm=swapper/0 next_pid=0 next_prio=120
          <idle>-0     (-----) [000] d.h2  3005.314106: irq_handler_entry: irq=107 name=sunxi_usb_udc
          <idle>-0     (-----) [000] dNh5  3005.314123: sched_wakeup: comm=file-storage pid=1238 prio=120 success=1 target_cpu=000
          <idle>-0     (-----) [000] dNh2  3005.314127: irq_handler_exit: irq=107 ret=handled
          <idle>-0     (-----) [000] d..3  3005.314138: sched_switch: prev_comm=swapper/0 prev_pid=0 prev_prio=120 prev_state=R ==> next_comm=file-storage next_pid=1238 next_prio=120
    file-storage-1238  ( 1238) [000] d..3  3005.314145: sched_switch: prev_comm=file-storage prev_pid=1238 prev_prio=120 prev_state=S ==> next_comm=swapper/0 next_pid=0 next_prio=120
          <idle>-0     (-----) [000] d.h2  3005.314233: irq_handler_entry: irq=107 name=sunxi_usb_udc
          <idle>-0     (-----) [000] d.h2  3005.314239: irq_handler_exit: irq=107 ret=handled
          <idle>-0     (-----) [000] d.h2  3005.314366: irq_handler_entry: irq=107 name=sunxi_usb_udc
          <idle>-0     (-----) [000] dNh5  3005.314380: sched_wakeup: comm=file-storage pid=1238 prio=120 success=1 target_cpu=000
          <idle>-0     (-----) [000] dNh2  3005.314384: irq_handler_exit: irq=107 ret=handled
          <idle>-0     (-----) [000] d..3  3005.314395: sched_switch: prev_comm=swapper/0 prev_pid=0 prev_prio=120 prev_state=R ==> next_comm=file-storage next_pid=1238 next_prio=120
    file-storage-1238  ( 1238) [000] d..3  3005.314422: sched_switch: prev_comm=file-storage prev_pid=1238 prev_prio=120 prev_state=S ==> next_comm=swapper/0 next_pid=0 next_prio=120
          <idle>-0     (-----) [000] d.h2  3005.314476: irq_handler_entry: irq=107 name=sunxi_usb_udc
          <idle>-0     (-----) [000] dNh5  3005.314493: sched_wakeup: comm=file-storage pid=1238 prio=120 success=1 target_cpu=000
          <idle>-0     (-----) [000] dNh2  3005.314497: irq_handler_exit: irq=107 ret=handled
          <idle>-0     (-----) [000] d..3  3005.314508: sched_switch: prev_comm=swapper/0 prev_pid=0 prev_prio=120 prev_state=R ==> next_comm=file-storage next_pid=1238 next_prio=120
    file-storage-1238  ( 1238) [000] d..3  3005.314515: sched_switch: prev_comm=file-storage prev_pid=1238 prev_prio=120 prev_state=S ==> next_comm=swapper/0 next_pid=0 next_prio=120
          <idle>-0     (-----) [000] d.h2  3005.314599: irq_handler_entry: irq=107 name=sunxi_usb_udc
          <idle>-0     (-----) [000] d.h2  3005.314605: irq_handler_exit: irq=107 ret=handled
          <idle>-0     (-----) [000] d.h2  3005.314727: irq_handler_entry: irq=107 name=sunxi_usb_udc
          <idle>-0     (-----) [000] dNh5  3005.314741: sched_wakeup: comm=file-storage pid=1238 prio=120 success=1 target_cpu=000
          <idle>-0     (-----) [000] dNh2  3005.314745: irq_handler_exit: irq=107 ret=handled
          <idle>-0     (-----) [000] d..3  3005.314756: sched_switch: prev_comm=swapper/0 prev_pid=0 prev_prio=120 prev_state=R ==> next_comm=file-storage next_pid=1238 next_prio=120
    file-storage-1238  ( 1238) [000] d..3  3005.314783: sched_switch: prev_comm=file-storage prev_pid=1238 prev_prio=120 prev_state=S ==> next_comm=swapper/0 next_pid=0 next_prio=120
          <idle>-0     (-----) [000] d.h2  3005.314850: irq_handler_entry: irq=107 name=sunxi_usb_udc
          <idle>-0     (-----) [000] dNh5  3005.314867: sched_wakeup: comm=file-storage pid=1238 prio=120 success=1 target_cpu=000
          <idle>-0     (-----) [000] dNh2  3005.314871: irq_handler_exit: irq=107 ret=handled
          <idle>-0     (-----) [000] d..3  3005.314882: sched_switch: prev_comm=swapper/0 prev_pid=0 prev_prio=120 prev_state=R ==> next_comm=file-storage next_pid=1238 next_prio=120
    file-storage-1238  ( 1238) [000] d..3  3005.314889: sched_switch: prev_comm=file-storage prev_pid=1238 prev_prio=120 prev_state=S ==> next_comm=swapper/0 next_pid=0 next_prio=120
          <idle>-0     (-----) [000] d.h2  3005.314973: irq_handler_entry: irq=107 name=sunxi_usb_udc
          <idle>-0     (-----) [000] d.h2  3005.314979: irq_handler_exit: irq=107 ret=handled
          <idle>-0     (-----) [000] d.h2  3005.315113: irq_handler_entry: irq=107 name=sunxi_usb_udc
          <idle>-0     (-----) [000] dNh5  3005.315127: sched_wakeup: comm=file-storage pid=1238 prio=120 success=1 target_cpu=000
          <idle>-0     (-----) [000] dNh2  3005.315130: irq_handler_exit: irq=107 ret=handled
          <idle>-0     (-----) [000] d..3  3005.315141: sched_switch: prev_comm=swapper/0 prev_pid=0 prev_prio=120 prev_state=R ==> next_comm=file-storage next_pid=1238 next_prio=120
    file-storage-1238  ( 1238) [000] d..3  3005.315167: sched_switch: prev_comm=file-storage prev_pid=1238 prev_prio=120 prev_state=S ==> next_comm=swapper/0 next_pid=0 next_prio=120
          <idle>-0     (-----) [000] d.h2  3005.315219: irq_handler_entry: irq=107 name=sunxi_usb_udc
          <idle>-0     (-----) [000] dNh5  3005.315235: sched_wakeup: comm=file-storage pid=1238 prio=120 success=1 target_cpu=000
          <idle>-0     (-----) [000] dNh2  3005.315239: irq_handler_exit: irq=107 ret=handled
          <idle>-0     (-----) [000] d..3  3005.315250: sched_switch: prev_comm=swapper/0 prev_pid=0 prev_prio=120 prev_state=R ==> next_comm=file-storage next_pid=1238 next_prio=120
    file-storage-1238  ( 1238) [000] d..3  3005.315257: sched_switch: prev_comm=file-storage prev_pid=1238 prev_prio=120 prev_state=S ==> next_comm=swapper/0 next_pid=0 next_prio=120
          <idle>-0     (-----) [000] d.h2  3005.315339: irq_handler_entry: irq=107 name=sunxi_usb_udc
          <idle>-0     (-----) [000] d.h2  3005.315345: irq_handler_exit: irq=107 ret=handled
          <idle>-0     (-----) [000] d.h2  3005.315465: irq_handler_entry: irq=107 name=sunxi_usb_udc
          <idle>-0     (-----) [000] dNh5  3005.315479: sched_wakeup: comm=file-storage pid=1238 prio=120 success=1 target_cpu=000
          <idle>-0     (-----) [000] dNh2  3005.315483: irq_handler_exit: irq=107 ret=handled
          <idle>-0     (-----) [000] d..3  3005.315494: sched_switch: prev_comm=swapper/0 prev_pid=0 prev_prio=120 prev_state=R ==> next_comm=file-storage next_pid=1238 next_prio=120
    file-storage-1238  ( 1238) [000] d..3  3005.315522: sched_switch: prev_comm=file-storage prev_pid=1238 prev_prio=120 prev_state=S ==> next_comm=swapper/0 next_pid=0 next_prio=120
          <idle>-0     (-----) [000] d.h2  3005.315584: irq_handler_entry: irq=107 name=sunxi_usb_udc
          <idle>-0     (-----) [000] dNh5  3005.315600: sched_wakeup: comm=file-storage pid=1238 prio=120 success=1 target_cpu=000
          <idle>-0     (-----) [000] dNh2  3005.315604: irq_handler_exit: irq=107 ret=handled
          <idle>-0     (-----) [000] d..3  3005.315615: sched_switch: prev_comm=swapper/0 prev_pid=0 prev_prio=120 prev_state=R ==> next_comm=file-storage next_pid=1238 next_prio=120
    file-storage-1238  ( 1238) [000] d..3  3005.315622: sched_switch: prev_comm=file-storage prev_pid=1238 prev_prio=120 prev_state=S ==> next_comm=swapper/0 next_pid=0 next_prio=120
          <idle>-0     (-----) [000] d.h2  3005.315706: irq_handler_entry: irq=107 name=sunxi_usb_udc
          <idle>-0     (-----) [000] d.h2  3005.315712: irq_handler_exit: irq=107 ret=handled
          <idle>-0     (-----) [000] d.h2  3005.315847: irq_handler_entry: irq=107 name=sunxi_usb_udc
          <idle>-0     (-----) [000] dNh5  3005.315861: sched_wakeup: comm=file-storage pid=1238 prio=120 success=1 target_cpu=000
          <idle>-0     (-----) [000] dNh2  3005.315865: irq_handler_exit: irq=107 ret=handled
          <idle>-0     (-----) [000] d..3  3005.315875: sched_switch: prev_comm=swapper/0 prev_pid=0 prev_prio=120 prev_state=R ==> next_comm=file-storage next_pid=1238 next_prio=120
    file-storage-1238  ( 1238) [000] d..3  3005.315901: sched_switch: prev_comm=file-storage prev_pid=1238 prev_prio=120 prev_state=S ==> next_comm=swapper/0 next_pid=0 next_prio=120
          <idle>-0     (-----) [000] d.h2  3005.315956: irq_handler_entry: irq=107 name=sunxi_usb_udc
          <idle>-0     (-----) [000] dNh5  3005.315973: sched_wakeup: comm=file-storage pid=1238 prio=120 success=1 target_cpu=000
          <idle>-0     (-----) [000] dNh2  3005.315976: irq_handler_exit: irq=107 ret=handled
          <idle>-0     (-----) [000] d..3  3005.315987: sched_switch: prev_comm=swapper/0 prev_pid=0 prev_prio=120 prev_state=R ==> next_comm=file-storage next_pid=1238 next_prio=120
    file-storage-1238  ( 1238) [000] d..3  3005.315994: sched_switch: prev_comm=file-storage prev_pid=1238 prev_prio=120 prev_state=S ==> next_comm=swapper/0 next_pid=0 next_prio=120
          <idle>-0     (-----) [000] d.h2  3005.316076: irq_handler_entry: irq=107 name=sunxi_usb_udc
          <idle>-0     (-----) [000] d.h2  3005.316082: irq_handler_exit: irq=107 ret=handled
          <idle>-0     (-----) [000] d.h2  3005.316204: irq_handler_entry: irq=107 name=sunxi_usb_udc
          <idle>-0     (-----) [000] dNh5  3005.316217: sched_wakeup: comm=file-storage pid=1238 prio=120 success=1 target_cpu=000
          <idle>-0     (-----) [000] dNh2  3005.316221: irq_handler_exit: irq=107 ret=handled
          <idle>-0     (-----) [000] d..3  3005.316232: sched_switch: prev_comm=swapper/0 prev_pid=0 prev_prio=120 prev_state=R ==> next_comm=file-storage next_pid=1238 next_prio=120
    file-storage-1238  ( 1238) [000] d..3  3005.316259: sched_switch: prev_comm=file-storage prev_pid=1238 prev_prio=120 prev_state=S ==> next_comm=swapper/0 next_pid=0 next_prio=120
          <idle>-0     (-----) [000] d.h2  3005.316321: irq_handler_entry: irq=107 name=sunxi_usb_udc
          <idle>-0     (-----) [000] dNh5  3005.316338: sched_wakeup: comm=file-storage pid=1238 prio=120 success=1 target_cpu=000
          <idle>-0     (-----) [000] dNh2  3005.316342: irq_handler_exit: irq=107 ret=handled
          <idle>-0     (-----) [000] d..3  3005.316353: sched_switch: prev_comm=swapper/0 prev_pid=0 prev_prio=120 prev_state=R ==> next_comm=file-storage next_pid=1238 next_prio=120
    file-storage-1238  ( 1238) [000] d..3  3005.316360: sched_switch: prev_comm=file-storage prev_pid=1238 prev_prio=120 prev_state=S ==> next_comm=swapper/0 next_pid=0 next_prio=120
          <idle>-0     (-----) [000] d.h2  3005.316445: irq_handler_entry: irq=107 name=sunxi_usb_udc
          <idle>-0     (-----) [000] d.h2  3005.316450: irq_handler_exit: irq=107 ret=handled
          <idle>-0     (-----) [000] d.h2  3005.316581: irq_handler_entry: irq=107 name=sunxi_usb_udc
          <idle>-0     (-----) [000] dNh5  3005.316595: sched_wakeup: comm=file-storage pid=1238 prio=120 success=1 target_cpu=000
          <idle>-0     (-----) [000] dNh2  3005.316599: irq_handler_exit: irq=107 ret=handled
          <idle>-0     (-----) [000] d..3  3005.316609: sched_switch: prev_comm=swapper/0 prev_pid=0 prev_prio=120 prev_state=R ==> next_comm=file-storage next_pid=1238 next_prio=120
    file-storage-1238  ( 1238) [000] d..3  3005.316635: sched_switch: prev_comm=file-storage prev_pid=1238 prev_prio=120 prev_state=S ==> next_comm=swapper/0 next_pid=0 next_prio=120
          <idle>-0     (-----) [000] d.h2  3005.316695: irq_handler_entry: irq=107 name=sunxi_usb_udc
          <idle>-0     (-----) [000] dNh5  3005.316712: sched_wakeup: comm=file-storage pid=1238 prio=120 success=1 target_cpu=000
          <idle>-0     (-----) [000] dNh2  3005.316716: irq_handler_exit: irq=107 ret=handled
          <idle>-0     (-----) [000] d..3  3005.316727: sched_switch: prev_comm=swapper/0 prev_pid=0 prev_prio=120 prev_state=R ==> next_comm=file-storage next_pid=1238 next_prio=120
    file-storage-1238  ( 1238) [000] d..3  3005.316733: sched_switch: prev_comm=file-storage prev_pid=1238 prev_prio=120 prev_state=S ==> next_comm=swapper/0 next_pid=0 next_prio=120
          <idle>-0     (-----) [000] d.h2  3005.316813: irq_handler_entry: irq=107 name=sunxi_usb_udc
          <idle>-0     (-----) [000] d.h2  3005.316819: irq_handler_exit: irq=107 ret=handled
          <idle>-0     (-----) [000] d.h2  3005.316942: irq_handler_entry: irq=107 name=sunxi_usb_udc
          <idle>-0     (-----) [000] dNh5  3005.316955: sched_wakeup: comm=file-storage pid=1238 prio=120 success=1 target_cpu=000
          <idle>-0     (-----) [000] dNh2  3005.316959: irq_handler_exit: irq=107 ret=handled
          <idle>-0     (-----) [000] d..3  3005.316970: sched_switch: prev_comm=swapper/0 prev_pid=0 prev_prio=120 prev_state=R ==> next_comm=file-storage next_pid=1238 next_prio=120
    file-storage-1238  ( 1238) [000] d..3  3005.316997: sched_switch: prev_comm=file-storage prev_pid=1238 prev_prio=120 prev_state=S ==> next_comm=swapper/0 next_pid=0 next_prio=120
          <idle>-0     (-----) [000] d.h2  3005.317061: irq_handler_entry: irq=107 name=sunxi_usb_udc
          <idle>-0     (-----) [000] dNh5  3005.317077: sched_wakeup: comm=file-storage pid=1238 prio=120 success=1 target_cpu=000
          <idle>-0     (-----) [000] dNh2  3005.317081: irq_handler_exit: irq=107 ret=handled
          <idle>-0     (-----) [000] d..3  3005.317092: sched_switch: prev_comm=swapper/0 prev_pid=0 prev_prio=120 prev_state=R ==> next_comm=file-storage next_pid=1238 next_prio=120
    file-storage-1238  ( 1238) [000] d..3  3005.317099: sched_switch: prev_comm=file-storage prev_pid=1238 prev_prio=120 prev_state=S ==> next_comm=swapper/0 next_pid=0 next_prio=120
          <idle>-0     (-----) [000] d.h2  3005.317186: irq_handler_entry: irq=107 name=sunxi_usb_udc
          <idle>-0     (-----) [000] d.h2  3005.317191: irq_handler_exit: irq=107 ret=handled
          <idle>-0     (-----) [000] d.h2  3005.317319: irq_handler_entry: irq=107 name=sunxi_usb_udc
          <idle>-0     (-----) [000] dNh5  3005.317333: sched_wakeup: comm=file-storage pid=1238 prio=120 success=1 target_cpu=000
          <idle>-0     (-----) [000] dNh2  3005.317337: irq_handler_exit: irq=107 ret=handled
          <idle>-0     (-----) [000] d..3  3005.317347: sched_switch: prev_comm=swapper/0 prev_pid=0 prev_prio=120 prev_state=R ==> next_comm=file-storage next_pid=1238 next_prio=120
    file-storage-1238  ( 1238) [000] d..3  3005.317373: sched_switch: prev_comm=file-storage prev_pid=1238 prev_prio=120 prev_state=S ==> next_comm=swapper/0 next_pid=0 next_prio=120
          <idle>-0     (-----) [000] d.h2  3005.317428: irq_handler_entry: irq=107 name=sunxi_usb_udc
          <idle>-0     (-----) [000] dNh5  3005.317445: sched_wakeup: comm=file-storage pid=1238 prio=120 success=1 target_cpu=000
          <idle>-0     (-----) [000] dNh2  3005.317449: irq_handler_exit: irq=107 ret=handled
          <idle>-0     (-----) [000] d..3  3005.317460: sched_switch: prev_comm=swapper/0 prev_pid=0 prev_prio=120 prev_state=R ==> next_comm=file-storage next_pid=1238 next_prio=120
    file-storage-1238  ( 1238) [000] d..3  3005.317467: sched_switch: prev_comm=file-storage prev_pid=1238 prev_prio=120 prev_state=S ==> next_comm=swapper/0 next_pid=0 next_prio=120
          <idle>-0     (-----) [000] d.h2  3005.317551: irq_handler_entry: irq=107 name=sunxi_usb_udc
          <idle>-0     (-----) [000] d.h2  3005.317557: irq_handler_exit: irq=107 ret=handled
          <idle>-0     (-----) [000] d.h2  3005.317680: irq_handler_entry: irq=107 name=sunxi_usb_udc
          <idle>-0     (-----) [000] dNh5  3005.317694: sched_wakeup: comm=file-storage pid=1238 prio=120 success=1 target_cpu=000
          <idle>-0     (-----) [000] dNh2  3005.317698: irq_handler_exit: irq=107 ret=handled
          <idle>-0     (-----) [000] d..3  3005.317709: sched_switch: prev_comm=swapper/0 prev_pid=0 prev_prio=120 prev_state=R ==> next_comm=file-storage next_pid=1238 next_prio=120
    file-storage-1238  ( 1238) [000] d..3  3005.317736: sched_switch: prev_comm=file-storage prev_pid=1238 prev_prio=120 prev_state=S ==> next_comm=swapper/0 next_pid=0 next_prio=120
          <idle>-0     (-----) [000] d.h2  3005.317802: irq_handler_entry: irq=107 name=sunxi_usb_udc
          <idle>-0     (-----) [000] dNh5  3005.317819: sched_wakeup: comm=file-storage pid=1238 prio=120 success=1 target_cpu=000
          <idle>-0     (-----) [000] dNh2  3005.317822: irq_handler_exit: irq=107 ret=handled
          <idle>-0     (-----) [000] d..3  3005.317833: sched_switch: prev_comm=swapper/0 prev_pid=0 prev_prio=120 prev_state=R ==> next_comm=file-storage next_pid=1238 next_prio=120
    file-storage-1238  ( 1238) [000] d..3  3005.317840: sched_switch: prev_comm=file-storage prev_pid=1238 prev_prio=120 prev_state=S ==> next_comm=swapper/0 next_pid=0 next_prio=120
          <idle>-0     (-----) [001] d.h2  3005.317917: irq_handler_entry: irq=29 name=arch_timer
          <idle>-0     (-----) [002] d.h2  3005.317917: irq_handler_entry: irq=29 name=arch_timer
          <idle>-0     (-----) [001] d.h2  3005.317922: softirq_raise: vec=1 [action=TIMER]
          <idle>-0     (-----) [002] d.h2  3005.317922: softirq_raise: vec=1 [action=TIMER]
          <idle>-0     (-----) [000] d.h2  3005.317924: irq_handler_entry: irq=107 name=sunxi_usb_udc
          <idle>-0     (-----) [001] d.h2  3005.317926: softirq_raise: vec=7 [action=SCHED]
          <idle>-0     (-----) [002] d.h2  3005.317929: irq_handler_exit: irq=29 ret=handled
          <idle>-0     (-----) [000] d.h2  3005.317930: irq_handler_exit: irq=107 ret=handled
          <idle>-0     (-----) [001] d.h2  3005.317930: irq_handler_exit: irq=29 ret=handled
          <idle>-0     (-----) [002] ..s2  3005.317931: softirq_entry: vec=1 [action=TIMER]
          <idle>-0     (-----) [001] ..s2  3005.317932: softirq_entry: vec=1 [action=TIMER]
          <idle>-0     (-----) [002] ..s2  3005.317934: softirq_exit: vec=1 [action=TIMER]
          <idle>-0     (-----) [001] dNs4  3005.317941: sched_wakeup: comm=rcu_preempt pid=8 prio=120 success=1 target_cpu=001
          <idle>-0     (-----) [001] .Ns2  3005.317945: softirq_exit: vec=1 [action=TIMER]
          <idle>-0     (-----) [001] .Ns2  3005.317947: softirq_entry: vec=7 [action=SCHED]
          <idle>-0     (-----) [001] .Ns2  3005.317955: softirq_exit: vec=7 [action=SCHED]
          <idle>-0     (-----) [001] d..3  3005.317963: sched_switch: prev_comm=swapper/1 prev_pid=0 prev_prio=120 prev_state=R ==> next_comm=rcu_preempt next_pid=8 next_prio=120
     rcu_preempt-8     (    8) [001] d..3  3005.317995: sched_switch: prev_comm=rcu_preempt prev_pid=8 prev_prio=120 prev_state=S ==> next_comm=swapper/1 next_pid=0 next_prio=120
          <idle>-0     (-----) [000] d.h2  3005.318084: irq_handler_entry: irq=107 name=sunxi_usb_udc
          <idle>-0     (-----) [000] dNh5  3005.318098: sched_wakeup: comm=file-storage pid=1238 prio=120 success=1 target_cpu=000
          <idle>-0     (-----) [000] dNh2  3005.318102: irq_handler_exit: irq=107 ret=handled
          <idle>-0     (-----) [000] d..3  3005.318113: sched_switch: prev_comm=swapper/0 prev_pid=0 prev_prio=120 prev_state=R ==> next_comm=file-storage next_pid=1238 next_prio=120
    file-storage-1238  ( 1238) [000] d..3  3005.318140: sched_switch: prev_comm=file-storage prev_pid=1238 prev_prio=120 prev_state=S ==> next_comm=swapper/0 next_pid=0 next_prio=120
          <idle>-0     (-----) [000] d.h2  3005.318166: irq_handler_entry: irq=107 name=sunxi_usb_udc
          <idle>-0     (-----) [000] dNh5  3005.318182: sched_wakeup: comm=file-storage pid=1238 prio=120 success=1 target_cpu=000
          <idle>-0     (-----) [000] dNh2  3005.318186: irq_handler_exit: irq=107 ret=handled
          <idle>-0     (-----) [000] d..3  3005.318197: sched_switch: prev_comm=swapper/0 prev_pid=0 prev_prio=120 prev_state=R ==> next_comm=file-storage next_pid=1238 next_prio=120
    file-storage-1238  ( 1238) [000] d..3  3005.318206: sched_switch: prev_comm=file-storage prev_pid=1238 prev_prio=120 prev_state=S ==> next_comm=swapper/0 next_pid=0 next_prio=120
          <idle>-0     (-----) [000] d.h2  3005.318289: irq_handler_entry: irq=107 name=sunxi_usb_udc
          <idle>-0     (-----) [000] d.h2  3005.318295: irq_handler_exit: irq=107 ret=handled
          <idle>-0     (-----) [000] d.h2  3005.318418: irq_handler_entry: irq=107 name=sunxi_usb_udc
          <idle>-0     (-----) [000] dNh5  3005.318431: sched_wakeup: comm=file-storage pid=1238 prio=120 success=1 target_cpu=000
          <idle>-0     (-----) [000] dNh2  3005.318435: irq_handler_exit: irq=107 ret=handled
          <idle>-0     (-----) [000] d..3  3005.318446: sched_switch: prev_comm=swapper/0 prev_pid=0 prev_prio=120 prev_state=R ==> next_comm=file-storage next_pid=1238 next_prio=120
    file-storage-1238  ( 1238) [000] d..3  3005.318473: sched_switch: prev_comm=file-storage prev_pid=1238 prev_prio=120 prev_state=S ==> next_comm=swapper/0 next_pid=0 next_prio=120
          <idle>-0     (-----) [000] d.h2  3005.318537: irq_handler_entry: irq=107 name=sunxi_usb_udc
          <idle>-0     (-----) [000] dNh5  3005.318553: sched_wakeup: comm=file-storage pid=1238 prio=120 success=1 target_cpu=000
          <idle>-0     (-----) [000] dNh2  3005.318557: irq_handler_exit: irq=107 ret=handled
          <idle>-0     (-----) [000] d..3  3005.318568: sched_switch: prev_comm=swapper/0 prev_pid=0 prev_prio=120 prev_state=R ==> next_comm=file-storage next_pid=1238 next_prio=120
    file-storage-1238  ( 1238) [000] d..3  3005.318575: sched_switch: prev_comm=file-storage prev_pid=1238 prev_prio=120 prev_state=S ==> next_comm=swapper/0 next_pid=0 next_prio=120
          <idle>-0     (-----) [000] d.h2  3005.318658: irq_handler_entry: irq=107 name=sunxi_usb_udc
          <idle>-0     (-----) [000] d.h2  3005.318664: irq_handler_exit: irq=107 ret=handled
          <idle>-0     (-----) [000] d.h2  3005.318814: irq_handler_entry: irq=107 name=sunxi_usb_udc
          <idle>-0     (-----) [000] dNh5  3005.318829: sched_wakeup: comm=file-storage pid=1238 prio=120 success=1 target_cpu=000
          <idle>-0     (-----) [000] dNh2  3005.318832: irq_handler_exit: irq=107 ret=handled
          <idle>-0     (-----) [000] d..3  3005.318844: sched_switch: prev_comm=swapper/0 prev_pid=0 prev_prio=120 prev_state=R ==> next_comm=file-storage next_pid=1238 next_prio=120
    file-storage-1238  ( 1238) [000] d.h3  3005.318849: irq_handler_entry: irq=103 name=dispaly
    file-storage-1238  ( 1238) [000] d.h5  3005.318899: sched_wakeup: comm=vsync proc 0 pid=496 prio=120 success=1 target_cpu=000
    file-storage-1238  ( 1238) [000] d.h3  3005.318903: softirq_raise: vec=6 [action=TASKLET]
    file-storage-1238  ( 1238) [000] d.h3  3005.318906: irq_handler_exit: irq=103 ret=handled
    file-storage-1238  ( 1238) [000] ..s3  3005.318910: softirq_entry: vec=6 [action=TASKLET]
    file-storage-1238  ( 1238) [000] ..s3  3005.318918: softirq_exit: vec=6 [action=TASKLET]
    file-storage-1238  ( 1238) [000] d.h1  3005.318942: irq_handler_entry: irq=107 name=sunxi_usb_udc
    file-storage-1238  ( 1238) [000] d.h1  3005.318957: irq_handler_exit: irq=107 ret=handled
    file-storage-1238  ( 1238) [000] d..3  3005.318968: sched_switch: prev_comm=file-storage prev_pid=1238 prev_prio=120 prev_state=S ==> next_comm=vsync proc 0 next_pid=496 next_prio=120
    vsync proc 0-496   (  496) [000] d..4  3005.319030: sched_wakeup: comm=kworker/u12:0 pid=22560 prio=120 success=1 target_cpu=000
    vsync proc 0-496   (  496) [000] d.h1  3005.319035: irq_handler_entry: irq=107 name=sunxi_usb_udc
    vsync proc 0-496   (  496) [000] d.h1  3005.319041: irq_handler_exit: irq=107 ret=handled
    vsync proc 0-496   (  496) [000] d..3  3005.319051: sched_switch: prev_comm=vsync proc 0 prev_pid=496 prev_prio=120 prev_state=D ==> next_comm=kworker/u12:0 next_pid=22560 next_prio=120
          <idle>-0     (-----) [001] d..3  3005.319148: sched_switch: prev_comm=swapper/1 prev_pid=0 prev_prio=120 prev_state=R ==> next_comm=kworker/u12:0 next_pid=22427 next_prio=120
   kworker/u12:0-22560 (22560) [000] d..3  3005.319149: sched_switch: prev_comm=kworker/u12:0 prev_pid=22560 prev_prio=120 prev_state=D|K ==> next_comm=swapper/0 next_pid=0 next_prio=120
          <idle>-0     (-----) [000] d.h3  3005.319156: irq_handler_entry: irq=107 name=sunxi_usb_udc
          <idle>-0     (-----) [000] dNh6  3005.319176: sched_wakeup: comm=file-storage pid=1238 prio=120 success=1 target_cpu=000
          <idle>-0     (-----) [000] dNh3  3005.319181: irq_handler_exit: irq=107 ret=handled
          <idle>-0     (-----) [000] d..3  3005.319189: sched_switch: prev_comm=swapper/0 prev_pid=0 prev_prio=120 prev_state=R ==> next_comm=file-storage next_pid=1238 next_prio=120
           <...>-22427 (-----) [001] dN.4  3005.319212: sched_wakeup: comm=migration/1 pid=11 prio=0 success=1 target_cpu=001
           <...>-22427 (-----) [001] d..3  3005.319219: sched_switch: prev_comm=kworker/u12:0 prev_pid=22427 prev_prio=120 prev_state=R+ ==> next_comm=migration/1 next_pid=11 next_prio=0
    file-storage-1238  ( 1238) [000] d..3  3005.319224: sched_switch: prev_comm=file-storage prev_pid=1238 prev_prio=120 prev_state=S ==> next_comm=swapper/0 next_pid=0 next_prio=120
          <idle>-0     (-----) [002] d..3  3005.319239: sched_switch: prev_comm=swapper/2 prev_pid=0 prev_prio=120 prev_state=R ==> next_comm=kworker/u12:0 next_pid=22427 next_prio=120
     migration/1-11    (   11) [001] d..3  3005.319247: sched_switch: prev_comm=migration/1 prev_pid=11 prev_prio=0 prev_state=S ==> next_comm=swapper/1 next_pid=0 next_prio=120
          <idle>-0     (-----) [000] d.h2  3005.319276: irq_handler_entry: irq=107 name=sunxi_usb_udc
          <idle>-0     (-----) [000] dNh5  3005.319298: sched_wakeup: comm=file-storage pid=1238 prio=120 success=1 target_cpu=000
          <idle>-0     (-----) [000] dNh2  3005.319303: irq_handler_exit: irq=107 ret=handled
          <idle>-0     (-----) [000] d..3  3005.319316: sched_switch: prev_comm=swapper/0 prev_pid=0 prev_prio=120 prev_state=R ==> next_comm=file-storage next_pid=1238 next_prio=120
    file-storage-1238  ( 1238) [000] d..3  3005.319324: sched_switch: prev_comm=file-storage prev_pid=1238 prev_prio=120 prev_state=S ==> next_comm=swapper/0 next_pid=0 next_prio=120
          <idle>-0     (-----) [000] d.h2  3005.319396: irq_handler_entry: irq=107 name=sunxi_usb_udc
          <idle>-0     (-----) [000] d.h2  3005.319402: irq_handler_exit: irq=107 ret=handled
          <idle>-0     (-----) [000] dNh3  3005.319420: sched_wakeup: comm=kworker/u12:0 pid=22560 prio=120 success=1 target_cpu=000
          <idle>-0     (-----) [000] d..3  3005.319432: sched_switch: prev_comm=swapper/0 prev_pid=0 prev_prio=120 prev_state=R ==> next_comm=kworker/u12:0 next_pid=22560 next_prio=120
   kworker/u12:0-22560 (22560) [000] d..4  3005.319444: sched_wakeup: comm=vsync proc 0 pid=496 prio=120 success=1 target_cpu=000
   kworker/u12:0-22560 (22560) [000] d..3  3005.319457: sched_switch: prev_comm=kworker/u12:0 prev_pid=22560 prev_prio=120 prev_state=S ==> next_comm=vsync proc 0 next_pid=496 next_prio=120
    vsync proc 0-496   (  496) [000] d..3  3005.319468: sched_switch: prev_comm=vsync proc 0 prev_pid=496 prev_prio=120 prev_state=S ==> next_comm=swapper/0 next_pid=0 next_prio=120
          <idle>-0     (-----) [000] d.h2  3005.319554: irq_handler_entry: irq=107 name=sunxi_usb_udc
          <idle>-0     (-----) [000] dNh5  3005.319572: sched_wakeup: comm=file-storage pid=1238 prio=120 success=1 target_cpu=000
          <idle>-0     (-----) [000] dNh2  3005.319578: irq_handler_exit: irq=107 ret=handled
          <idle>-0     (-----) [000] d..3  3005.319593: sched_switch: prev_comm=swapper/0 prev_pid=0 prev_prio=120 prev_state=R ==> next_comm=file-storage next_pid=1238 next_prio=120
    file-storage-1238  ( 1238) [000] d..3  3005.319630: sched_switch: prev_comm=file-storage prev_pid=1238 prev_prio=120 prev_state=S ==> next_comm=swapper/0 next_pid=0 next_prio=120
          <idle>-0     (-----) [000] d.h2  3005.319645: irq_handler_entry: irq=107 name=sunxi_usb_udc
          <idle>-0     (-----) [000] dNh5  3005.319667: sched_wakeup: comm=file-storage pid=1238 prio=120 success=1 target_cpu=000
          <idle>-0     (-----) [000] dNh2  3005.319671: irq_handler_exit: irq=107 ret=handled
          <idle>-0     (-----) [000] d..3  3005.319682: sched_switch: prev_comm=swapper/0 prev_pid=0 prev_prio=120 prev_state=R ==> next_comm=file-storage next_pid=1238 next_prio=120
    file-storage-1238  ( 1238) [000] d..3  3005.319689: sched_switch: prev_comm=file-storage prev_pid=1238 prev_prio=120 prev_state=S ==> next_comm=swapper/0 next_pid=0 next_prio=120
          <idle>-0     (-----) [000] d.h2  3005.319775: irq_handler_entry: irq=107 name=sunxi_usb_udc
          <idle>-0     (-----) [000] d.h2  3005.319784: irq_handler_exit: irq=107 ret=handled
          <idle>-0     (-----) [000] d.h2  3005.319901: irq_handler_entry: irq=107 name=sunxi_usb_udc
          <idle>-0     (-----) [000] dNh5  3005.319920: sched_wakeup: comm=file-storage pid=1238 prio=120 success=1 target_cpu=000
          <idle>-0     (-----) [000] dNh2  3005.319925: irq_handler_exit: irq=107 ret=handled
          <idle>-0     (-----) [000] d..3  3005.319941: sched_switch: prev_comm=swapper/0 prev_pid=0 prev_prio=120 prev_state=R ==> next_comm=file-storage next_pid=1238 next_prio=120
    file-storage-1238  ( 1238) [000] d..3  3005.319979: sched_switch: prev_comm=file-storage prev_pid=1238 prev_prio=120 prev_state=S ==> next_comm=swapper/0 next_pid=0 next_prio=120
          <idle>-0     (-----) [000] d.h2  3005.320013: irq_handler_entry: irq=107 name=sunxi_usb_udc
          <idle>-0     (-----) [000] dNh5  3005.320030: sched_wakeup: comm=file-storage pid=1238 prio=120 success=1 target_cpu=000
          <idle>-0     (-----) [000] dNh2  3005.320034: irq_handler_exit: irq=107 ret=handled
          <idle>-0     (-----) [000] d..3  3005.320046: sched_switch: prev_comm=swapper/0 prev_pid=0 prev_prio=120 prev_state=R ==> next_comm=file-storage next_pid=1238 next_prio=120
    file-storage-1238  ( 1238) [000] d..3  3005.320053: sched_switch: prev_comm=file-storage prev_pid=1238 prev_prio=120 prev_state=S ==> next_comm=swapper/0 next_pid=0 next_prio=120
          <idle>-0     (-----) [000] d.h2  3005.320138: irq_handler_entry: irq=107 name=sunxi_usb_udc
          <idle>-0     (-----) [000] d.h2  3005.320146: irq_handler_exit: irq=107 ret=handled
          <idle>-0     (-----) [000] d.h2  3005.320294: irq_handler_entry: irq=107 name=sunxi_usb_udc
          <idle>-0     (-----) [000] dNh5  3005.320313: sched_wakeup: comm=file-storage pid=1238 prio=120 success=1 target_cpu=000
          <idle>-0     (-----) [000] dNh2  3005.320319: irq_handler_exit: irq=107 ret=handled
          <idle>-0     (-----) [000] d..3  3005.320335: sched_switch: prev_comm=swapper/0 prev_pid=0 prev_prio=120 prev_state=R ==> next_comm=file-storage next_pid=1238 next_prio=120
    file-storage-1238  ( 1238) [000] d..3  3005.320370: sched_switch: prev_comm=file-storage prev_pid=1238 prev_prio=120 prev_state=S ==> next_comm=swapper/0 next_pid=0 next_prio=120
          <idle>-0     (-----) [000] d.h2  3005.320387: irq_handler_entry: irq=107 name=sunxi_usb_udc
          <idle>-0     (-----) [000] dNh5  3005.320408: sched_wakeup: comm=file-storage pid=1238 prio=120 success=1 target_cpu=000
          <idle>-0     (-----) [000] dNh2  3005.320413: irq_handler_exit: irq=107 ret=handled
          <idle>-0     (-----) [000] d..3  3005.320425: sched_switch: prev_comm=swapper/0 prev_pid=0 prev_prio=120 prev_state=R ==> next_comm=file-storage next_pid=1238 next_prio=120
    file-storage-1238  ( 1238) [000] d..3  3005.320434: sched_switch: prev_comm=file-storage prev_pid=1238 prev_prio=120 prev_state=S ==> next_comm=swapper/0 next_pid=0 next_prio=120
          <idle>-0     (-----) [000] d.h2  3005.320505: irq_handler_entry: irq=107 name=sunxi_usb_udc
          <idle>-0     (-----) [000] d.h2  3005.320514: irq_handler_exit: irq=107 ret=handled
          <idle>-0     (-----) [000] d.h2  3005.320634: irq_handler_entry: irq=107 name=sunxi_usb_udc
          <idle>-0     (-----) [000] dNh5  3005.320652: sched_wakeup: comm=file-storage pid=1238 prio=120 success=1 target_cpu=000
          <idle>-0     (-----) [000] dNh2  3005.320657: irq_handler_exit: irq=107 ret=handled
          <idle>-0     (-----) [000] d..3  3005.320671: sched_switch: prev_comm=swapper/0 prev_pid=0 prev_prio=120 prev_state=R ==> next_comm=file-storage next_pid=1238 next_prio=120
    file-storage-1238  ( 1238) [000] d..3  3005.320705: sched_switch: prev_comm=file-storage prev_pid=1238 prev_prio=120 prev_state=S ==> next_comm=swapper/0 next_pid=0 next_prio=120
          <idle>-0     (-----) [000] d.h2  3005.320750: irq_handler_entry: irq=107 name=sunxi_usb_udc
          <idle>-0     (-----) [000] dNh5  3005.320771: sched_wakeup: comm=file-storage pid=1238 prio=120 success=1 target_cpu=000
          <idle>-0     (-----) [000] dNh2  3005.320776: irq_handler_exit: irq=107 ret=handled
          <idle>-0     (-----) [000] d..3  3005.320789: sched_switch: prev_comm=swapper/0 prev_pid=0 prev_prio=120 prev_state=R ==> next_comm=file-storage next_pid=1238 next_prio=120
    file-storage-1238  ( 1238) [000] d..3  3005.320797: sched_switch: prev_comm=file-storage prev_pid=1238 prev_prio=120 prev_state=S ==> next_comm=swapper/0 next_pid=0 next_prio=120
          <idle>-0     (-----) [000] d.h2  3005.320882: irq_handler_entry: irq=107 name=sunxi_usb_udc
          <idle>-0     (-----) [000] d.h2  3005.320890: irq_handler_exit: irq=107 ret=handled
          <idle>-0     (-----) [000] d.h2  3005.321037: irq_handler_entry: irq=107 name=sunxi_usb_udc
          <idle>-0     (-----) [000] dNh5  3005.321056: sched_wakeup: comm=file-storage pid=1238 prio=120 success=1 target_cpu=000
          <idle>-0     (-----) [000] dNh2  3005.321062: irq_handler_exit: irq=107 ret=handled
          <idle>-0     (-----) [000] d..3  3005.321079: sched_switch: prev_comm=swapper/0 prev_pid=0 prev_prio=120 prev_state=R ==> next_comm=file-storage next_pid=1238 next_prio=120
