# tracer: nop
#
# entries-in-buffer/entries-written: 27081/27081   #P:6
#
#                                      _-----=> irqs-off
#                                     / _----=> need-resched
#                                    | / _---=> hardirq/softirq
#                                    || / _--=> preempt-depth
#                                    ||| /     delay
#           TASK-PID    TGID   CPU#  ||||    TIMESTAMP  FUNCTION
#              | |        |      |   ||||       |         |
          atrace-22349 (22349) [004] d..3  3004.954056: sched_switch: prev_comm=atrace prev_pid=22349 prev_prio=120 prev_state=S ==> next_comm=swapper/4 next_pid=0 next_prio=120
          <idle>-0     (-----) [000] d.h2  3004.958002: irq_handler_entry: irq=103 name=dispaly
          <idle>-0     (-----) [000] dNh4  3004.958062: sched_wakeup: comm=vsync proc 0 pid=496 prio=120 success=1 target_cpu=000
          <idle>-0     (-----) [000] dNh2  3004.958067: softirq_raise: vec=6 [action=TASKLET]
          <idle>-0     (-----) [000] dNh2  3004.958071: irq_handler_exit: irq=103 ret=handled
          <idle>-0     (-----) [000] .Ns2  3004.958078: softirq_entry: vec=6 [action=TASKLET]
          <idle>-0     (-----) [000] .Ns2  3004.958085: softirq_exit: vec=6 [action=TASKLET]
          <idle>-0     (-----) [000] d..3  3004.958102: sched_switch: prev_comm=swapper/0 prev_pid=0 prev_prio=120 prev_state=R ==> next_comm=vsync proc 0 next_pid=496 next_prio=120
    vsync proc 0-496   (  496) [000] d..4  3004.958167: sched_wakeup: comm=kworker/u12:0 pid=22560 prio=120 success=1 target_cpu=000
    vsync proc 0-496   (  496) [000] d..3  3004.958177: sched_switch: prev_comm=vsync proc 0 prev_pid=496 prev_prio=120 prev_state=D ==> next_comm=kworker/u12:0 next_pid=22560 next_prio=120
          <idle>-0     (-----) [001] d..3  3004.958269: sched_switch: prev_comm=swapper/1 prev_pid=0 prev_prio=120 prev_state=R ==> next_comm=kworker/u12:0 next_pid=22405 next_prio=120
   kworker/u12:0-22560 (22560) [000] d..3  3004.958274: sched_switch: prev_comm=kworker/u12:0 prev_pid=22560 prev_prio=120 prev_state=D|K ==> next_comm=swapper/0 next_pid=0 next_prio=120
           <...>-22405 (-----) [001] dN.4  3004.958333: sched_wakeup: comm=migration/1 pid=11 prio=0 success=1 target_cpu=001
           <...>-22405 (-----) [001] d..3  3004.958339: sched_switch: prev_comm=kworker/u12:0 prev_pid=22405 prev_prio=120 prev_state=R+ ==> next_comm=migration/1 next_pid=11 next_prio=0
          <idle>-0     (-----) [002] d..3  3004.958362: sched_switch: prev_comm=swapper/2 prev_pid=0 prev_prio=120 prev_state=R ==> next_comm=kworker/u12:0 next_pid=22405 next_prio=120
     migration/1-11    (   11) [001] d..3  3004.958367: sched_switch: prev_comm=migration/1 prev_pid=11 prev_prio=0 prev_state=S ==> next_comm=swapper/1 next_pid=0 next_prio=120
          <idle>-0     (-----) [000] dNh3  3004.958538: sched_wakeup: comm=kworker/u12:0 pid=22560 prio=120 success=1 target_cpu=000
          <idle>-0     (-----) [000] d..3  3004.958553: sched_switch: prev_comm=swapper/0 prev_pid=0 prev_prio=120 prev_state=R ==> next_comm=kworker/u12:0 next_pid=22560 next_prio=120
   kworker/u12:0-22560 (22560) [000] d..4  3004.958564: sched_wakeup: comm=vsync proc 0 pid=496 prio=120 success=1 target_cpu=000
   kworker/u12:0-22560 (22560) [000] d..3  3004.958576: sched_switch: prev_comm=kworker/u12:0 prev_pid=22560 prev_prio=120 prev_state=S ==> next_comm=vsync proc 0 next_pid=496 next_prio=120
    vsync proc 0-496   (  496) [000] d..3  3004.958593: sched_switch: prev_comm=vsync proc 0 prev_pid=496 prev_prio=120 prev_state=S ==> next_comm=swapper/0 next_pid=0 next_prio=120
           <...>-22405 (-----) [002] d..4  3004.962515: sched_switch: prev_comm=mdev prev_pid=22405 prev_prio=120 prev_state=x ==> next_comm=swapper/2 next_pid=0 next_prio=120
          <idle>-0     (-----) [004] d.h2  3004.963679: irq_handler_entry: irq=29 name=arch_timer
          <idle>-0     (-----) [002] d.h2  3004.963681: irq_handler_entry: irq=29 name=arch_timer
          <idle>-0     (-----) [001] d.h2  3004.963681: irq_handler_entry: irq=29 name=arch_timer
          <idle>-0     (-----) [004] d.h2  3004.963687: softirq_raise: vec=1 [action=TIMER]
          <idle>-0     (-----) [002] d.h2  3004.963692: softirq_raise: vec=1 [action=TIMER]
          <idle>-0     (-----) [004] d.h2  3004.963699: irq_handler_exit: irq=29 ret=handled
          <idle>-0     (-----) [001] d.h2  3004.963699: softirq_raise: vec=1 [action=TIMER]
          <idle>-0     (-----) [004] ..s2  3004.963703: softirq_entry: vec=1 [action=TIMER]
          <idle>-0     (-----) [004] ..s2  3004.963707: softirq_exit: vec=1 [action=TIMER]
          <idle>-0     (-----) [002] d.h2  3004.963707: irq_handler_exit: irq=29 ret=handled
          <idle>-0     (-----) [001] d.h2  3004.963707: softirq_raise: vec=7 [action=SCHED]
          <idle>-0     (-----) [002] ..s2  3004.963712: softirq_entry: vec=1 [action=TIMER]
          <idle>-0     (-----) [001] d.h2  3004.963713: irq_handler_exit: irq=29 ret=handled
          <idle>-0     (-----) [002] ..s2  3004.963715: softirq_exit: vec=1 [action=TIMER]
          <idle>-0     (-----) [001] ..s2  3004.963716: softirq_entry: vec=1 [action=TIMER]
          <idle>-0     (-----) [001] dNs4  3004.963731: sched_wakeup: comm=rcu_preempt pid=8 prio=120 success=1 target_cpu=001
          <idle>-0     (-----) [001] .Ns2  3004.963736: softirq_exit: vec=1 [action=TIMER]
          <idle>-0     (-----) [001] .Ns2  3004.963738: softirq_entry: vec=7 [action=SCHED]
          <idle>-0     (-----) [001] .Ns2  3004.963747: softirq_exit: vec=7 [action=SCHED]
          <idle>-0     (-----) [001] d..3  3004.963756: sched_switch: prev_comm=swapper/1 prev_pid=0 prev_prio=120 prev_state=R ==> next_comm=rcu_preempt next_pid=8 next_prio=120
     rcu_preempt-8     (    8) [001] d..3  3004.963792: sched_switch: prev_comm=rcu_preempt prev_pid=8 prev_prio=120 prev_state=S ==> next_comm=swapper/1 next_pid=0 next_prio=120
          <idle>-0     (-----) [004] d.h2  3004.973516: irq_handler_entry: irq=29 name=arch_timer
          <idle>-0     (-----) [001] d.h2  3004.973517: irq_handler_entry: irq=29 name=arch_timer
          <idle>-0     (-----) [002] d.h2  3004.973517: irq_handler_entry: irq=29 name=arch_timer
          <idle>-0     (-----) [004] d.h2  3004.973521: softirq_raise: vec=1 [action=TIMER]
          <idle>-0     (-----) [002] d.h2  3004.973522: softirq_raise: vec=1 [action=TIMER]
          <idle>-0     (-----) [004] d.h2  3004.973524: softirq_raise: vec=9 [action=RCU]
          <idle>-0     (-----) [002] d.h2  3004.973525: softirq_raise: vec=9 [action=RCU]
          <idle>-0     (-----) [001] d.h2  3004.973526: softirq_raise: vec=1 [action=TIMER]
          <idle>-0     (-----) [001] d.h2  3004.973529: softirq_raise: vec=9 [action=RCU]
          <idle>-0     (-----) [004] d.h2  3004.973529: irq_handler_exit: irq=29 ret=handled
          <idle>-0     (-----) [002] d.h2  3004.973530: irq_handler_exit: irq=29 ret=handled
          <idle>-0     (-----) [004] ..s2  3004.973532: softirq_entry: vec=1 [action=TIMER]
          <idle>-0     (-----) [002] ..s2  3004.973532: softirq_entry: vec=1 [action=TIMER]
          <idle>-0     (-----) [001] d.h2  3004.973532: softirq_raise: vec=7 [action=SCHED]
          <idle>-0     (-----) [004] ..s2  3004.973534: softirq_exit: vec=1 [action=TIMER]
          <idle>-0     (-----) [002] ..s2  3004.973535: softirq_exit: vec=1 [action=TIMER]
          <idle>-0     (-----) [004] ..s2  3004.973536: softirq_entry: vec=9 [action=RCU]
          <idle>-0     (-----) [002] ..s2  3004.973537: softirq_entry: vec=9 [action=RCU]
          <idle>-0     (-----) [001] d.h2  3004.973537: irq_handler_exit: irq=29 ret=handled
          <idle>-0     (-----) [001] ..s2  3004.973540: softirq_entry: vec=1 [action=TIMER]
          <idle>-0     (-----) [002] ..s2  3004.973540: softirq_exit: vec=9 [action=RCU]
          <idle>-0     (-----) [004] ..s2  3004.973541: softirq_exit: vec=9 [action=RCU]
          <idle>-0     (-----) [001] ..s2  3004.973542: softirq_exit: vec=1 [action=TIMER]
          <idle>-0     (-----) [001] ..s2  3004.973544: softirq_entry: vec=7 [action=SCHED]
          <idle>-0     (-----) [001] ..s2  3004.973553: softirq_exit: vec=7 [action=SCHED]
          <idle>-0     (-----) [001] ..s2  3004.973555: softirq_entry: vec=9 [action=RCU]
          <idle>-0     (-----) [001] ..s2  3004.973562: softirq_exit: vec=9 [action=RCU]
          <idle>-0     (-----) [000] d.h2  3004.974403: irq_handler_entry: irq=103 name=dispaly
          <idle>-0     (-----) [000] dNh4  3004.974450: sched_wakeup: comm=vsync proc 0 pid=496 prio=120 success=1 target_cpu=000
          <idle>-0     (-----) [000] dNh2  3004.974454: softirq_raise: vec=6 [action=TASKLET]
          <idle>-0     (-----) [000] dNh2  3004.974457: irq_handler_exit: irq=103 ret=handled
          <idle>-0     (-----) [000] .Ns2  3004.974464: softirq_entry: vec=6 [action=TASKLET]
          <idle>-0     (-----) [000] .Ns2  3004.974472: softirq_exit: vec=6 [action=TASKLET]
          <idle>-0     (-----) [000] d..3  3004.974487: sched_switch: prev_comm=swapper/0 prev_pid=0 prev_prio=120 prev_state=R ==> next_comm=vsync proc 0 next_pid=496 next_prio=120
    vsync proc 0-496   (  496) [000] d..4  3004.974550: sched_wakeup: comm=kworker/u12:0 pid=22560 prio=120 success=1 target_cpu=000
    vsync proc 0-496   (  496) [000] d..3  3004.974559: sched_switch: prev_comm=vsync proc 0 prev_pid=496 prev_prio=120 prev_state=D ==> next_comm=kworker/u12:0 next_pid=22560 next_prio=120
          <idle>-0     (-----) [001] d..3  3004.974648: sched_switch: prev_comm=swapper/1 prev_pid=0 prev_prio=120 prev_state=R ==> next_comm=kworker/u12:0 next_pid=22406 next_prio=120
   kworker/u12:0-22560 (22560) [000] d..3  3004.974657: sched_switch: prev_comm=kworker/u12:0 prev_pid=22560 prev_prio=120 prev_state=D|K ==> next_comm=swapper/0 next_pid=0 next_prio=120
           <...>-22406 (-----) [001] dN.4  3004.974710: sched_wakeup: comm=migration/1 pid=11 prio=0 success=1 target_cpu=001
           <...>-22406 (-----) [001] d..3  3004.974717: sched_switch: prev_comm=kworker/u12:0 prev_pid=22406 prev_prio=120 prev_state=R+ ==> next_comm=migration/1 next_pid=11 next_prio=0
          <idle>-0     (-----) [002] d..3  3004.974738: sched_switch: prev_comm=swapper/2 prev_pid=0 prev_prio=120 prev_state=R ==> next_comm=kworker/u12:0 next_pid=22406 next_prio=120
     migration/1-11    (   11) [001] d..3  3004.974744: sched_switch: prev_comm=migration/1 prev_pid=11 prev_prio=0 prev_state=S ==> next_comm=swapper/1 next_pid=0 next_prio=120
          <idle>-0     (-----) [000] dNh3  3004.974921: sched_wakeup: comm=kworker/u12:0 pid=22560 prio=120 success=1 target_cpu=000
          <idle>-0     (-----) [000] d..3  3004.974935: sched_switch: prev_comm=swapper/0 prev_pid=0 prev_prio=120 prev_state=R ==> next_comm=kworker/u12:0 next_pid=22560 next_prio=120
   kworker/u12:0-22560 (22560) [000] d..4  3004.974947: sched_wakeup: comm=vsync proc 0 pid=496 prio=120 success=1 target_cpu=000
   kworker/u12:0-22560 (22560) [000] d..3  3004.974959: sched_switch: prev_comm=kworker/u12:0 prev_pid=22560 prev_prio=120 prev_state=S ==> next_comm=vsync proc 0 next_pid=496 next_prio=120
    vsync proc 0-496   (  496) [000] d..3  3004.974977: sched_switch: prev_comm=vsync proc 0 prev_pid=496 prev_prio=120 prev_state=S ==> next_comm=swapper/0 next_pid=0 next_prio=120
           <...>-22406 (-----) [002] d..4  3004.978883: sched_switch: prev_comm=mdev prev_pid=22406 prev_prio=120 prev_state=x ==> next_comm=swapper/2 next_pid=0 next_prio=120
          <idle>-0     (-----) [004] d.h2  3004.983358: irq_handler_entry: irq=29 name=arch_timer
          <idle>-0     (-----) [002] d.h2  3004.983360: irq_handler_entry: irq=29 name=arch_timer
          <idle>-0     (-----) [001] d.h2  3004.983361: irq_handler_entry: irq=29 name=arch_timer
          <idle>-0     (-----) [004] d.h2  3004.983363: softirq_raise: vec=1 [action=TIMER]
          <idle>-0     (-----) [004] d.h2  3004.983366: softirq_raise: vec=9 [action=RCU]
          <idle>-0     (-----) [002] d.h2  3004.983370: softirq_raise: vec=1 [action=TIMER]
          <idle>-0     (-----) [004] d.h2  3004.983373: irq_handler_exit: irq=29 ret=handled
          <idle>-0     (-----) [002] d.h2  3004.983375: softirq_raise: vec=9 [action=RCU]
          <idle>-0     (-----) [004] ..s2  3004.983375: softirq_entry: vec=1 [action=TIMER]
          <idle>-0     (-----) [001] d.h2  3004.983378: softirq_raise: vec=1 [action=TIMER]
          <idle>-0     (-----) [004] ..s2  3004.983379: softirq_exit: vec=1 [action=TIMER]
          <idle>-0     (-----) [004] ..s2  3004.983381: softirq_entry: vec=9 [action=RCU]
          <idle>-0     (-----) [001] d.h2  3004.983385: softirq_raise: vec=7 [action=SCHED]
          <idle>-0     (-----) [004] ..s2  3004.983387: softirq_exit: vec=9 [action=RCU]
          <idle>-0     (-----) [002] d.h2  3004.983389: irq_handler_exit: irq=29 ret=handled
          <idle>-0     (-----) [001] d.h2  3004.983390: irq_handler_exit: irq=29 ret=handled
          <idle>-0     (-----) [002] ..s2  3004.983393: softirq_entry: vec=1 [action=TIMER]
          <idle>-0     (-----) [001] ..s2  3004.983394: softirq_entry: vec=1 [action=TIMER]
          <idle>-0     (-----) [002] ..s2  3004.983396: softirq_exit: vec=1 [action=TIMER]
          <idle>-0     (-----) [001] ..s2  3004.983397: softirq_exit: vec=1 [action=TIMER]
          <idle>-0     (-----) [002] ..s2  3004.983398: softirq_entry: vec=9 [action=RCU]
          <idle>-0     (-----) [001] ..s2  3004.983398: softirq_entry: vec=7 [action=SCHED]
          <idle>-0     (-----) [001] ..s2  3004.983410: softirq_exit: vec=7 [action=SCHED]
          <idle>-0     (-----) [002] ..s2  3004.983460: softirq_exit: vec=9 [action=RCU]
          <idle>-0     (-----) [000] d.h2  3004.990805: irq_handler_entry: irq=103 name=dispaly
          <idle>-0     (-----) [000] dNh4  3004.990855: sched_wakeup: comm=vsync proc 0 pid=496 prio=120 success=1 target_cpu=000
          <idle>-0     (-----) [000] dNh2  3004.990859: softirq_raise: vec=6 [action=TASKLET]
          <idle>-0     (-----) [000] dNh2  3004.990863: irq_handler_exit: irq=103 ret=handled
          <idle>-0     (-----) [000] .Ns2  3004.990869: softirq_entry: vec=6 [action=TASKLET]
          <idle>-0     (-----) [000] .Ns2  3004.990877: softirq_exit: vec=6 [action=TASKLET]
          <idle>-0     (-----) [000] d..3  3004.990894: sched_switch: prev_comm=swapper/0 prev_pid=0 prev_prio=120 prev_state=R ==> next_comm=vsync proc 0 next_pid=496 next_prio=120
    vsync proc 0-496   (  496) [000] d..4  3004.990956: sched_wakeup: comm=kworker/u12:0 pid=22560 prio=120 success=1 target_cpu=000
    vsync proc 0-496   (  496) [000] d..3  3004.990967: sched_switch: prev_comm=vsync proc 0 prev_pid=496 prev_prio=120 prev_state=D ==> next_comm=kworker/u12:0 next_pid=22560 next_prio=120
          <idle>-0     (-----) [001] d..3  3004.991064: sched_switch: prev_comm=swapper/1 prev_pid=0 prev_prio=120 prev_state=R ==> next_comm=kworker/u12:0 next_pid=22407 next_prio=120
   kworker/u12:0-22560 (22560) [000] d..3  3004.991071: sched_switch: prev_comm=kworker/u12:0 prev_pid=22560 prev_prio=120 prev_state=D|K ==> next_comm=swapper/0 next_pid=0 next_prio=120
           <...>-22407 (-----) [001] dN.4  3004.991126: sched_wakeup: comm=migration/1 pid=11 prio=0 success=1 target_cpu=001
           <...>-22407 (-----) [001] d..3  3004.991132: sched_switch: prev_comm=kworker/u12:0 prev_pid=22407 prev_prio=120 prev_state=R+ ==> next_comm=migration/1 next_pid=11 next_prio=0
          <idle>-0     (-----) [002] d..3  3004.991153: sched_switch: prev_comm=swapper/2 prev_pid=0 prev_prio=120 prev_state=R ==> next_comm=kworker/u12:0 next_pid=22407 next_prio=120
     migration/1-11    (   11) [001] d..3  3004.991160: sched_switch: prev_comm=migration/1 prev_pid=11 prev_prio=0 prev_state=S ==> next_comm=swapper/1 next_pid=0 next_prio=120
          <idle>-0     (-----) [000] dNh3  3004.991335: sched_wakeup: comm=kworker/u12:0 pid=22560 prio=120 success=1 target_cpu=000
          <idle>-0     (-----) [000] d..3  3004.991348: sched_switch: prev_comm=swapper/0 prev_pid=0 prev_prio=120 prev_state=R ==> next_comm=kworker/u12:0 next_pid=22560 next_prio=120
   kworker/u12:0-22560 (22560) [000] d..4  3004.991360: sched_wakeup: comm=vsync proc 0 pid=496 prio=120 success=1 target_cpu=000
   kworker/u12:0-22560 (22560) [000] d..3  3004.991372: sched_switch: prev_comm=kworker/u12:0 prev_pid=22560 prev_prio=120 prev_state=S ==> next_comm=vsync proc 0 next_pid=496 next_prio=120
    vsync proc 0-496   (  496) [000] d..3  3004.991389: sched_switch: prev_comm=vsync proc 0 prev_pid=496 prev_prio=120 prev_state=S ==> next_comm=swapper/0 next_pid=0 next_prio=120
          <idle>-0     (-----) [004] d.h2  3004.993198: irq_handler_entry: irq=29 name=arch_timer
           <...>-22407 (-----) [002] d.h1  3004.993199: irq_handler_entry: irq=29 name=arch_timer
          <idle>-0     (-----) [001] d.h2  3004.993200: irq_handler_entry: irq=29 name=arch_timer
          <idle>-0     (-----) [004] d.h2  3004.993203: softirq_raise: vec=1 [action=TIMER]
          <idle>-0     (-----) [004] d.h2  3004.993211: irq_handler_exit: irq=29 ret=handled
           <...>-22407 (-----) [002] d.h1  3004.993212: softirq_raise: vec=1 [action=TIMER]
          <idle>-0     (-----) [004] ..s2  3004.993214: softirq_entry: vec=1 [action=TIMER]
           <...>-22407 (-----) [002] d.h1  3004.993216: softirq_raise: vec=9 [action=RCU]
          <idle>-0     (-----) [001] d.h2  3004.993217: softirq_raise: vec=1 [action=TIMER]
          <idle>-0     (-----) [001] d.h2  3004.993223: softirq_raise: vec=7 [action=SCHED]
          <idle>-0     (-----) [004] dNs4  3004.993226: sched_wakeup: comm=tve detect pid=1218 prio=120 success=1 target_cpu=004
          <idle>-0     (-----) [004] .Ns2  3004.993231: softirq_exit: vec=1 [action=TIMER]
          <idle>-0     (-----) [001] d.h2  3004.993232: irq_handler_exit: irq=29 ret=handled
           <...>-22407 (-----) [002] d.h1  3004.993234: irq_handler_exit: irq=29 ret=handled
          <idle>-0     (-----) [001] ..s2  3004.993235: softirq_entry: vec=1 [action=TIMER]
           <...>-22407 (-----) [002] ..s1  3004.993237: softirq_entry: vec=1 [action=TIMER]
          <idle>-0     (-----) [004] d..3  3004.993239: sched_switch: prev_comm=swapper/4 prev_pid=0 prev_prio=120 prev_state=R ==> next_comm=tve detect next_pid=1218 next_prio=120
           <...>-22407 (-----) [002] ..s1  3004.993240: softirq_exit: vec=1 [action=TIMER]
           <...>-22407 (-----) [002] ..s1  3004.993243: softirq_entry: vec=9 [action=RCU]
          <idle>-0     (-----) [001] dNs4  3004.993248: sched_wakeup: comm=rcu_preempt pid=8 prio=120 success=1 target_cpu=001
           <...>-22407 (-----) [002] ..s1  3004.993249: softirq_exit: vec=9 [action=RCU]
          <idle>-0     (-----) [001] .Ns2  3004.993253: softirq_exit: vec=1 [action=TIMER]
          <idle>-0     (-----) [001] .Ns2  3004.993255: softirq_entry: vec=7 [action=SCHED]
      tve detect-1218  ( 1218) [004] d..3  3004.993261: sched_switch: prev_comm=tve detect prev_pid=1218 prev_prio=120 prev_state=S ==> next_comm=swapper/4 next_pid=0 next_prio=120
          <idle>-0     (-----) [001] .Ns2  3004.993267: softirq_exit: vec=7 [action=SCHED]
          <idle>-0     (-----) [001] d..3  3004.993280: sched_switch: prev_comm=swapper/1 prev_pid=0 prev_prio=120 prev_state=R ==> next_comm=rcu_preempt next_pid=8 next_prio=120
     rcu_preempt-8     (    8) [001] d..3  3004.993321: sched_switch: prev_comm=rcu_preempt prev_pid=8 prev_prio=120 prev_state=S ==> next_comm=swapper/1 next_pid=0 next_prio=120
           <...>-22407 (-----) [002] d..4  3004.995435: sched_switch: prev_comm=mdev prev_pid=22407 prev_prio=120 prev_state=x ==> next_comm=swapper/2 next_pid=0 next_prio=120
          <idle>-0     (-----) [004] d.h2  3005.003038: irq_handler_entry: irq=29 name=arch_timer
          <idle>-0     (-----) [001] d.h2  3005.003040: irq_handler_entry: irq=29 name=arch_timer
          <idle>-0     (-----) [002] d.h2  3005.003040: irq_handler_entry: irq=29 name=arch_timer
          <idle>-0     (-----) [004] d.h2  3005.003044: softirq_raise: vec=1 [action=TIMER]
          <idle>-0     (-----) [004] d.h2  3005.003047: softirq_raise: vec=9 [action=RCU]
          <idle>-0     (-----) [002] d.h2  3005.003049: softirq_raise: vec=1 [action=TIMER]
          <idle>-0     (-----) [002] d.h2  3005.003053: softirq_raise: vec=9 [action=RCU]
          <idle>-0     (-----) [004] d.h2  3005.003055: irq_handler_exit: irq=29 ret=handled
          <idle>-0     (-----) [001] d.h2  3005.003056: softirq_raise: vec=1 [action=TIMER]
          <idle>-0     (-----) [004] ..s2  3005.003058: softirq_entry: vec=1 [action=TIMER]
          <idle>-0     (-----) [001] d.h2  3005.003059: softirq_raise: vec=9 [action=RCU]
          <idle>-0     (-----) [004] ..s2  3005.003061: softirq_exit: vec=1 [action=TIMER]
          <idle>-0     (-----) [002] d.h2  3005.003063: irq_handler_exit: irq=29 ret=handled
          <idle>-0     (-----) [004] ..s2  3005.003063: softirq_entry: vec=9 [action=RCU]
          <idle>-0     (-----) [001] d.h2  3005.003064: softirq_raise: vec=7 [action=SCHED]
          <idle>-0     (-----) [002] ..s2  3005.003067: softirq_entry: vec=1 [action=TIMER]
          <idle>-0     (-----) [004] ..s2  3005.003068: softirq_exit: vec=9 [action=RCU]
          <idle>-0     (-----) [001] d.h2  3005.003070: irq_handler_exit: irq=29 ret=handled
          <idle>-0     (-----) [002] ..s2  3005.003070: softirq_exit: vec=1 [action=TIMER]
          <idle>-0     (-----) [002] ..s2  3005.003072: softirq_entry: vec=9 [action=RCU]
          <idle>-0     (-----) [001] ..s2  3005.003073: softirq_entry: vec=1 [action=TIMER]
          <idle>-0     (-----) [001] ..s2  3005.003075: softirq_exit: vec=1 [action=TIMER]
          <idle>-0     (-----) [001] ..s2  3005.003077: softirq_entry: vec=7 [action=SCHED]
          <idle>-0     (-----) [001] ..s2  3005.003088: softirq_exit: vec=7 [action=SCHED]
          <idle>-0     (-----) [001] ..s2  3005.003090: softirq_entry: vec=9 [action=RCU]
          <idle>-0     (-----) [001] ..s2  3005.003096: softirq_exit: vec=9 [action=RCU]
          <idle>-0     (-----) [002] ..s2  3005.003142: softirq_exit: vec=9 [action=RCU]
          <idle>-0     (-----) [000] d.h2  3005.007208: irq_handler_entry: irq=103 name=dispaly
          <idle>-0     (-----) [000] dNh4  3005.007260: sched_wakeup: comm=vsync proc 0 pid=496 prio=120 success=1 target_cpu=000
          <idle>-0     (-----) [000] dNh2  3005.007264: softirq_raise: vec=6 [action=TASKLET]
          <idle>-0     (-----) [000] dNh2  3005.007267: irq_handler_exit: irq=103 ret=handled
          <idle>-0     (-----) [000] .Ns2  3005.007274: softirq_entry: vec=6 [action=TASKLET]
          <idle>-0     (-----) [000] .Ns2  3005.007281: softirq_exit: vec=6 [action=TASKLET]
          <idle>-0     (-----) [000] d..3  3005.007297: sched_switch: prev_comm=swapper/0 prev_pid=0 prev_prio=120 prev_state=R ==> next_comm=vsync proc 0 next_pid=496 next_prio=120
    vsync proc 0-496   (  496) [000] d..4  3005.007365: sched_wakeup: comm=kworker/u12:0 pid=22560 prio=120 success=1 target_cpu=000
    vsync proc 0-496   (  496) [000] d..3  3005.007376: sched_switch: prev_comm=vsync proc 0 prev_pid=496 prev_prio=120 prev_state=D ==> next_comm=kworker/u12:0 next_pid=22560 next_prio=120
          <idle>-0     (-----) [001] d..3  3005.007476: sched_switch: prev_comm=swapper/1 prev_pid=0 prev_prio=120 prev_state=R ==> next_comm=kworker/u12:0 next_pid=22408 next_prio=120
   kworker/u12:0-22560 (22560) [000] d..3  3005.007485: sched_switch: prev_comm=kworker/u12:0 prev_pid=22560 prev_prio=120 prev_state=D|K ==> next_comm=swapper/0 next_pid=0 next_prio=120
           <...>-22408 (-----) [001] dN.4  3005.007537: sched_wakeup: comm=migration/1 pid=11 prio=0 success=1 target_cpu=001
           <...>-22408 (-----) [001] d..3  3005.007544: sched_switch: prev_comm=kworker/u12:0 prev_pid=22408 prev_prio=120 prev_state=R+ ==> next_comm=migration/1 next_pid=11 next_prio=0
          <idle>-0     (-----) [002] d..3  3005.007564: sched_switch: prev_comm=swapper/2 prev_pid=0 prev_prio=120 prev_state=R ==> next_comm=kworker/u12:0 next_pid=22408 next_prio=120
     migration/1-11    (   11) [001] d..3  3005.007572: sched_switch: prev_comm=migration/1 prev_pid=11 prev_prio=0 prev_state=S ==> next_comm=swapper/1 next_pid=0 next_prio=120
          <idle>-0     (-----) [000] dNh3  3005.007747: sched_wakeup: comm=kworker/u12:0 pid=22560 prio=120 success=1 target_cpu=000
          <idle>-0     (-----) [000] d..3  3005.007761: sched_switch: prev_comm=swapper/0 prev_pid=0 prev_prio=120 prev_state=R ==> next_comm=kworker/u12:0 next_pid=22560 next_prio=120
   kworker/u12:0-22560 (22560) [000] d..4  3005.007773: sched_wakeup: comm=vsync proc 0 pid=496 prio=120 success=1 target_cpu=000
   kworker/u12:0-22560 (22560) [000] d..3  3005.007785: sched_switch: prev_comm=kworker/u12:0 prev_pid=22560 prev_prio=120 prev_state=S ==> next_comm=vsync proc 0 next_pid=496 next_prio=120
    vsync proc 0-496   (  496) [000] d..3  3005.007802: sched_switch: prev_comm=vsync proc 0 prev_pid=496 prev_prio=120 prev_state=S ==> next_comm=swapper/0 next_pid=0 next_prio=120
           <...>-22408 (-----) [002] d..4  3005.011748: sched_switch: prev_comm=mdev prev_pid=22408 prev_prio=120 prev_state=x ==> next_comm=swapper/2 next_pid=0 next_prio=120
          <idle>-0     (-----) [004] d.h2  3005.012878: irq_handler_entry: irq=29 name=arch_timer
          <idle>-0     (-----) [002] d.h2  3005.012881: irq_handler_entry: irq=29 name=arch_timer
          <idle>-0     (-----) [001] d.h2  3005.012881: irq_handler_entry: irq=29 name=arch_timer
          <idle>-0     (-----) [004] d.h2  3005.012884: softirq_raise: vec=1 [action=TIMER]
          <idle>-0     (-----) [004] d.h2  3005.012887: softirq_raise: vec=9 [action=RCU]
          <idle>-0     (-----) [002] d.h2  3005.012890: softirq_raise: vec=1 [action=TIMER]
          <idle>-0     (-----) [004] d.h2  3005.012893: irq_handler_exit: irq=29 ret=handled
          <idle>-0     (-----) [002] d.h2  3005.012894: softirq_raise: vec=9 [action=RCU]
          <idle>-0     (-----) [004] ..s2  3005.012896: softirq_entry: vec=1 [action=TIMER]
          <idle>-0     (-----) [001] d.h2  3005.012898: softirq_raise: vec=1 [action=TIMER]
          <idle>-0     (-----) [004] ..s2  3005.012899: softirq_exit: vec=1 [action=TIMER]
          <idle>-0     (-----) [004] ..s2  3005.012901: softirq_entry: vec=9 [action=RCU]
          <idle>-0     (-----) [004] ..s2  3005.012904: softirq_exit: vec=9 [action=RCU]
          <idle>-0     (-----) [001] d.h2  3005.012905: softirq_raise: vec=7 [action=SCHED]
          <idle>-0     (-----) [002] d.h2  3005.012907: irq_handler_exit: irq=29 ret=handled
          <idle>-0     (-----) [001] d.h2  3005.012910: irq_handler_exit: irq=29 ret=handled
          <idle>-0     (-----) [002] ..s2  3005.012910: softirq_entry: vec=1 [action=TIMER]
          <idle>-0     (-----) [001] ..s2  3005.012913: softirq_entry: vec=1 [action=TIMER]
          <idle>-0     (-----) [002] ..s2  3005.012914: softirq_exit: vec=1 [action=TIMER]
          <idle>-0     (-----) [002] ..s2  3005.012916: softirq_entry: vec=9 [action=RCU]
          <idle>-0     (-----) [001] ..s2  3005.012916: softirq_exit: vec=1 [action=TIMER]
          <idle>-0     (-----) [001] ..s2  3005.012918: softirq_entry: vec=7 [action=SCHED]
          <idle>-0     (-----) [002] ..s2  3005.012922: softirq_exit: vec=9 [action=RCU]
          <idle>-0     (-----) [001] ..s2  3005.012930: softirq_exit: vec=7 [action=SCHED]
          <idle>-0     (-----) [004] d.h2  3005.022716: irq_handler_entry: irq=29 name=arch_timer
          <idle>-0     (-----) [002] d.h2  3005.022717: irq_handler_entry: irq=29 name=arch_timer
          <idle>-0     (-----) [001] d.h2  3005.022717: irq_handler_entry: irq=29 name=arch_timer
          <idle>-0     (-----) [004] d.h2  3005.022720: softirq_raise: vec=1 [action=TIMER]
          <idle>-0     (-----) [002] d.h2  3005.022722: softirq_raise: vec=1 [action=TIMER]
          <idle>-0     (-----) [001] d.h2  3005.022725: softirq_raise: vec=1 [action=TIMER]
          <idle>-0     (-----) [004] d.h2  3005.022727: irq_handler_exit: irq=29 ret=handled
          <idle>-0     (-----) [002] d.h2  3005.022729: irq_handler_exit: irq=29 ret=handled
          <idle>-0     (-----) [001] d.h2  3005.022729: softirq_raise: vec=7 [action=SCHED]
          <idle>-0     (-----) [004] ..s2  3005.022730: softirq_entry: vec=1 [action=TIMER]
          <idle>-0     (-----) [002] ..s2  3005.022731: softirq_entry: vec=1 [action=TIMER]
          <idle>-0     (-----) [004] ..s2  3005.022732: softirq_exit: vec=1 [action=TIMER]
          <idle>-0     (-----) [001] d.h2  3005.022733: irq_handler_exit: irq=29 ret=handled
          <idle>-0     (-----) [002] ..s2  3005.022734: softirq_exit: vec=1 [action=TIMER]
          <idle>-0     (-----) [001] ..s2  3005.022735: softirq_entry: vec=1 [action=TIMER]
          <idle>-0     (-----) [001] dNs4  3005.022748: sched_wakeup: comm=rcu_preempt pid=8 prio=120 success=1 target_cpu=001
          <idle>-0     (-----) [001] .Ns2  3005.022753: softirq_exit: vec=1 [action=TIMER]
          <idle>-0     (-----) [001] .Ns2  3005.022755: softirq_entry: vec=7 [action=SCHED]
          <idle>-0     (-----) [001] .Ns2  3005.022763: softirq_exit: vec=7 [action=SCHED]
          <idle>-0     (-----) [001] d..3  3005.022772: sched_switch: prev_comm=swapper/1 prev_pid=0 prev_prio=120 prev_state=R ==> next_comm=rcu_preempt next_pid=8 next_prio=120
     rcu_preempt-8     (    8) [001] d..3  3005.022805: sched_switch: prev_comm=rcu_preempt prev_pid=8 prev_prio=120 prev_state=S ==> next_comm=swapper/1 next_pid=0 next_prio=120
          <idle>-0     (-----) [000] d.h2  3005.023610: irq_handler_entry: irq=103 name=dispaly
          <idle>-0     (-----) [000] dNh4  3005.023659: sched_wakeup: comm=vsync proc 0 pid=496 prio=120 success=1 target_cpu=000
          <idle>-0     (-----) [000] dNh2  3005.023663: softirq_raise: vec=6 [action=TASKLET]
          <idle>-0     (-----) [000] dNh2  3005.023666: irq_handler_exit: irq=103 ret=handled
          <idle>-0     (-----) [000] .Ns2  3005.023672: softirq_entry: vec=6 [action=TASKLET]
          <idle>-0     (-----) [000] .Ns2  3005.023681: softirq_exit: vec=6 [action=TASKLET]
          <idle>-0     (-----) [000] d..3  3005.023698: sched_switch: prev_comm=swapper/0 prev_pid=0 prev_prio=120 prev_state=R ==> next_comm=vsync proc 0 next_pid=496 next_prio=120
    vsync proc 0-496   (  496) [000] d..4  3005.023762: sched_wakeup: comm=kworker/u12:0 pid=22560 prio=120 success=1 target_cpu=000
    vsync proc 0-496   (  496) [000] d..3  3005.023772: sched_switch: prev_comm=vsync proc 0 prev_pid=496 prev_prio=120 prev_state=D ==> next_comm=kworker/u12:0 next_pid=22560 next_prio=120
          <idle>-0     (-----) [001] d..3  3005.023860: sched_switch: prev_comm=swapper/1 prev_pid=0 prev_prio=120 prev_state=R ==> next_comm=kworker/u12:0 next_pid=22409 next_prio=120
   kworker/u12:0-22560 (22560) [000] d..3  3005.023870: sched_switch: prev_comm=kworker/u12:0 prev_pid=22560 prev_prio=120 prev_state=D|K ==> next_comm=swapper/0 next_pid=0 next_prio=120
           <...>-22409 (-----) [001] dN.4  3005.023925: sched_wakeup: comm=migration/1 pid=11 prio=0 success=1 target_cpu=001
           <...>-22409 (-----) [001] d..3  3005.023932: sched_switch: prev_comm=kworker/u12:0 prev_pid=22409 prev_prio=120 prev_state=R+ ==> next_comm=migration/1 next_pid=11 next_prio=0
          <idle>-0     (-----) [002] d..3  3005.023952: sched_switch: prev_comm=swapper/2 prev_pid=0 prev_prio=120 prev_state=R ==> next_comm=kworker/u12:0 next_pid=22409 next_prio=120
     migration/1-11    (   11) [001] d..3  3005.023959: sched_switch: prev_comm=migration/1 prev_pid=11 prev_prio=0 prev_state=S ==> next_comm=swapper/1 next_pid=0 next_prio=120
          <idle>-0     (-----) [000] dNh3  3005.024129: sched_wakeup: comm=kworker/u12:0 pid=22560 prio=120 success=1 target_cpu=000
          <idle>-0     (-----) [000] d..3  3005.024143: sched_switch: prev_comm=swapper/0 prev_pid=0 prev_prio=120 prev_state=R ==> next_comm=kworker/u12:0 next_pid=22560 next_prio=120
   kworker/u12:0-22560 (22560) [000] d..4  3005.024154: sched_wakeup: comm=vsync proc 0 pid=496 prio=120 success=1 target_cpu=000
   kworker/u12:0-22560 (22560) [000] d..3  3005.024165: sched_switch: prev_comm=kworker/u12:0 prev_pid=22560 prev_prio=120 prev_state=S ==> next_comm=vsync proc 0 next_pid=496 next_prio=120
    vsync proc 0-496   (  496) [000] d..3  3005.024182: sched_switch: prev_comm=vsync proc 0 prev_pid=496 prev_prio=120 prev_state=S ==> next_comm=swapper/0 next_pid=0 next_prio=120
           <...>-22409 (-----) [002] d..4  3005.028092: sched_switch: prev_comm=mdev prev_pid=22409 prev_prio=120 prev_state=x ==> next_comm=swapper/2 next_pid=0 next_prio=120
          <idle>-0     (-----) [004] d.h2  3005.032557: irq_handler_entry: irq=29 name=arch_timer
          <idle>-0     (-----) [002] d.h2  3005.032561: irq_handler_entry: irq=29 name=arch_timer
          <idle>-0     (-----) [001] d.h2  3005.032561: irq_handler_entry: irq=29 name=arch_timer
          <idle>-0     (-----) [004] d.h2  3005.032563: softirq_raise: vec=1 [action=TIMER]
          <idle>-0     (-----) [004] d.h2  3005.032566: softirq_raise: vec=9 [action=RCU]
          <idle>-0     (-----) [002] d.h2  3005.032571: softirq_raise: vec=1 [action=TIMER]
          <idle>-0     (-----) [004] d.h2  3005.032573: irq_handler_exit: irq=29 ret=handled
          <idle>-0     (-----) [004] ..s2  3005.032576: softirq_entry: vec=1 [action=TIMER]
          <idle>-0     (-----) [002] d.h2  3005.032576: softirq_raise: vec=9 [action=RCU]
          <idle>-0     (-----) [001] d.h2  3005.032578: softirq_raise: vec=1 [action=TIMER]
          <idle>-0     (-----) [004] ..s2  3005.032579: softirq_exit: vec=1 [action=TIMER]
          <idle>-0     (-----) [001] d.h2  3005.032581: softirq_raise: vec=9 [action=RCU]
          <idle>-0     (-----) [004] ..s2  3005.032581: softirq_entry: vec=9 [action=RCU]
          <idle>-0     (-----) [001] d.h2  3005.032585: softirq_raise: vec=7 [action=SCHED]
          <idle>-0     (-----) [004] ..s2  3005.032587: softirq_exit: vec=9 [action=RCU]
          <idle>-0     (-----) [002] d.h2  3005.032588: irq_handler_exit: irq=29 ret=handled
          <idle>-0     (-----) [001] d.h2  3005.032591: irq_handler_exit: irq=29 ret=handled
          <idle>-0     (-----) [002] ..s2  3005.032593: softirq_entry: vec=1 [action=TIMER]
          <idle>-0     (-----) [001] ..s2  3005.032595: softirq_entry: vec=1 [action=TIMER]
          <idle>-0     (-----) [002] ..s2  3005.032597: softirq_exit: vec=1 [action=TIMER]
          <idle>-0     (-----) [001] ..s2  3005.032598: softirq_exit: vec=1 [action=TIMER]
          <idle>-0     (-----) [002] ..s2  3005.032598: softirq_entry: vec=9 [action=RCU]
          <idle>-0     (-----) [001] ..s2  3005.032599: softirq_entry: vec=7 [action=SCHED]
          <idle>-0     (-----) [001] ..s2  3005.032611: softirq_exit: vec=7 [action=SCHED]
          <idle>-0     (-----) [001] ..s2  3005.032613: softirq_entry: vec=9 [action=RCU]
          <idle>-0     (-----) [001] ..s2  3005.032620: softirq_exit: vec=9 [action=RCU]
          <idle>-0     (-----) [002] ..s2  3005.032679: softirq_exit: vec=9 [action=RCU]
          <idle>-0     (-----) [000] d.h2  3005.040013: irq_handler_entry: irq=103 name=dispaly
          <idle>-0     (-----) [000] dNh4  3005.040066: sched_wakeup: comm=vsync proc 0 pid=496 prio=120 success=1 target_cpu=000
          <idle>-0     (-----) [000] dNh2  3005.040071: softirq_raise: vec=6 [action=TASKLET]
          <idle>-0     (-----) [000] dNh2  3005.040074: irq_handler_exit: irq=103 ret=handled
          <idle>-0     (-----) [000] .Ns2  3005.040080: softirq_entry: vec=6 [action=TASKLET]
          <idle>-0     (-----) [000] .Ns2  3005.040088: softirq_exit: vec=6 [action=TASKLET]
          <idle>-0     (-----) [000] d..3  3005.040105: sched_switch: prev_comm=swapper/0 prev_pid=0 prev_prio=120 prev_state=R ==> next_comm=vsync proc 0 next_pid=496 next_prio=120
    vsync proc 0-496   (  496) [000] d..4  3005.040171: sched_wakeup: comm=kworker/u12:0 pid=22560 prio=120 success=1 target_cpu=000
    vsync proc 0-496   (  496) [000] d..3  3005.040181: sched_switch: prev_comm=vsync proc 0 prev_pid=496 prev_prio=120 prev_state=D ==> next_comm=kworker/u12:0 next_pid=22560 next_prio=120
          <idle>-0     (-----) [001] d..3  3005.040273: sched_switch: prev_comm=swapper/1 prev_pid=0 prev_prio=120 prev_state=R ==> next_comm=kworker/u12:0 next_pid=22410 next_prio=120
   kworker/u12:0-22560 (22560) [000] d..3  3005.040281: sched_switch: prev_comm=kworker/u12:0 prev_pid=22560 prev_prio=120 prev_state=D|K ==> next_comm=swapper/0 next_pid=0 next_prio=120
           <...>-22410 (-----) [001] dN.4  3005.040336: sched_wakeup: comm=migration/1 pid=11 prio=0 success=1 target_cpu=001
           <...>-22410 (-----) [001] d..3  3005.040343: sched_switch: prev_comm=kworker/u12:0 prev_pid=22410 prev_prio=120 prev_state=R+ ==> next_comm=migration/1 next_pid=11 next_prio=0
          <idle>-0     (-----) [002] d..3  3005.040363: sched_switch: prev_comm=swapper/2 prev_pid=0 prev_prio=120 prev_state=R ==> next_comm=kworker/u12:0 next_pid=22410 next_prio=120
     migration/1-11    (   11) [001] d..3  3005.040370: sched_switch: prev_comm=migration/1 prev_pid=11 prev_prio=0 prev_state=S ==> next_comm=swapper/1 next_pid=0 next_prio=120
          <idle>-0     (-----) [000] dNh3  3005.040540: sched_wakeup: comm=kworker/u12:0 pid=22560 prio=120 success=1 target_cpu=000
          <idle>-0     (-----) [000] d..3  3005.040554: sched_switch: prev_comm=swapper/0 prev_pid=0 prev_prio=120 prev_state=R ==> next_comm=kworker/u12:0 next_pid=22560 next_prio=120
   kworker/u12:0-22560 (22560) [000] d..4  3005.040567: sched_wakeup: comm=vsync proc 0 pid=496 prio=120 success=1 target_cpu=000
   kworker/u12:0-22560 (22560) [000] d..3  3005.040578: sched_switch: prev_comm=kworker/u12:0 prev_pid=22560 prev_prio=120 prev_state=S ==> next_comm=vsync proc 0 next_pid=496 next_prio=120
    vsync proc 0-496   (  496) [000] d..3  3005.040596: sched_switch: prev_comm=vsync proc 0 prev_pid=496 prev_prio=120 prev_state=S ==> next_comm=swapper/0 next_pid=0 next_prio=120
           <...>-22410 (-----) [002] d.h1  3005.042399: irq_handler_entry: irq=29 name=arch_timer
          <idle>-0     (-----) [001] d.h2  3005.042400: irq_handler_entry: irq=29 name=arch_timer
           <...>-22410 (-----) [002] d.h1  3005.042411: softirq_raise: vec=1 [action=TIMER]
           <...>-22410 (-----) [002] d.h1  3005.042415: softirq_raise: vec=9 [action=RCU]
          <idle>-0     (-----) [001] d.h2  3005.042415: softirq_raise: vec=1 [action=TIMER]
          <idle>-0     (-----) [001] d.h2  3005.042422: softirq_raise: vec=7 [action=SCHED]
          <idle>-0     (-----) [001] d.h2  3005.042430: irq_handler_exit: irq=29 ret=handled
           <...>-22410 (-----) [002] d.h1  3005.042432: irq_handler_exit: irq=29 ret=handled
          <idle>-0     (-----) [001] ..s2  3005.042433: softirq_entry: vec=1 [action=TIMER]
           <...>-22410 (-----) [002] ..s1  3005.042435: softirq_entry: vec=1 [action=TIMER]
          <idle>-0     (-----) [001] ..s2  3005.042436: softirq_exit: vec=1 [action=TIMER]
          <idle>-0     (-----) [001] ..s2  3005.042438: softirq_entry: vec=7 [action=SCHED]
           <...>-22410 (-----) [002] ..s1  3005.042438: softirq_exit: vec=1 [action=TIMER]
           <...>-22410 (-----) [002] ..s1  3005.042440: softirq_entry: vec=9 [action=RCU]
           <...>-22410 (-----) [002] ..s1  3005.042445: softirq_exit: vec=9 [action=RCU]
          <idle>-0     (-----) [001] ..s2  3005.042451: softirq_exit: vec=7 [action=SCHED]
           <...>-22410 (-----) [002] d..4  3005.044622: sched_switch: prev_comm=mdev prev_pid=22410 prev_prio=120 prev_state=x ==> next_comm=swapper/2 next_pid=0 next_prio=120
          <idle>-0     (-----) [001] d.h2  3005.052240: irq_handler_entry: irq=29 name=arch_timer
          <idle>-0     (-----) [002] d.h2  3005.052240: irq_handler_entry: irq=29 name=arch_timer
          <idle>-0     (-----) [002] d.h2  3005.052248: softirq_raise: vec=1 [action=TIMER]
          <idle>-0     (-----) [001] d.h2  3005.052252: softirq_raise: vec=1 [action=TIMER]
          <idle>-0     (-----) [001] d.h2  3005.052257: softirq_raise: vec=7 [action=SCHED]
          <idle>-0     (-----) [002] d.h2  3005.052260: irq_handler_exit: irq=29 ret=handled
          <idle>-0     (-----) [001] d.h2  3005.052262: irq_handler_exit: irq=29 ret=handled
          <idle>-0     (-----) [002] ..s2  3005.052263: softirq_entry: vec=1 [action=TIMER]
          <idle>-0     (-----) [001] ..s2  3005.052265: softirq_entry: vec=1 [action=TIMER]
          <idle>-0     (-----) [002] ..s2  3005.052267: softirq_exit: vec=1 [action=TIMER]
          <idle>-0     (-----) [001] dNs4  3005.052281: sched_wakeup: comm=rcu_preempt pid=8 prio=120 success=1 target_cpu=001
          <idle>-0     (-----) [001] .Ns2  3005.052285: softirq_exit: vec=1 [action=TIMER]
          <idle>-0     (-----) [001] .Ns2  3005.052287: softirq_entry: vec=7 [action=SCHED]
          <idle>-0     (-----) [001] .Ns2  3005.052296: softirq_exit: vec=7 [action=SCHED]
          <idle>-0     (-----) [001] d..3  3005.052305: sched_switch: prev_comm=swapper/1 prev_pid=0 prev_prio=120 prev_state=R ==> next_comm=rcu_preempt next_pid=8 next_prio=120
     rcu_preempt-8     (    8) [001] d..3  3005.052341: sched_switch: prev_comm=rcu_preempt prev_pid=8 prev_prio=120 prev_state=S ==> next_comm=swapper/1 next_pid=0 next_prio=120
          <idle>-0     (-----) [000] d.h2  3005.056414: irq_handler_entry: irq=103 name=dispaly
          <idle>-0     (-----) [000] dNh4  3005.056462: sched_wakeup: comm=vsync proc 0 pid=496 prio=120 success=1 target_cpu=000
          <idle>-0     (-----) [000] dNh2  3005.056466: softirq_raise: vec=6 [action=TASKLET]
          <idle>-0     (-----) [000] dNh2  3005.056469: irq_handler_exit: irq=103 ret=handled
          <idle>-0     (-----) [000] .Ns2  3005.056475: softirq_entry: vec=6 [action=TASKLET]
          <idle>-0     (-----) [000] .Ns2  3005.056483: softirq_exit: vec=6 [action=TASKLET]
          <idle>-0     (-----) [000] d..3  3005.056503: sched_switch: prev_comm=swapper/0 prev_pid=0 prev_prio=120 prev_state=R ==> next_comm=vsync proc 0 next_pid=496 next_prio=120
    vsync proc 0-496   (  496) [000] d..4  3005.056566: sched_wakeup: comm=kworker/u12:0 pid=22560 prio=120 success=1 target_cpu=000
    vsync proc 0-496   (  496) [000] d..3  3005.056576: sched_switch: prev_comm=vsync proc 0 prev_pid=496 prev_prio=120 prev_state=D ==> next_comm=kworker/u12:0 next_pid=22560 next_prio=120
          <idle>-0     (-----) [001] d..3  3005.056664: sched_switch: prev_comm=swapper/1 prev_pid=0 prev_prio=120 prev_state=R ==> next_comm=kworker/u12:0 next_pid=22411 next_prio=120
   kworker/u12:0-22560 (22560) [000] d..3  3005.056673: sched_switch: prev_comm=kworker/u12:0 prev_pid=22560 prev_prio=120 prev_state=D|K ==> next_comm=swapper/0 next_pid=0 next_prio=120
           <...>-22411 (-----) [001] dN.4  3005.056734: sched_wakeup: comm=migration/1 pid=11 prio=0 success=1 target_cpu=001
           <...>-22411 (-----) [001] d..3  3005.056741: sched_switch: prev_comm=kworker/u12:0 prev_pid=22411 prev_prio=120 prev_state=R+ ==> next_comm=migration/1 next_pid=11 next_prio=0
          <idle>-0     (-----) [002] d..3  3005.056761: sched_switch: prev_comm=swapper/2 prev_pid=0 prev_prio=120 prev_state=R ==> next_comm=kworker/u12:0 next_pid=22411 next_prio=120
     migration/1-11    (   11) [001] d..3  3005.056769: sched_switch: prev_comm=migration/1 prev_pid=11 prev_prio=0 prev_state=S ==> next_comm=swapper/1 next_pid=0 next_prio=120
          <idle>-0     (-----) [000] dNh3  3005.056934: sched_wakeup: comm=kworker/u12:0 pid=22560 prio=120 success=1 target_cpu=000
          <idle>-0     (-----) [000] d..3  3005.056947: sched_switch: prev_comm=swapper/0 prev_pid=0 prev_prio=120 prev_state=R ==> next_comm=kworker/u12:0 next_pid=22560 next_prio=120
   kworker/u12:0-22560 (22560) [000] d..4  3005.056959: sched_wakeup: comm=vsync proc 0 pid=496 prio=120 success=1 target_cpu=000
   kworker/u12:0-22560 (22560) [000] d..3  3005.056971: sched_switch: prev_comm=kworker/u12:0 prev_pid=22560 prev_prio=120 prev_state=S ==> next_comm=vsync proc 0 next_pid=496 next_prio=120
    vsync proc 0-496   (  496) [000] d..3  3005.056988: sched_switch: prev_comm=vsync proc 0 prev_pid=496 prev_prio=120 prev_state=S ==> next_comm=swapper/0 next_pid=0 next_prio=120
           <...>-22411 (-----) [002] d..4  3005.060915: sched_switch: prev_comm=mdev prev_pid=22411 prev_prio=120 prev_state=x ==> next_comm=swapper/2 next_pid=0 next_prio=120
          <idle>-0     (-----) [002] d.h2  3005.062081: irq_handler_entry: irq=29 name=arch_timer
          <idle>-0     (-----) [001] d.h2  3005.062081: irq_handler_entry: irq=29 name=arch_timer
          <idle>-0     (-----) [002] d.h2  3005.062091: softirq_raise: vec=1 [action=TIMER]
          <idle>-0     (-----) [002] d.h2  3005.062095: softirq_raise: vec=9 [action=RCU]
          <idle>-0     (-----) [001] d.h2  3005.062097: softirq_raise: vec=1 [action=TIMER]
          <idle>-0     (-----) [001] d.h2  3005.062100: softirq_raise: vec=9 [action=RCU]
          <idle>-0     (-----) [001] d.h2  3005.062105: softirq_raise: vec=7 [action=SCHED]
          <idle>-0     (-----) [002] d.h2  3005.062107: irq_handler_exit: irq=29 ret=handled
          <idle>-0     (-----) [001] d.h2  3005.062110: irq_handler_exit: irq=29 ret=handled
          <idle>-0     (-----) [002] ..s2  3005.062111: softirq_entry: vec=1 [action=TIMER]
          <idle>-0     (-----) [002] ..s2  3005.062114: softirq_exit: vec=1 [action=TIMER]
          <idle>-0     (-----) [002] ..s2  3005.062116: softirq_entry: vec=9 [action=RCU]
          <idle>-0     (-----) [001] ..s2  3005.062117: softirq_entry: vec=1 [action=TIMER]
          <idle>-0     (-----) [001] ..s2  3005.062121: softirq_exit: vec=1 [action=TIMER]
          <idle>-0     (-----) [001] ..s2  3005.062123: softirq_entry: vec=7 [action=SCHED]
          <idle>-0     (-----) [001] ..s2  3005.062133: softirq_exit: vec=7 [action=SCHED]
          <idle>-0     (-----) [001] ..s2  3005.062135: softirq_entry: vec=9 [action=RCU]
          <idle>-0     (-----) [001] ..s2  3005.062142: softirq_exit: vec=9 [action=RCU]
          <idle>-0     (-----) [002] ..s2  3005.062178: softirq_exit: vec=9 [action=RCU]
          <idle>-0     (-----) [001] d.h2  3005.071917: irq_handler_entry: irq=29 name=arch_timer
          <idle>-0     (-----) [002] d.h2  3005.071917: irq_handler_entry: irq=29 name=arch_timer
          <idle>-0     (-----) [002] d.h2  3005.071922: softirq_raise: vec=1 [action=TIMER]
          <idle>-0     (-----) [001] d.h2  3005.071924: softirq_raise: vec=1 [action=TIMER]
          <idle>-0     (-----) [002] d.h2  3005.071925: softirq_raise: vec=9 [action=RCU]
          <idle>-0     (-----) [001] d.h2  3005.071928: softirq_raise: vec=7 [action=SCHED]
          <idle>-0     (-----) [002] d.h2  3005.071931: irq_handler_exit: irq=29 ret=handled
          <idle>-0     (-----) [001] d.h2  3005.071932: irq_handler_exit: irq=29 ret=handled
          <idle>-0     (-----) [002] ..s2  3005.071933: softirq_entry: vec=1 [action=TIMER]
          <idle>-0     (-----) [001] ..s2  3005.071934: softirq_entry: vec=1 [action=TIMER]
          <idle>-0     (-----) [002] ..s2  3005.071936: softirq_exit: vec=1 [action=TIMER]
          <idle>-0     (-----) [001] ..s2  3005.071937: softirq_exit: vec=1 [action=TIMER]
          <idle>-0     (-----) [002] ..s2  3005.071937: softirq_entry: vec=9 [action=RCU]
          <idle>-0     (-----) [001] ..s2  3005.071938: softirq_entry: vec=7 [action=SCHED]
          <idle>-0     (-----) [002] ..s2  3005.071940: softirq_exit: vec=9 [action=RCU]
          <idle>-0     (-----) [001] ..s2  3005.071947: softirq_exit: vec=7 [action=SCHED]
          <idle>-0     (-----) [000] d.h2  3005.072816: irq_handler_entry: irq=103 name=dispaly
          <idle>-0     (-----) [000] dNh4  3005.072870: sched_wakeup: comm=vsync proc 0 pid=496 prio=120 success=1 target_cpu=000
          <idle>-0     (-----) [000] dNh2  3005.072874: softirq_raise: vec=6 [action=TASKLET]
          <idle>-0     (-----) [000] dNh2  3005.072877: irq_handler_exit: irq=103 ret=handled
          <idle>-0     (-----) [000] .Ns2  3005.072883: softirq_entry: vec=6 [action=TASKLET]
          <idle>-0     (-----) [000] .Ns2  3005.072891: softirq_exit: vec=6 [action=TASKLET]
          <idle>-0     (-----) [000] d..3  3005.072907: sched_switch: prev_comm=swapper/0 prev_pid=0 prev_prio=120 prev_state=R ==> next_comm=vsync proc 0 next_pid=496 next_prio=120
    vsync proc 0-496   (  496) [000] d..4  3005.072970: sched_wakeup: comm=kworker/u12:0 pid=22560 prio=120 success=1 target_cpu=000
    vsync proc 0-496   (  496) [000] d..3  3005.072981: sched_switch: prev_comm=vsync proc 0 prev_pid=496 prev_prio=120 prev_state=D ==> next_comm=kworker/u12:0 next_pid=22560 next_prio=120
          <idle>-0     (-----) [001] d..3  3005.073069: sched_switch: prev_comm=swapper/1 prev_pid=0 prev_prio=120 prev_state=R ==> next_comm=kworker/u12:0 next_pid=22412 next_prio=120
   kworker/u12:0-22560 (22560) [000] d..3  3005.073076: sched_switch: prev_comm=kworker/u12:0 prev_pid=22560 prev_prio=120 prev_state=D|K ==> next_comm=swapper/0 next_pid=0 next_prio=120
           <...>-22412 (-----) [001] dN.4  3005.073130: sched_wakeup: comm=migration/1 pid=11 prio=0 success=1 target_cpu=001
           <...>-22412 (-----) [001] d..3  3005.073137: sched_switch: prev_comm=kworker/u12:0 prev_pid=22412 prev_prio=120 prev_state=R+ ==> next_comm=migration/1 next_pid=11 next_prio=0
